Archive member included to satisfy reference by file (symbol)

k:/sofdwares/stm32/stm32cubeide_1.10.1/stm32cubeide/plugins/com.st.stm32cube.ide.mcu.externaltools.gnu-tools-for-stm32.10.3-2021.10.win32_1.0.0.202111181127/tools/bin/../lib/gcc/arm-none-eabi/10.3.1/../../../../arm-none-eabi/lib/thumb/v7e-m+fp/hard\libc_nano.a(lib_a-errno.o)
                              ./Core/Src/syscalls.o (__errno)
k:/sofdwares/stm32/stm32cubeide_1.10.1/stm32cubeide/plugins/com.st.stm32cube.ide.mcu.externaltools.gnu-tools-for-stm32.10.3-2021.10.win32_1.0.0.202111181127/tools/bin/../lib/gcc/arm-none-eabi/10.3.1/../../../../arm-none-eabi/lib/thumb/v7e-m+fp/hard\libc_nano.a(lib_a-exit.o)
                              k:/sofdwares/stm32/stm32cubeide_1.10.1/stm32cubeide/plugins/com.st.stm32cube.ide.mcu.externaltools.gnu-tools-for-stm32.10.3-2021.10.win32_1.0.0.202111181127/tools/bin/../lib/gcc/arm-none-eabi/10.3.1/../../../../arm-none-eabi/lib/thumb/v7e-m+fp/hard/crt0.o (exit)
k:/sofdwares/stm32/stm32cubeide_1.10.1/stm32cubeide/plugins/com.st.stm32cube.ide.mcu.externaltools.gnu-tools-for-stm32.10.3-2021.10.win32_1.0.0.202111181127/tools/bin/../lib/gcc/arm-none-eabi/10.3.1/../../../../arm-none-eabi/lib/thumb/v7e-m+fp/hard\libc_nano.a(lib_a-impure.o)
                              k:/sofdwares/stm32/stm32cubeide_1.10.1/stm32cubeide/plugins/com.st.stm32cube.ide.mcu.externaltools.gnu-tools-for-stm32.10.3-2021.10.win32_1.0.0.202111181127/tools/bin/../lib/gcc/arm-none-eabi/10.3.1/../../../../arm-none-eabi/lib/thumb/v7e-m+fp/hard\libc_nano.a(lib_a-exit.o) (_global_impure_ptr)
k:/sofdwares/stm32/stm32cubeide_1.10.1/stm32cubeide/plugins/com.st.stm32cube.ide.mcu.externaltools.gnu-tools-for-stm32.10.3-2021.10.win32_1.0.0.202111181127/tools/bin/../lib/gcc/arm-none-eabi/10.3.1/../../../../arm-none-eabi/lib/thumb/v7e-m+fp/hard\libc_nano.a(lib_a-init.o)
                              k:/sofdwares/stm32/stm32cubeide_1.10.1/stm32cubeide/plugins/com.st.stm32cube.ide.mcu.externaltools.gnu-tools-for-stm32.10.3-2021.10.win32_1.0.0.202111181127/tools/bin/../lib/gcc/arm-none-eabi/10.3.1/../../../../arm-none-eabi/lib/thumb/v7e-m+fp/hard/crt0.o (__libc_init_array)
k:/sofdwares/stm32/stm32cubeide_1.10.1/stm32cubeide/plugins/com.st.stm32cube.ide.mcu.externaltools.gnu-tools-for-stm32.10.3-2021.10.win32_1.0.0.202111181127/tools/bin/../lib/gcc/arm-none-eabi/10.3.1/../../../../arm-none-eabi/lib/thumb/v7e-m+fp/hard\libc_nano.a(lib_a-memset.o)
                              k:/sofdwares/stm32/stm32cubeide_1.10.1/stm32cubeide/plugins/com.st.stm32cube.ide.mcu.externaltools.gnu-tools-for-stm32.10.3-2021.10.win32_1.0.0.202111181127/tools/bin/../lib/gcc/arm-none-eabi/10.3.1/../../../../arm-none-eabi/lib/thumb/v7e-m+fp/hard/crt0.o (memset)
k:/sofdwares/stm32/stm32cubeide_1.10.1/stm32cubeide/plugins/com.st.stm32cube.ide.mcu.externaltools.gnu-tools-for-stm32.10.3-2021.10.win32_1.0.0.202111181127/tools/bin/../lib/gcc/arm-none-eabi/10.3.1/../../../../arm-none-eabi/lib/thumb/v7e-m+fp/hard\libc_nano.a(lib_a-strncmp.o)
                              ./Core/Src/main.o (strncmp)
k:/sofdwares/stm32/stm32cubeide_1.10.1/stm32cubeide/plugins/com.st.stm32cube.ide.mcu.externaltools.gnu-tools-for-stm32.10.3-2021.10.win32_1.0.0.202111181127/tools/bin/../lib/gcc/arm-none-eabi/10.3.1/thumb/v7e-m+fp/hard\libgcc.a(_aeabi_uldivmod.o)
                              ./Drivers/STM32F4xx_HAL_Driver/stm32f4xx_hal_rcc.o (__aeabi_uldivmod)
k:/sofdwares/stm32/stm32cubeide_1.10.1/stm32cubeide/plugins/com.st.stm32cube.ide.mcu.externaltools.gnu-tools-for-stm32.10.3-2021.10.win32_1.0.0.202111181127/tools/bin/../lib/gcc/arm-none-eabi/10.3.1/thumb/v7e-m+fp/hard\libgcc.a(_udivmoddi4.o)
                              k:/sofdwares/stm32/stm32cubeide_1.10.1/stm32cubeide/plugins/com.st.stm32cube.ide.mcu.externaltools.gnu-tools-for-stm32.10.3-2021.10.win32_1.0.0.202111181127/tools/bin/../lib/gcc/arm-none-eabi/10.3.1/thumb/v7e-m+fp/hard\libgcc.a(_aeabi_uldivmod.o) (__udivmoddi4)
k:/sofdwares/stm32/stm32cubeide_1.10.1/stm32cubeide/plugins/com.st.stm32cube.ide.mcu.externaltools.gnu-tools-for-stm32.10.3-2021.10.win32_1.0.0.202111181127/tools/bin/../lib/gcc/arm-none-eabi/10.3.1/thumb/v7e-m+fp/hard\libgcc.a(_dvmd_tls.o)
                              k:/sofdwares/stm32/stm32cubeide_1.10.1/stm32cubeide/plugins/com.st.stm32cube.ide.mcu.externaltools.gnu-tools-for-stm32.10.3-2021.10.win32_1.0.0.202111181127/tools/bin/../lib/gcc/arm-none-eabi/10.3.1/thumb/v7e-m+fp/hard\libgcc.a(_aeabi_uldivmod.o) (__aeabi_ldiv0)

Discarded input sections

 .text          0x0000000000000000        0x0 k:/sofdwares/stm32/stm32cubeide_1.10.1/stm32cubeide/plugins/com.st.stm32cube.ide.mcu.externaltools.gnu-tools-for-stm32.10.3-2021.10.win32_1.0.0.202111181127/tools/bin/../lib/gcc/arm-none-eabi/10.3.1/thumb/v7e-m+fp/hard/crti.o
[...]
Memory Configuration

Name             Origin             Length             Attributes
CCMRAM           0x0000000010000000 0x0000000000010000 xrw
RAM              0x0000000020000000 0x0000000000030000 xrw
FLASH            0x0000000008000000 0x0000000000200000 xr
*default*        0x0000000000000000 0xffffffffffffffff

Linker script and memory map

LOAD k:/sofdwares/stm32/stm32cubeide_1.10.1/stm32cubeide/plugins/com.st.stm32cube.ide.mcu.externaltools.gnu-tools-for-stm32.10.3-2021.10.win32_1.0.0.202111181127/tools/bin/../lib/gcc/arm-none-eabi/10.3.1/thumb/v7e-m+fp/hard/crti.o
LOAD k:/sofdwares/stm32/stm32cubeide_1.10.1/stm32cubeide/plugins/com.st.stm32cube.ide.mcu.externaltools.gnu-tools-for-stm32.10.3-2021.10.win32_1.0.0.202111181127/tools/bin/../lib/gcc/arm-none-eabi/10.3.1/thumb/v7e-m+fp/hard/crtbegin.o
LOAD k:/sofdwares/stm32/stm32cubeide_1.10.1/stm32cubeide/plugins/com.st.stm32cube.ide.mcu.externaltools.gnu-tools-for-stm32.10.3-2021.10.win32_1.0.0.202111181127/tools/bin/../lib/gcc/arm-none-eabi/10.3.1/../../../../arm-none-eabi/lib/thumb/v7e-m+fp/hard/crt0.o
LOAD ./Core/Src/main.o
LOAD ./Core/Src/stm32f4xx_hal_msp.o
LOAD ./Core/Src/stm32f4xx_it.o
LOAD ./Core/Src/syscalls.o
LOAD ./Core/Src/sysmem.o
LOAD ./Core/Src/system_stm32f4xx.o
LOAD ./Core/Startup/startup_stm32f429zitx.o
LOAD ./Drivers/BSP/Components/cs43l22/cs43l22.o
LOAD ./Drivers/BSP/Components/dp83848/dp83848.o
LOAD ./Drivers/BSP/Components/exc7200/exc7200.o
LOAD ./Drivers/BSP/Components/ft3x67/ft3x67.o
LOAD ./Drivers/BSP/Components/ft6x06/ft6x06.o
LOAD ./Drivers/BSP/Components/i3g4250d/i3g4250d.o
LOAD ./Drivers/BSP/Components/ili9325/ili9325.o
LOAD ./Drivers/BSP/Components/ili9341/ili9341.o
LOAD ./Drivers/BSP/Components/l3gd20/l3gd20.o
LOAD ./Drivers/BSP/Components/lan8742/lan8742.o
LOAD ./Drivers/BSP/Components/lis302dl/lis302dl.o
LOAD ./Drivers/BSP/Components/lis3dsh/lis3dsh.o
LOAD ./Drivers/BSP/Components/ls016b8uy/ls016b8uy.o
LOAD ./Drivers/BSP/Components/lsm303agr/lsm303agr.o
LOAD ./Drivers/BSP/Components/lsm303dlhc/lsm303dlhc.o
LOAD ./Drivers/BSP/Components/mfxstm32l152/mfxstm32l152.o
LOAD ./Drivers/BSP/Components/nt35510/nt35510.o
LOAD ./Drivers/BSP/Components/otm8009a/otm8009a.o
LOAD ./Drivers/BSP/Components/ov2640/ov2640.o
LOAD ./Drivers/BSP/Components/ov5640/ov5640.o
LOAD ./Drivers/BSP/Components/s5k5cag/s5k5cag.o
LOAD ./Drivers/BSP/Components/st7735/st7735.o
LOAD ./Drivers/BSP/Components/st7789h2/st7789h2.o
LOAD ./Drivers/BSP/Components/stmpe1600/stmpe1600.o
LOAD ./Drivers/BSP/Components/stmpe811/stmpe811.o
LOAD ./Drivers/BSP/Components/ts3510/ts3510.o
LOAD ./Drivers/BSP/Components/wm8994/wm8994.o
LOAD ./Drivers/BSP/STM32F429I-Discovery/stm32f429i_discovery.o
LOAD ./Drivers/BSP/STM32F429I-Discovery/stm32f429i_discovery_eeprom.o
LOAD ./Drivers/BSP/STM32F429I-Discovery/stm32f429i_discovery_gyroscope.o
LOAD ./Drivers/BSP/STM32F429I-Discovery/stm32f429i_discovery_io.o
LOAD ./Drivers/BSP/STM32F429I-Discovery/stm32f429i_discovery_lcd.o
LOAD ./Drivers/BSP/STM32F429I-Discovery/stm32f429i_discovery_sdram.o
LOAD ./Drivers/BSP/STM32F429I-Discovery/stm32f429i_discovery_ts.o
LOAD ./Drivers/STM32F4xx_HAL_Driver/stm32f4xx_hal.o
LOAD ./Drivers/STM32F4xx_HAL_Driver/stm32f4xx_hal_cortex.o
LOAD ./Drivers/STM32F4xx_HAL_Driver/stm32f4xx_hal_dma.o
LOAD ./Drivers/STM32F4xx_HAL_Driver/stm32f4xx_hal_dma2d.o
LOAD ./Drivers/STM32F4xx_HAL_Driver/stm32f4xx_hal_dma_ex.o
LOAD ./Drivers/STM32F4xx_HAL_Driver/stm32f4xx_hal_exti.o
LOAD ./Drivers/STM32F4xx_HAL_Driver/stm32f4xx_hal_flash.o
LOAD ./Drivers/STM32F4xx_HAL_Driver/stm32f4xx_hal_flash_ex.o
LOAD ./Drivers/STM32F4xx_HAL_Driver/stm32f4xx_hal_flash_ramfunc.o
LOAD ./Drivers/STM32F4xx_HAL_Driver/stm32f4xx_hal_gpio.o
LOAD ./Drivers/STM32F4xx_HAL_Driver/stm32f4xx_hal_i2c.o
LOAD ./Drivers/STM32F4xx_HAL_Driver/stm32f4xx_hal_ltdc.o
LOAD ./Drivers/STM32F4xx_HAL_Driver/stm32f4xx_hal_pcd.o
LOAD ./Drivers/STM32F4xx_HAL_Driver/stm32f4xx_hal_pcd_ex.o
LOAD ./Drivers/STM32F4xx_HAL_Driver/stm32f4xx_hal_pwr.o
LOAD ./Drivers/STM32F4xx_HAL_Driver/stm32f4xx_hal_pwr_ex.o
LOAD ./Drivers/STM32F4xx_HAL_Driver/stm32f4xx_hal_rcc.o
LOAD ./Drivers/STM32F4xx_HAL_Driver/stm32f4xx_hal_rcc_ex.o
LOAD ./Drivers/STM32F4xx_HAL_Driver/stm32f4xx_hal_sdram.o
LOAD ./Drivers/STM32F4xx_HAL_Driver/stm32f4xx_hal_spi.o
LOAD ./Drivers/STM32F4xx_HAL_Driver/stm32f4xx_hal_tim.o
LOAD ./Drivers/STM32F4xx_HAL_Driver/stm32f4xx_hal_tim_ex.o
LOAD ./Drivers/STM32F4xx_HAL_Driver/stm32f4xx_ll_fmc.o
LOAD ./Drivers/STM32F4xx_HAL_Driver/stm32f4xx_ll_usb.o
LOAD ./Middlewares/USB_Device_Library/usbd_cdc.o
LOAD ./Middlewares/USB_Device_Library/usbd_core.o
LOAD ./Middlewares/USB_Device_Library/usbd_ctlreq.o
LOAD ./Middlewares/USB_Device_Library/usbd_ioreq.o
LOAD ./USB_DEVICE/App/usb_device.o
LOAD ./USB_DEVICE/App/usbd_cdc_if.o
LOAD ./USB_DEVICE/App/usbd_desc.o
LOAD ./USB_DEVICE/Target/usbd_conf.o
START GROUP
LOAD k:/sofdwares/stm32/stm32cubeide_1.10.1/stm32cubeide/plugins/com.st.stm32cube.ide.mcu.externaltools.gnu-tools-for-stm32.10.3-2021.10.win32_1.0.0.202111181127/tools/bin/../lib/gcc/arm-none-eabi/10.3.1/../../../../arm-none-eabi/lib/thumb/v7e-m+fp/hard\libc_nano.a
LOAD k:/sofdwares/stm32/stm32cubeide_1.10.1/stm32cubeide/plugins/com.st.stm32cube.ide.mcu.externaltools.gnu-tools-for-stm32.10.3-2021.10.win32_1.0.0.202111181127/tools/bin/../lib/gcc/arm-none-eabi/10.3.1/../../../../arm-none-eabi/lib/thumb/v7e-m+fp/hard\libm.a
END GROUP
START GROUP
LOAD k:/sofdwares/stm32/stm32cubeide_1.10.1/stm32cubeide/plugins/com.st.stm32cube.ide.mcu.externaltools.gnu-tools-for-stm32.10.3-2021.10.win32_1.0.0.202111181127/tools/bin/../lib/gcc/arm-none-eabi/10.3.1/thumb/v7e-m+fp/hard\libgcc.a
LOAD k:/sofdwares/stm32/stm32cubeide_1.10.1/stm32cubeide/plugins/com.st.stm32cube.ide.mcu.externaltools.gnu-tools-for-stm32.10.3-2021.10.win32_1.0.0.202111181127/tools/bin/../lib/gcc/arm-none-eabi/10.3.1/../../../../arm-none-eabi/lib/thumb/v7e-m+fp/hard\libc_nano.a
END GROUP
START GROUP
LOAD k:/sofdwares/stm32/stm32cubeide_1.10.1/stm32cubeide/plugins/com.st.stm32cube.ide.mcu.externaltools.gnu-tools-for-stm32.10.3-2021.10.win32_1.0.0.202111181127/tools/bin/../lib/gcc/arm-none-eabi/10.3.1/thumb/v7e-m+fp/hard\libgcc.a
LOAD k:/sofdwares/stm32/stm32cubeide_1.10.1/stm32cubeide/plugins/com.st.stm32cube.ide.mcu.externaltools.gnu-tools-for-stm32.10.3-2021.10.win32_1.0.0.202111181127/tools/bin/../lib/gcc/arm-none-eabi/10.3.1/../../../../arm-none-eabi/lib/thumb/v7e-m+fp/hard\libc_nano.a
LOAD k:/sofdwares/stm32/stm32cubeide_1.10.1/stm32cubeide/plugins/com.st.stm32cube.ide.mcu.externaltools.gnu-tools-for-stm32.10.3-2021.10.win32_1.0.0.202111181127/tools/bin/../lib/gcc/arm-none-eabi/10.3.1/../../../../arm-none-eabi/lib/thumb/v7e-m+fp/hard\libnosys.a
END GROUP
START GROUP
LOAD k:/sofdwares/stm32/stm32cubeide_1.10.1/stm32cubeide/plugins/com.st.stm32cube.ide.mcu.externaltools.gnu-tools-for-stm32.10.3-2021.10.win32_1.0.0.202111181127/tools/bin/../lib/gcc/arm-none-eabi/10.3.1/thumb/v7e-m+fp/hard\libgcc.a
LOAD k:/sofdwares/stm32/stm32cubeide_1.10.1/stm32cubeide/plugins/com.st.stm32cube.ide.mcu.externaltools.gnu-tools-for-stm32.10.3-2021.10.win32_1.0.0.202111181127/tools/bin/../lib/gcc/arm-none-eabi/10.3.1/../../../../arm-none-eabi/lib/thumb/v7e-m+fp/hard\libc_nano.a
LOAD k:/sofdwares/stm32/stm32cubeide_1.10.1/stm32cubeide/plugins/com.st.stm32cube.ide.mcu.externaltools.gnu-tools-for-stm32.10.3-2021.10.win32_1.0.0.202111181127/tools/bin/../lib/gcc/arm-none-eabi/10.3.1/../../../../arm-none-eabi/lib/thumb/v7e-m+fp/hard\libnosys.a
END GROUP
LOAD k:/sofdwares/stm32/stm32cubeide_1.10.1/stm32cubeide/plugins/com.st.stm32cube.ide.mcu.externaltools.gnu-tools-for-stm32.10.3-2021.10.win32_1.0.0.202111181127/tools/bin/../lib/gcc/arm-none-eabi/10.3.1/thumb/v7e-m+fp/hard/crtend.o
LOAD k:/sofdwares/stm32/stm32cubeide_1.10.1/stm32cubeide/plugins/com.st.stm32cube.ide.mcu.externaltools.gnu-tools-for-stm32.10.3-2021.10.win32_1.0.0.202111181127/tools/bin/../lib/gcc/arm-none-eabi/10.3.1/thumb/v7e-m+fp/hard/crtn.o
                0x0000000020030000                _estack = (ORIGIN (RAM) + LENGTH (RAM))
                0x0000000000002000                _Min_Heap_Size = 0x2000
                0x0000000000000400                _Min_Stack_Size = 0x400

.isr_vector     0x0000000008000000      0x1ac
                0x0000000008000000                . = ALIGN (0x4)
 *(.isr_vector)
 .isr_vector    0x0000000008000000      0x1ac ./Core/Startup/startup_stm32f429zitx.o
                0x0000000008000000                g_pfnVectors
                0x00000000080001ac                . = ALIGN (0x4)

.text           0x00000000080001ac     0xa364
                0x00000000080001ac                . = ALIGN (0x4)
 *(.text)
 .text          0x00000000080001ac       0x40 k:/sofdwares/stm32/stm32cubeide_1.10.1/stm32cubeide/plugins/com.st.stm32cube.ide.mcu.externaltools.gnu-tools-for-stm32.10.3-2021.10.win32_1.0.0.202111181127/tools/bin/../lib/gcc/arm-none-eabi/10.3.1/thumb/v7e-m+fp/hard/crtbegin.o
 .text          0x00000000080001ec       0x30 k:/sofdwares/stm32/stm32cubeide_1.10.1/stm32cubeide/plugins/com.st.stm32cube.ide.mcu.externaltools.gnu-tools-for-stm32.10.3-2021.10.win32_1.0.0.202111181127/tools/bin/../lib/gcc/arm-none-eabi/10.3.1/thumb/v7e-m+fp/hard\libgcc.a(_aeabi_uldivmod.o)
                0x00000000080001ec                __aeabi_uldivmod
 .text          0x000000000800021c      0x2d0 k:/sofdwares/stm32/stm32cubeide_1.10.1/stm32cubeide/plugins/com.st.stm32cube.ide.mcu.externaltools.gnu-tools-for-stm32.10.3-2021.10.win32_1.0.0.202111181127/tools/bin/../lib/gcc/arm-none-eabi/10.3.1/thumb/v7e-m+fp/hard\libgcc.a(_udivmoddi4.o)
                0x000000000800021c                __udivmoddi4
 .text          0x00000000080004ec        0x4 k:/sofdwares/stm32/stm32cubeide_1.10.1/stm32cubeide/plugins/com.st.stm32cube.ide.mcu.externaltools.gnu-tools-for-stm32.10.3-2021.10.win32_1.0.0.202111181127/tools/bin/../lib/gcc/arm-none-eabi/10.3.1/thumb/v7e-m+fp/hard\libgcc.a(_dvmd_tls.o)
                0x00000000080004ec                __aeabi_idiv0
                0x00000000080004ec                __aeabi_ldiv0
 *(.text*)
 .text.main     0x00000000080004f0      0x16c ./Core/Src/main.o
                0x00000000080004f0                main
 .text.SystemClock_Config
                0x000000000800065c       0xd4 ./Core/Src/main.o
                0x000000000800065c                SystemClock_Config
 .text.MX_GPIO_Init
                0x0000000008000730       0xc0 ./Core/Src/main.o
 .text.Error_Handler
                0x00000000080007f0        0xa ./Core/Src/main.o
                0x00000000080007f0                Error_Handler
 *fill*         0x00000000080007fa        0x2 
 .text.HAL_MspInit
                0x00000000080007fc       0x50 ./Core/Src/stm32f4xx_hal_msp.o
                0x00000000080007fc                HAL_MspInit
 .text.NMI_Handler
                0x000000000800084c        0x6 ./Core/Src/stm32f4xx_it.o
                0x000000000800084c                NMI_Handler
 .text.HardFault_Handler
                0x0000000008000852        0x6 ./Core/Src/stm32f4xx_it.o
                0x0000000008000852                HardFault_Handler
 .text.MemManage_Handler
                0x0000000008000858        0x6 ./Core/Src/stm32f4xx_it.o
                0x0000000008000858                MemManage_Handler
 .text.BusFault_Handler
                0x000000000800085e        0x6 ./Core/Src/stm32f4xx_it.o
                0x000000000800085e                BusFault_Handler
 .text.UsageFault_Handler
                0x0000000008000864        0x6 ./Core/Src/stm32f4xx_it.o
                0x0000000008000864                UsageFault_Handler
 .text.SVC_Handler
                0x000000000800086a        0xe ./Core/Src/stm32f4xx_it.o
                0x000000000800086a                SVC_Handler
 .text.DebugMon_Handler
                0x0000000008000878        0xe ./Core/Src/stm32f4xx_it.o
                0x0000000008000878                DebugMon_Handler
 .text.PendSV_Handler
                0x0000000008000886        0xe ./Core/Src/stm32f4xx_it.o
                0x0000000008000886                PendSV_Handler
 .text.SysTick_Handler
                0x0000000008000894        0xc ./Core/Src/stm32f4xx_it.o
                0x0000000008000894                SysTick_Handler
 .text.OTG_HS_IRQHandler
                0x00000000080008a0       0x14 ./Core/Src/stm32f4xx_it.o
                0x00000000080008a0                OTG_HS_IRQHandler
 .text.SystemInit
                0x00000000080008b4       0x24 ./Core/Src/system_stm32f4xx.o
                0x00000000080008b4                SystemInit
 .text.Reset_Handler
                0x00000000080008d8       0x50 ./Core/Startup/startup_stm32f429zitx.o
                0x00000000080008d8                Reset_Handler
 .text.Default_Handler
                0x0000000008000928        0x2 ./Core/Startup/startup_stm32f429zitx.o
                0x0000000008000928                RTC_Alarm_IRQHandler
                0x0000000008000928                HASH_RNG_IRQHandler
                0x0000000008000928                EXTI2_IRQHandler
                0x0000000008000928                TIM8_CC_IRQHandler
                0x0000000008000928                UART8_IRQHandler
                0x0000000008000928                SPI4_IRQHandler
                0x0000000008000928                TIM1_CC_IRQHandler
                0x0000000008000928                DMA2_Stream5_IRQHandler
                0x0000000008000928                DMA1_Stream5_IRQHandler
                0x0000000008000928                PVD_IRQHandler
                0x0000000008000928                SDIO_IRQHandler
                0x0000000008000928                TAMP_STAMP_IRQHandler
                0x0000000008000928                CAN2_RX1_IRQHandler
                0x0000000008000928                EXTI3_IRQHandler
                0x0000000008000928                TIM8_TRG_COM_TIM14_IRQHandler
                0x0000000008000928                TIM1_UP_TIM10_IRQHandler
                0x0000000008000928                TIM8_UP_TIM13_IRQHandler
                0x0000000008000928                I2C3_ER_IRQHandler
                0x0000000008000928                EXTI0_IRQHandler
                0x0000000008000928                I2C2_EV_IRQHandler
                0x0000000008000928                DMA1_Stream2_IRQHandler
                0x0000000008000928                CAN1_RX0_IRQHandler
                0x0000000008000928                FPU_IRQHandler
                0x0000000008000928                OTG_HS_WKUP_IRQHandler
                0x0000000008000928                LTDC_ER_IRQHandler
                0x0000000008000928                CAN2_SCE_IRQHandler
                0x0000000008000928                DMA2_Stream2_IRQHandler
                0x0000000008000928                SPI1_IRQHandler
                0x0000000008000928                TIM6_DAC_IRQHandler
                0x0000000008000928                TIM1_BRK_TIM9_IRQHandler
                0x0000000008000928                DCMI_IRQHandler
                0x0000000008000928                CAN2_RX0_IRQHandler
                0x0000000008000928                DMA2_Stream3_IRQHandler
                0x0000000008000928                USART6_IRQHandler
                0x0000000008000928                USART3_IRQHandler
                0x0000000008000928                CAN1_RX1_IRQHandler
                0x0000000008000928                UART5_IRQHandler
                0x0000000008000928                DMA2_Stream0_IRQHandler
                0x0000000008000928                TIM4_IRQHandler
                0x0000000008000928                I2C1_EV_IRQHandler
                0x0000000008000928                DMA1_Stream6_IRQHandler
                0x0000000008000928                DMA1_Stream1_IRQHandler
                0x0000000008000928                UART4_IRQHandler
                0x0000000008000928                TIM3_IRQHandler
                0x0000000008000928                RCC_IRQHandler
                0x0000000008000928                TIM8_BRK_TIM12_IRQHandler
                0x0000000008000928                Default_Handler
                0x0000000008000928                EXTI15_10_IRQHandler
                0x0000000008000928                ADC_IRQHandler
                0x0000000008000928                DMA1_Stream7_IRQHandler
                0x0000000008000928                SPI5_IRQHandler
                0x0000000008000928                TIM7_IRQHandler
                0x0000000008000928                CAN2_TX_IRQHandler
                0x0000000008000928                TIM5_IRQHandler
                0x0000000008000928                DMA2_Stream7_IRQHandler
                0x0000000008000928                I2C3_EV_IRQHandler
                0x0000000008000928                EXTI9_5_IRQHandler
                0x0000000008000928                RTC_WKUP_IRQHandler
                0x0000000008000928                LTDC_IRQHandler
                0x0000000008000928                ETH_WKUP_IRQHandler
                0x0000000008000928                SPI2_IRQHandler
                0x0000000008000928                OTG_HS_EP1_IN_IRQHandler
                0x0000000008000928                DMA1_Stream0_IRQHandler
                0x0000000008000928                CAN1_TX_IRQHandler
                0x0000000008000928                EXTI4_IRQHandler
                0x0000000008000928                ETH_IRQHandler
                0x0000000008000928                OTG_HS_EP1_OUT_IRQHandler
                0x0000000008000928                WWDG_IRQHandler
                0x0000000008000928                SPI6_IRQHandler
                0x0000000008000928                TIM2_IRQHandler
                0x0000000008000928                OTG_FS_WKUP_IRQHandler
                0x0000000008000928                TIM1_TRG_COM_TIM11_IRQHandler
                0x0000000008000928                DMA2D_IRQHandler
                0x0000000008000928                EXTI1_IRQHandler
                0x0000000008000928                UART7_IRQHandler
                0x0000000008000928                USART2_IRQHandler
                0x0000000008000928                I2C2_ER_IRQHandler
                0x0000000008000928                DMA2_Stream1_IRQHandler
                0x0000000008000928                CAN1_SCE_IRQHandler
                0x0000000008000928                FLASH_IRQHandler
                0x0000000008000928                DMA2_Stream4_IRQHandler
                0x0000000008000928                USART1_IRQHandler
                0x0000000008000928                OTG_FS_IRQHandler
                0x0000000008000928                SPI3_IRQHandler
                0x0000000008000928                DMA1_Stream4_IRQHandler
                0x0000000008000928                I2C1_ER_IRQHandler
                0x0000000008000928                FMC_IRQHandler
                0x0000000008000928                DMA2_Stream6_IRQHandler
                0x0000000008000928                SAI1_IRQHandler
                0x0000000008000928                DMA1_Stream3_IRQHandler
 .text.ili9341_Init
                0x000000000800092a      0x294 ./Drivers/BSP/Components/ili9341/ili9341.o
                0x000000000800092a                ili9341_Init
 .text.ili9341_ReadID
                0x0000000008000bbe       0x18 ./Drivers/BSP/Components/ili9341/ili9341.o
                0x0000000008000bbe                ili9341_ReadID
 .text.ili9341_DisplayOn
                0x0000000008000bd6        0xe ./Drivers/BSP/Components/ili9341/ili9341.o
                0x0000000008000bd6                ili9341_DisplayOn
 .text.ili9341_DisplayOff
                0x0000000008000be4        0xe ./Drivers/BSP/Components/ili9341/ili9341.o
                0x0000000008000be4                ili9341_DisplayOff
 .text.ili9341_WriteReg
                0x0000000008000bf2       0x1a ./Drivers/BSP/Components/ili9341/ili9341.o
                0x0000000008000bf2                ili9341_WriteReg
 .text.ili9341_WriteData
                0x0000000008000c0c       0x1a ./Drivers/BSP/Components/ili9341/ili9341.o
                0x0000000008000c0c                ili9341_WriteData
 .text.ili9341_ReadData
                0x0000000008000c26       0x26 ./Drivers/BSP/Components/ili9341/ili9341.o
                0x0000000008000c26                ili9341_ReadData
 .text.ili9341_GetLcdPixelWidth
                0x0000000008000c4c       0x10 ./Drivers/BSP/Components/ili9341/ili9341.o
                0x0000000008000c4c                ili9341_GetLcdPixelWidth
 .text.ili9341_GetLcdPixelHeight
                0x0000000008000c5c       0x12 ./Drivers/BSP/Components/ili9341/ili9341.o
                0x0000000008000c5c                ili9341_GetLcdPixelHeight
 *fill*         0x0000000008000c6e        0x2 
 .text.SPIx_Init
                0x0000000008000c70       0x74 ./Drivers/BSP/STM32F429I-Discovery/stm32f429i_discovery.o
 .text.SPIx_Read
                0x0000000008000ce4       0x40 ./Drivers/BSP/STM32F429I-Discovery/stm32f429i_discovery.o
 .text.SPIx_Write
                0x0000000008000d24       0x3c ./Drivers/BSP/STM32F429I-Discovery/stm32f429i_discovery.o
 .text.SPIx_Error
                0x0000000008000d60       0x18 ./Drivers/BSP/STM32F429I-Discovery/stm32f429i_discovery.o
 .text.SPIx_MspInit
                0x0000000008000d78       0x74 ./Drivers/BSP/STM32F429I-Discovery/stm32f429i_discovery.o
 .text.LCD_IO_Init
                0x0000000008000dec       0xf0 ./Drivers/BSP/STM32F429I-Discovery/stm32f429i_discovery.o
                0x0000000008000dec                LCD_IO_Init
 .text.LCD_IO_WriteData
                0x0000000008000edc       0x44 ./Drivers/BSP/STM32F429I-Discovery/stm32f429i_discovery.o
                0x0000000008000edc                LCD_IO_WriteData
 .text.LCD_IO_WriteReg
                0x0000000008000f20       0x44 ./Drivers/BSP/STM32F429I-Discovery/stm32f429i_discovery.o
                0x0000000008000f20                LCD_IO_WriteReg
 .text.LCD_IO_ReadData
                0x0000000008000f64       0x64 ./Drivers/BSP/STM32F429I-Discovery/stm32f429i_discovery.o
                0x0000000008000f64                LCD_IO_ReadData
 .text.LCD_Delay
                0x0000000008000fc8       0x16 ./Drivers/BSP/STM32F429I-Discovery/stm32f429i_discovery.o
                0x0000000008000fc8                LCD_Delay
 *fill*         0x0000000008000fde        0x2 
 .text.BSP_LCD_Init
                0x0000000008000fe0       0xd4 ./Drivers/BSP/STM32F429I-Discovery/stm32f429i_discovery_lcd.o
                0x0000000008000fe0                BSP_LCD_Init
 .text.BSP_LCD_GetXSize
                0x00000000080010b4       0x18 ./Drivers/BSP/STM32F429I-Discovery/stm32f429i_discovery_lcd.o
                0x00000000080010b4                BSP_LCD_GetXSize
 .text.BSP_LCD_GetYSize
                0x00000000080010cc       0x18 ./Drivers/BSP/STM32F429I-Discovery/stm32f429i_discovery_lcd.o
                0x00000000080010cc                BSP_LCD_GetYSize
 .text.BSP_LCD_LayerDefaultInit
                0x00000000080010e4       0xc8 ./Drivers/BSP/STM32F429I-Discovery/stm32f429i_discovery_lcd.o
                0x00000000080010e4                BSP_LCD_LayerDefaultInit
 .text.BSP_LCD_SelectLayer
                0x00000000080011ac       0x20 ./Drivers/BSP/STM32F429I-Discovery/stm32f429i_discovery_lcd.o
                0x00000000080011ac                BSP_LCD_SelectLayer
 .text.BSP_LCD_SetTextColor
                0x00000000080011cc       0x30 ./Drivers/BSP/STM32F429I-Discovery/stm32f429i_discovery_lcd.o
                0x00000000080011cc                BSP_LCD_SetTextColor
 .text.BSP_LCD_SetBackColor
                0x00000000080011fc       0x34 ./Drivers/BSP/STM32F429I-Discovery/stm32f429i_discovery_lcd.o
                0x00000000080011fc                BSP_LCD_SetBackColor
 .text.BSP_LCD_SetFont
                0x0000000008001230       0x34 ./Drivers/BSP/STM32F429I-Discovery/stm32f429i_discovery_lcd.o
                0x0000000008001230                BSP_LCD_SetFont
 .text.BSP_LCD_GetFont
                0x0000000008001264       0x2c ./Drivers/BSP/STM32F429I-Discovery/stm32f429i_discovery_lcd.o
                0x0000000008001264                BSP_LCD_GetFont
 .text.BSP_LCD_Clear
                0x0000000008001290       0x50 ./Drivers/BSP/STM32F429I-Discovery/stm32f429i_discovery_lcd.o
                0x0000000008001290                BSP_LCD_Clear
 .text.BSP_LCD_DisplayChar
                0x00000000080012e0       0x88 ./Drivers/BSP/STM32F429I-Discovery/stm32f429i_discovery_lcd.o
                0x00000000080012e0                BSP_LCD_DisplayChar
 .text.BSP_LCD_DisplayStringAt
                0x0000000008001368      0x17c ./Drivers/BSP/STM32F429I-Discovery/stm32f429i_discovery_lcd.o
                0x0000000008001368                BSP_LCD_DisplayStringAt
 .text.BSP_LCD_DisplayStringAtLine
                0x00000000080014e4       0x2e ./Drivers/BSP/STM32F429I-Discovery/stm32f429i_discovery_lcd.o
                0x00000000080014e4                BSP_LCD_DisplayStringAtLine
 *fill*         0x0000000008001512        0x2 
 .text.BSP_LCD_DisplayOn
                0x0000000008001514       0x20 ./Drivers/BSP/STM32F429I-Discovery/stm32f429i_discovery_lcd.o
                0x0000000008001514                BSP_LCD_DisplayOn
 .text.BSP_LCD_MspInit
                0x0000000008001534      0x1ac ./Drivers/BSP/STM32F429I-Discovery/stm32f429i_discovery_lcd.o
                0x0000000008001534                BSP_LCD_MspInit
 .text.BSP_LCD_DrawPixel
                0x00000000080016e0       0x4c ./Drivers/BSP/STM32F429I-Discovery/stm32f429i_discovery_lcd.o
                0x00000000080016e0                BSP_LCD_DrawPixel
 .text.DrawChar
                0x000000000800172c      0x174 ./Drivers/BSP/STM32F429I-Discovery/stm32f429i_discovery_lcd.o
 .text.FillBuffer
                0x00000000080018a0       0x70 ./Drivers/BSP/STM32F429I-Discovery/stm32f429i_discovery_lcd.o
 .text.BSP_SDRAM_Init
                0x0000000008001910       0xbc ./Drivers/BSP/STM32F429I-Discovery/stm32f429i_discovery_sdram.o
                0x0000000008001910                BSP_SDRAM_Init
 .text.BSP_SDRAM_Initialization_sequence
                0x00000000080019cc       0xc0 ./Drivers/BSP/STM32F429I-Discovery/stm32f429i_discovery_sdram.o
                0x00000000080019cc                BSP_SDRAM_Initialization_sequence
 .text.BSP_SDRAM_MspInit
                0x0000000008001a8c      0x218 ./Drivers/BSP/STM32F429I-Discovery/stm32f429i_discovery_sdram.o
                0x0000000008001a8c                BSP_SDRAM_MspInit
 .text.HAL_Init
                0x0000000008001ca4       0x44 ./Drivers/STM32F4xx_HAL_Driver/stm32f4xx_hal.o
                0x0000000008001ca4                HAL_Init
 .text.HAL_InitTick
                0x0000000008001ce8       0x60 ./Drivers/STM32F4xx_HAL_Driver/stm32f4xx_hal.o
                0x0000000008001ce8                HAL_InitTick
 .text.HAL_IncTick
                0x0000000008001d48       0x28 ./Drivers/STM32F4xx_HAL_Driver/stm32f4xx_hal.o
                0x0000000008001d48                HAL_IncTick
 .text.HAL_GetTick
                0x0000000008001d70       0x18 ./Drivers/STM32F4xx_HAL_Driver/stm32f4xx_hal.o
                0x0000000008001d70                HAL_GetTick
 .text.HAL_Delay
                0x0000000008001d88       0x48 ./Drivers/STM32F4xx_HAL_Driver/stm32f4xx_hal.o
                0x0000000008001d88                HAL_Delay
 .text.__NVIC_SetPriorityGrouping
                0x0000000008001dd0       0x48 ./Drivers/STM32F4xx_HAL_Driver/stm32f4xx_hal_cortex.o
 .text.__NVIC_GetPriorityGrouping
                0x0000000008001e18       0x1c ./Drivers/STM32F4xx_HAL_Driver/stm32f4xx_hal_cortex.o
 .text.__NVIC_EnableIRQ
                0x0000000008001e34       0x3c ./Drivers/STM32F4xx_HAL_Driver/stm32f4xx_hal_cortex.o
 .text.__NVIC_SetPriority
                0x0000000008001e70       0x54 ./Drivers/STM32F4xx_HAL_Driver/stm32f4xx_hal_cortex.o
 .text.NVIC_EncodePriority
                0x0000000008001ec4       0x66 ./Drivers/STM32F4xx_HAL_Driver/stm32f4xx_hal_cortex.o
 *fill*         0x0000000008001f2a        0x2 
 .text.SysTick_Config
                0x0000000008001f2c       0x44 ./Drivers/STM32F4xx_HAL_Driver/stm32f4xx_hal_cortex.o
 .text.HAL_NVIC_SetPriorityGrouping
                0x0000000008001f70       0x16 ./Drivers/STM32F4xx_HAL_Driver/stm32f4xx_hal_cortex.o
                0x0000000008001f70                HAL_NVIC_SetPriorityGrouping
 .text.HAL_NVIC_SetPriority
                0x0000000008001f86       0x38 ./Drivers/STM32F4xx_HAL_Driver/stm32f4xx_hal_cortex.o
                0x0000000008001f86                HAL_NVIC_SetPriority
 .text.HAL_NVIC_EnableIRQ
                0x0000000008001fbe       0x1c ./Drivers/STM32F4xx_HAL_Driver/stm32f4xx_hal_cortex.o
                0x0000000008001fbe                HAL_NVIC_EnableIRQ
 .text.HAL_SYSTICK_Config
                0x0000000008001fda       0x18 ./Drivers/STM32F4xx_HAL_Driver/stm32f4xx_hal_cortex.o
                0x0000000008001fda                HAL_SYSTICK_Config
 *fill*         0x0000000008001ff2        0x2 
 .text.HAL_DMA_Init
                0x0000000008001ff4      0x15c ./Drivers/STM32F4xx_HAL_Driver/stm32f4xx_hal_dma.o
                0x0000000008001ff4                HAL_DMA_Init
 .text.HAL_DMA_DeInit
                0x0000000008002150       0xbc ./Drivers/STM32F4xx_HAL_Driver/stm32f4xx_hal_dma.o
                0x0000000008002150                HAL_DMA_DeInit
 .text.DMA_CalcBaseAndBitshift
                0x000000000800220c       0x6c ./Drivers/STM32F4xx_HAL_Driver/stm32f4xx_hal_dma.o
 .text.DMA_CheckFifoParam
                0x0000000008002278       0xf8 ./Drivers/STM32F4xx_HAL_Driver/stm32f4xx_hal_dma.o
 .text.HAL_DMA2D_Init
                0x0000000008002370       0x92 ./Drivers/STM32F4xx_HAL_Driver/stm32f4xx_hal_dma2d.o
                0x0000000008002370                HAL_DMA2D_Init
 .text.HAL_DMA2D_MspInit
                0x0000000008002402       0x14 ./Drivers/STM32F4xx_HAL_Driver/stm32f4xx_hal_dma2d.o
                0x0000000008002402                HAL_DMA2D_MspInit
 .text.HAL_DMA2D_Start
                0x0000000008002416       0x56 ./Drivers/STM32F4xx_HAL_Driver/stm32f4xx_hal_dma2d.o
                0x0000000008002416                HAL_DMA2D_Start
 .text.HAL_DMA2D_PollForTransfer
                0x000000000800246c      0x1d2 ./Drivers/STM32F4xx_HAL_Driver/stm32f4xx_hal_dma2d.o
                0x000000000800246c                HAL_DMA2D_PollForTransfer
 *fill*         0x000000000800263e        0x2 
 .text.HAL_DMA2D_ConfigLayer
                0x0000000008002640      0x124 ./Drivers/STM32F4xx_HAL_Driver/stm32f4xx_hal_dma2d.o
                0x0000000008002640                HAL_DMA2D_ConfigLayer
 .text.DMA2D_SetConfig
                0x0000000008002764      0x138 ./Drivers/STM32F4xx_HAL_Driver/stm32f4xx_hal_dma2d.o
 .text.HAL_GPIO_Init
                0x000000000800289c      0x358 ./Drivers/STM32F4xx_HAL_Driver/stm32f4xx_hal_gpio.o
                0x000000000800289c                HAL_GPIO_Init
 .text.HAL_GPIO_WritePin
                0x0000000008002bf4       0x32 ./Drivers/STM32F4xx_HAL_Driver/stm32f4xx_hal_gpio.o
                0x0000000008002bf4                HAL_GPIO_WritePin
 *fill*         0x0000000008002c26        0x2 
 .text.HAL_LTDC_Init
                0x0000000008002c28      0x1a0 ./Drivers/STM32F4xx_HAL_Driver/stm32f4xx_hal_ltdc.o
                0x0000000008002c28                HAL_LTDC_Init
 .text.HAL_LTDC_MspInit
                0x0000000008002dc8       0x14 ./Drivers/STM32F4xx_HAL_Driver/stm32f4xx_hal_ltdc.o
                0x0000000008002dc8                HAL_LTDC_MspInit
 .text.HAL_LTDC_ConfigLayer
                0x0000000008002ddc       0x7c ./Drivers/STM32F4xx_HAL_Driver/stm32f4xx_hal_ltdc.o
                0x0000000008002ddc                HAL_LTDC_ConfigLayer
 .text.HAL_LTDC_EnableDither
                0x0000000008002e58       0x54 ./Drivers/STM32F4xx_HAL_Driver/stm32f4xx_hal_ltdc.o
                0x0000000008002e58                HAL_LTDC_EnableDither
 .text.LTDC_SetConfig
                0x0000000008002eac      0x32e ./Drivers/STM32F4xx_HAL_Driver/stm32f4xx_hal_ltdc.o
 .text.HAL_PCD_Init
                0x00000000080031da      0x23a ./Drivers/STM32F4xx_HAL_Driver/stm32f4xx_hal_pcd.o
                0x00000000080031da                HAL_PCD_Init
 .text.HAL_PCD_Start
                0x0000000008003414       0x66 ./Drivers/STM32F4xx_HAL_Driver/stm32f4xx_hal_pcd.o
                0x0000000008003414                HAL_PCD_Start
 .text.HAL_PCD_IRQHandler
                0x000000000800347a      0x93e ./Drivers/STM32F4xx_HAL_Driver/stm32f4xx_hal_pcd.o
                0x000000000800347a                HAL_PCD_IRQHandler
 .text.HAL_PCD_SetAddress
                0x0000000008003db8       0x4a ./Drivers/STM32F4xx_HAL_Driver/stm32f4xx_hal_pcd.o
                0x0000000008003db8                HAL_PCD_SetAddress
 .text.HAL_PCD_EP_Open
                0x0000000008003e02       0xd0 ./Drivers/STM32F4xx_HAL_Driver/stm32f4xx_hal_pcd.o
                0x0000000008003e02                HAL_PCD_EP_Open
 .text.HAL_PCD_EP_Close
                0x0000000008003ed2       0x94 ./Drivers/STM32F4xx_HAL_Driver/stm32f4xx_hal_pcd.o
                0x0000000008003ed2                HAL_PCD_EP_Close
 .text.HAL_PCD_EP_Receive
                0x0000000008003f66       0x96 ./Drivers/STM32F4xx_HAL_Driver/stm32f4xx_hal_pcd.o
                0x0000000008003f66                HAL_PCD_EP_Receive
 .text.HAL_PCD_EP_GetRxCount
                0x0000000008003ffc       0x30 ./Drivers/STM32F4xx_HAL_Driver/stm32f4xx_hal_pcd.o
                0x0000000008003ffc                HAL_PCD_EP_GetRxCount
 .text.HAL_PCD_EP_Transmit
                0x000000000800402c       0x94 ./Drivers/STM32F4xx_HAL_Driver/stm32f4xx_hal_pcd.o
                0x000000000800402c                HAL_PCD_EP_Transmit
 .text.HAL_PCD_EP_SetStall
                0x00000000080040c0       0xc8 ./Drivers/STM32F4xx_HAL_Driver/stm32f4xx_hal_pcd.o
                0x00000000080040c0                HAL_PCD_EP_SetStall
 .text.HAL_PCD_EP_ClrStall
                0x0000000008004188       0xac ./Drivers/STM32F4xx_HAL_Driver/stm32f4xx_hal_pcd.o
                0x0000000008004188                HAL_PCD_EP_ClrStall
 .text.HAL_PCD_EP_Abort
                0x0000000008004234       0x62 ./Drivers/STM32F4xx_HAL_Driver/stm32f4xx_hal_pcd.o
                0x0000000008004234                HAL_PCD_EP_Abort
 .text.PCD_WriteEmptyTxFifo
                0x0000000008004296      0x11a ./Drivers/STM32F4xx_HAL_Driver/stm32f4xx_hal_pcd.o
 .text.PCD_EP_OutXfrComplete_int
                0x00000000080043b0      0x1d0 ./Drivers/STM32F4xx_HAL_Driver/stm32f4xx_hal_pcd.o
 .text.PCD_EP_OutSetupPacket_int
                0x0000000008004580       0x8c ./Drivers/STM32F4xx_HAL_Driver/stm32f4xx_hal_pcd.o
 .text.HAL_PCDEx_SetTxFiFo
                0x000000000800460c       0x8e ./Drivers/STM32F4xx_HAL_Driver/stm32f4xx_hal_pcd_ex.o
                0x000000000800460c                HAL_PCDEx_SetTxFiFo
 .text.HAL_PCDEx_SetRxFiFo
                0x000000000800469a       0x22 ./Drivers/STM32F4xx_HAL_Driver/stm32f4xx_hal_pcd_ex.o
                0x000000000800469a                HAL_PCDEx_SetRxFiFo
 .text.HAL_PCDEx_LPM_Callback
                0x00000000080046bc       0x18 ./Drivers/STM32F4xx_HAL_Driver/stm32f4xx_hal_pcd_ex.o
                0x00000000080046bc                HAL_PCDEx_LPM_Callback
 .text.HAL_RCC_OscConfig
                0x00000000080046d4      0x4f0 ./Drivers/STM32F4xx_HAL_Driver/stm32f4xx_hal_rcc.o
                0x00000000080046d4                HAL_RCC_OscConfig
 .text.HAL_RCC_ClockConfig
                0x0000000008004bc4      0x1cc ./Drivers/STM32F4xx_HAL_Driver/stm32f4xx_hal_rcc.o
                0x0000000008004bc4                HAL_RCC_ClockConfig
 .text.HAL_RCC_GetSysClockFreq
                0x0000000008004d90      0x20c ./Drivers/STM32F4xx_HAL_Driver/stm32f4xx_hal_rcc.o
                0x0000000008004d90                HAL_RCC_GetSysClockFreq
 .text.HAL_RCC_GetHCLKFreq
                0x0000000008004f9c       0x18 ./Drivers/STM32F4xx_HAL_Driver/stm32f4xx_hal_rcc.o
                0x0000000008004f9c                HAL_RCC_GetHCLKFreq
 .text.HAL_RCCEx_PeriphCLKConfig
                0x0000000008004fb4      0x380 ./Drivers/STM32F4xx_HAL_Driver/stm32f4xx_hal_rcc_ex.o
                0x0000000008004fb4                HAL_RCCEx_PeriphCLKConfig
 .text.HAL_SDRAM_Init
                0x0000000008005334       0x68 ./Drivers/STM32F4xx_HAL_Driver/stm32f4xx_hal_sdram.o
                0x0000000008005334                HAL_SDRAM_Init
 .text.HAL_SDRAM_MspInit
                0x000000000800539c       0x14 ./Drivers/STM32F4xx_HAL_Driver/stm32f4xx_hal_sdram.o
                0x000000000800539c                HAL_SDRAM_MspInit
 .text.HAL_SDRAM_SendCommand
                0x00000000080053b0       0x6a ./Drivers/STM32F4xx_HAL_Driver/stm32f4xx_hal_sdram.o
                0x00000000080053b0                HAL_SDRAM_SendCommand
 .text.HAL_SDRAM_ProgramRefreshRate
                0x000000000800541a       0x50 ./Drivers/STM32F4xx_HAL_Driver/stm32f4xx_hal_sdram.o
                0x000000000800541a                HAL_SDRAM_ProgramRefreshRate
 .text.HAL_SPI_Init
                0x000000000800546a      0x112 ./Drivers/STM32F4xx_HAL_Driver/stm32f4xx_hal_spi.o
                0x000000000800546a                HAL_SPI_Init
 .text.HAL_SPI_DeInit
                0x000000000800557c       0x50 ./Drivers/STM32F4xx_HAL_Driver/stm32f4xx_hal_spi.o
                0x000000000800557c                HAL_SPI_DeInit
 .text.HAL_SPI_MspInit
                0x00000000080055cc       0x14 ./Drivers/STM32F4xx_HAL_Driver/stm32f4xx_hal_spi.o
                0x00000000080055cc                HAL_SPI_MspInit
 .text.HAL_SPI_MspDeInit
                0x00000000080055e0       0x14 ./Drivers/STM32F4xx_HAL_Driver/stm32f4xx_hal_spi.o
                0x00000000080055e0                HAL_SPI_MspDeInit
 .text.HAL_SPI_Transmit
                0x00000000080055f4      0x278 ./Drivers/STM32F4xx_HAL_Driver/stm32f4xx_hal_spi.o
                0x00000000080055f4                HAL_SPI_Transmit
 .text.HAL_SPI_Receive
                0x000000000800586c      0x222 ./Drivers/STM32F4xx_HAL_Driver/stm32f4xx_hal_spi.o
                0x000000000800586c                HAL_SPI_Receive
 .text.HAL_SPI_TransmitReceive
                0x0000000008005a8e      0x344 ./Drivers/STM32F4xx_HAL_Driver/stm32f4xx_hal_spi.o
                0x0000000008005a8e                HAL_SPI_TransmitReceive
 .text.HAL_SPI_GetState
                0x0000000008005dd2       0x1c ./Drivers/STM32F4xx_HAL_Driver/stm32f4xx_hal_spi.o
                0x0000000008005dd2                HAL_SPI_GetState
 *fill*         0x0000000008005dee        0x2 
 .text.SPI_WaitFlagStateUntilTimeout
                0x0000000008005df0      0x110 ./Drivers/STM32F4xx_HAL_Driver/stm32f4xx_hal_spi.o
 .text.SPI_EndRxTransaction
                0x0000000008005f00       0xca ./Drivers/STM32F4xx_HAL_Driver/stm32f4xx_hal_spi.o
 *fill*         0x0000000008005fca        0x2 
 .text.SPI_EndRxTxTransaction
                0x0000000008005fcc       0x84 ./Drivers/STM32F4xx_HAL_Driver/stm32f4xx_hal_spi.o
 .text.FMC_SDRAM_Init
                0x0000000008006050       0xba ./Drivers/STM32F4xx_HAL_Driver/stm32f4xx_ll_fmc.o
                0x0000000008006050                FMC_SDRAM_Init
 .text.FMC_SDRAM_Timing_Init
                0x000000000800610a       0xd2 ./Drivers/STM32F4xx_HAL_Driver/stm32f4xx_ll_fmc.o
                0x000000000800610a                FMC_SDRAM_Timing_Init
 .text.FMC_SDRAM_SendCommand
                0x00000000080061dc       0x7a ./Drivers/STM32F4xx_HAL_Driver/stm32f4xx_ll_fmc.o
                0x00000000080061dc                FMC_SDRAM_SendCommand
 .text.FMC_SDRAM_ProgramRefreshRate
                0x0000000008006256       0x2e ./Drivers/STM32F4xx_HAL_Driver/stm32f4xx_ll_fmc.o
                0x0000000008006256                FMC_SDRAM_ProgramRefreshRate
 .text.USB_CoreInit
                0x0000000008006284       0xc2 ./Drivers/STM32F4xx_HAL_Driver/stm32f4xx_ll_usb.o
                0x0000000008006284                USB_CoreInit
 *fill*         0x0000000008006346        0x2 
 .text.USB_SetTurnaroundTime
                0x0000000008006348      0x144 ./Drivers/STM32F4xx_HAL_Driver/stm32f4xx_ll_usb.o
                0x0000000008006348                USB_SetTurnaroundTime
 .text.USB_EnableGlobalInt
                0x000000000800648c       0x22 ./Drivers/STM32F4xx_HAL_Driver/stm32f4xx_ll_usb.o
                0x000000000800648c                USB_EnableGlobalInt
 .text.USB_DisableGlobalInt
                0x00000000080064ae       0x22 ./Drivers/STM32F4xx_HAL_Driver/stm32f4xx_ll_usb.o
                0x00000000080064ae                USB_DisableGlobalInt
 .text.USB_SetCurrentMode
                0x00000000080064d0       0x98 ./Drivers/STM32F4xx_HAL_Driver/stm32f4xx_ll_usb.o
                0x00000000080064d0                USB_SetCurrentMode
 .text.USB_DevInit
                0x0000000008006568      0x2c8 ./Drivers/STM32F4xx_HAL_Driver/stm32f4xx_ll_usb.o
                0x0000000008006568                USB_DevInit
 .text.USB_FlushTxFifo
                0x0000000008006830       0x68 ./Drivers/STM32F4xx_HAL_Driver/stm32f4xx_ll_usb.o
                0x0000000008006830                USB_FlushTxFifo
 .text.USB_FlushRxFifo
                0x0000000008006898       0x60 ./Drivers/STM32F4xx_HAL_Driver/stm32f4xx_ll_usb.o
                0x0000000008006898                USB_FlushRxFifo
 .text.USB_SetDevSpeed
                0x00000000080068f8       0x32 ./Drivers/STM32F4xx_HAL_Driver/stm32f4xx_ll_usb.o
                0x00000000080068f8                USB_SetDevSpeed
 .text.USB_GetDevSpeed
                0x000000000800692a       0x4a ./Drivers/STM32F4xx_HAL_Driver/stm32f4xx_ll_usb.o
                0x000000000800692a                USB_GetDevSpeed
 .text.USB_ActivateEndpoint
                0x0000000008006974      0x10e ./Drivers/STM32F4xx_HAL_Driver/stm32f4xx_ll_usb.o
                0x0000000008006974                USB_ActivateEndpoint
 *fill*         0x0000000008006a82        0x2 
 .text.USB_DeactivateEndpoint
                0x0000000008006a84      0x1b8 ./Drivers/STM32F4xx_HAL_Driver/stm32f4xx_ll_usb.o
                0x0000000008006a84                USB_DeactivateEndpoint
 .text.USB_EPStartXfer
                0x0000000008006c3c      0x490 ./Drivers/STM32F4xx_HAL_Driver/stm32f4xx_ll_usb.o
                0x0000000008006c3c                USB_EPStartXfer
 .text.USB_EP0StartXfer
                0x00000000080070cc      0x2b0 ./Drivers/STM32F4xx_HAL_Driver/stm32f4xx_ll_usb.o
                0x00000000080070cc                USB_EP0StartXfer
 .text.USB_EPStopXfer
                0x000000000800737c      0x154 ./Drivers/STM32F4xx_HAL_Driver/stm32f4xx_ll_usb.o
                0x000000000800737c                USB_EPStopXfer
 .text.USB_WritePacket
                0x00000000080074d0       0x7c ./Drivers/STM32F4xx_HAL_Driver/stm32f4xx_ll_usb.o
                0x00000000080074d0                USB_WritePacket
 .text.USB_ReadPacket
                0x000000000800754c       0xb0 ./Drivers/STM32F4xx_HAL_Driver/stm32f4xx_ll_usb.o
                0x000000000800754c                USB_ReadPacket
 .text.USB_EPSetStall
                0x00000000080075fc       0xdc ./Drivers/STM32F4xx_HAL_Driver/stm32f4xx_ll_usb.o
                0x00000000080075fc                USB_EPSetStall
 .text.USB_EPClearStall
                0x00000000080076d8       0xcc ./Drivers/STM32F4xx_HAL_Driver/stm32f4xx_ll_usb.o
                0x00000000080076d8                USB_EPClearStall
 .text.USB_SetDevAddress
                0x00000000080077a4       0x4c ./Drivers/STM32F4xx_HAL_Driver/stm32f4xx_ll_usb.o
                0x00000000080077a4                USB_SetDevAddress
 .text.USB_DevConnect
                0x00000000080077f0       0x42 ./Drivers/STM32F4xx_HAL_Driver/stm32f4xx_ll_usb.o
                0x00000000080077f0                USB_DevConnect
 .text.USB_DevDisconnect
                0x0000000008007832       0x42 ./Drivers/STM32F4xx_HAL_Driver/stm32f4xx_ll_usb.o
                0x0000000008007832                USB_DevDisconnect
 .text.USB_ReadInterrupts
                0x0000000008007874       0x26 ./Drivers/STM32F4xx_HAL_Driver/stm32f4xx_ll_usb.o
                0x0000000008007874                USB_ReadInterrupts
 .text.USB_ReadDevAllOutEpInterrupt
                0x000000000800789a       0x34 ./Drivers/STM32F4xx_HAL_Driver/stm32f4xx_ll_usb.o
                0x000000000800789a                USB_ReadDevAllOutEpInterrupt
 .text.USB_ReadDevAllInEpInterrupt
                0x00000000080078ce       0x34 ./Drivers/STM32F4xx_HAL_Driver/stm32f4xx_ll_usb.o
                0x00000000080078ce                USB_ReadDevAllInEpInterrupt
 .text.USB_ReadDevOutEPInterrupt
                0x0000000008007902       0x3c ./Drivers/STM32F4xx_HAL_Driver/stm32f4xx_ll_usb.o
                0x0000000008007902                USB_ReadDevOutEPInterrupt
 .text.USB_ReadDevInEPInterrupt
                0x000000000800793e       0x5c ./Drivers/STM32F4xx_HAL_Driver/stm32f4xx_ll_usb.o
                0x000000000800793e                USB_ReadDevInEPInterrupt
 .text.USB_GetMode
                0x000000000800799a       0x1c ./Drivers/STM32F4xx_HAL_Driver/stm32f4xx_ll_usb.o
                0x000000000800799a                USB_GetMode
 .text.USB_ActivateSetup
                0x00000000080079b6       0x46 ./Drivers/STM32F4xx_HAL_Driver/stm32f4xx_ll_usb.o
                0x00000000080079b6                USB_ActivateSetup
 .text.USB_EP0_OutStart
                0x00000000080079fc       0xbc ./Drivers/STM32F4xx_HAL_Driver/stm32f4xx_ll_usb.o
                0x00000000080079fc                USB_EP0_OutStart
 .text.USB_CoreReset
                0x0000000008007ab8       0x68 ./Drivers/STM32F4xx_HAL_Driver/stm32f4xx_ll_usb.o
 .text.USBD_CDC_Init
                0x0000000008007b20      0x1f0 ./Middlewares/USB_Device_Library/usbd_cdc.o
 .text.USBD_CDC_DeInit
                0x0000000008007d10      0x104 ./Middlewares/USB_Device_Library/usbd_cdc.o
 .text.USBD_CDC_Setup
                0x0000000008007e14      0x1b8 ./Middlewares/USB_Device_Library/usbd_cdc.o
 .text.USBD_CDC_DataIn
                0x0000000008007fcc       0xfe ./Middlewares/USB_Device_Library/usbd_cdc.o
 .text.USBD_CDC_DataOut
                0x00000000080080ca       0x70 ./Middlewares/USB_Device_Library/usbd_cdc.o
 .text.USBD_CDC_EP0_RxReady
                0x000000000800813a       0x76 ./Middlewares/USB_Device_Library/usbd_cdc.o
 .text.USBD_CDC_GetFSCfgDesc
                0x00000000080081b0       0x70 ./Middlewares/USB_Device_Library/usbd_cdc.o
 .text.USBD_CDC_GetHSCfgDesc
                0x0000000008008220       0x70 ./Middlewares/USB_Device_Library/usbd_cdc.o
 .text.USBD_CDC_GetOtherSpeedCfgDesc
                0x0000000008008290       0x70 ./Middlewares/USB_Device_Library/usbd_cdc.o
 .text.USBD_CDC_GetDeviceQualifierDescriptor
                0x0000000008008300       0x20 ./Middlewares/USB_Device_Library/usbd_cdc.o
                0x0000000008008300                USBD_CDC_GetDeviceQualifierDescriptor
 .text.USBD_CDC_RegisterInterface
                0x0000000008008320       0x34 ./Middlewares/USB_Device_Library/usbd_cdc.o
                0x0000000008008320                USBD_CDC_RegisterInterface
 .text.USBD_CDC_SetTxBuffer
                0x0000000008008354       0x44 ./Middlewares/USB_Device_Library/usbd_cdc.o
                0x0000000008008354                USBD_CDC_SetTxBuffer
 .text.USBD_CDC_SetRxBuffer
                0x0000000008008398       0x3a ./Middlewares/USB_Device_Library/usbd_cdc.o
                0x0000000008008398                USBD_CDC_SetRxBuffer
 *fill*         0x00000000080083d2        0x2 
 .text.USBD_CDC_ReceivePacket
                0x00000000080083d4       0x6c ./Middlewares/USB_Device_Library/usbd_cdc.o
                0x00000000080083d4                USBD_CDC_ReceivePacket
 .text.USBD_Init
                0x0000000008008440       0x60 ./Middlewares/USB_Device_Library/usbd_core.o
                0x0000000008008440                USBD_Init
 .text.USBD_RegisterClass
                0x00000000080084a0       0x6c ./Middlewares/USB_Device_Library/usbd_core.o
                0x00000000080084a0                USBD_RegisterClass
 .text.USBD_Start
                0x000000000800850c       0x18 ./Middlewares/USB_Device_Library/usbd_core.o
                0x000000000800850c                USBD_Start
 .text.USBD_RunTestMode
                0x0000000008008524       0x16 ./Middlewares/USB_Device_Library/usbd_core.o
                0x0000000008008524                USBD_RunTestMode
 .text.USBD_SetClassConfig
                0x000000000800853a       0x38 ./Middlewares/USB_Device_Library/usbd_core.o
                0x000000000800853a                USBD_SetClassConfig
 .text.USBD_ClrClassConfig
                0x0000000008008572       0x34 ./Middlewares/USB_Device_Library/usbd_core.o
                0x0000000008008572                USBD_ClrClassConfig
 .text.USBD_LL_SetupStage
                0x00000000080085a6       0xaa ./Middlewares/USB_Device_Library/usbd_core.o
                0x00000000080085a6                USBD_LL_SetupStage
 .text.USBD_LL_DataOutStage
                0x0000000008008650      0x166 ./Middlewares/USB_Device_Library/usbd_core.o
                0x0000000008008650                USBD_LL_DataOutStage
 .text.USBD_LL_DataInStage
                0x00000000080087b6      0x164 ./Middlewares/USB_Device_Library/usbd_core.o
                0x00000000080087b6                USBD_LL_DataInStage
 .text.USBD_LL_Reset
                0x000000000800891a       0xa4 ./Middlewares/USB_Device_Library/usbd_core.o
                0x000000000800891a                USBD_LL_Reset
 .text.USBD_LL_SetSpeed
                0x00000000080089be       0x20 ./Middlewares/USB_Device_Library/usbd_core.o
                0x00000000080089be                USBD_LL_SetSpeed
 .text.USBD_LL_Suspend
                0x00000000080089de       0x2c ./Middlewares/USB_Device_Library/usbd_core.o
                0x00000000080089de                USBD_LL_Suspend
 .text.USBD_LL_Resume
                0x0000000008008a0a       0x30 ./Middlewares/USB_Device_Library/usbd_core.o
                0x0000000008008a0a                USBD_LL_Resume
 .text.USBD_LL_SOF
                0x0000000008008a3a       0x40 ./Middlewares/USB_Device_Library/usbd_core.o
                0x0000000008008a3a                USBD_LL_SOF
 .text.USBD_LL_IsoINIncomplete
                0x0000000008008a7a       0x64 ./Middlewares/USB_Device_Library/usbd_core.o
                0x0000000008008a7a                USBD_LL_IsoINIncomplete
 .text.USBD_LL_IsoOUTIncomplete
                0x0000000008008ade       0x64 ./Middlewares/USB_Device_Library/usbd_core.o
                0x0000000008008ade                USBD_LL_IsoOUTIncomplete
 .text.USBD_LL_DevConnected
                0x0000000008008b42       0x16 ./Middlewares/USB_Device_Library/usbd_core.o
                0x0000000008008b42                USBD_LL_DevConnected
 .text.USBD_LL_DevDisconnected
                0x0000000008008b58       0x46 ./Middlewares/USB_Device_Library/usbd_core.o
                0x0000000008008b58                USBD_LL_DevDisconnected
 .text.USBD_CoreFindIF
                0x0000000008008b9e       0x1a ./Middlewares/USB_Device_Library/usbd_core.o
                0x0000000008008b9e                USBD_CoreFindIF
 .text.USBD_CoreFindEP
                0x0000000008008bb8       0x1a ./Middlewares/USB_Device_Library/usbd_core.o
                0x0000000008008bb8                USBD_CoreFindEP
 .text.USBD_GetEpDesc
                0x0000000008008bd2       0x74 ./Middlewares/USB_Device_Library/usbd_core.o
                0x0000000008008bd2                USBD_GetEpDesc
 .text.USBD_GetNextDesc
                0x0000000008008c46       0x3a ./Middlewares/USB_Device_Library/usbd_core.o
                0x0000000008008c46                USBD_GetNextDesc
 .text.SWAPBYTE
                0x0000000008008c80       0x3c ./Middlewares/USB_Device_Library/usbd_ctlreq.o
 .text.USBD_StdDevReq
                0x0000000008008cbc       0xe4 ./Middlewares/USB_Device_Library/usbd_ctlreq.o
                0x0000000008008cbc                USBD_StdDevReq
 .text.USBD_StdItfReq
                0x0000000008008da0       0xd8 ./Middlewares/USB_Device_Library/usbd_ctlreq.o
                0x0000000008008da0                USBD_StdItfReq
 .text.USBD_StdEPReq
                0x0000000008008e78      0x33a ./Middlewares/USB_Device_Library/usbd_ctlreq.o
                0x0000000008008e78                USBD_StdEPReq
 *fill*         0x00000000080091b2        0x2 
 .text.USBD_GetDescriptor
                0x00000000080091b4      0x2d4 ./Middlewares/USB_Device_Library/usbd_ctlreq.o
 .text.USBD_SetAddress
                0x0000000008009488       0x88 ./Middlewares/USB_Device_Library/usbd_ctlreq.o
 .text.USBD_SetConfig
                0x0000000008009510      0x154 ./Middlewares/USB_Device_Library/usbd_ctlreq.o
 .text.USBD_GetConfig
                0x0000000008009664       0x6c ./Middlewares/USB_Device_Library/usbd_ctlreq.o
 .text.USBD_GetStatus
                0x00000000080096d0       0x68 ./Middlewares/USB_Device_Library/usbd_ctlreq.o
 .text.USBD_SetFeature
                0x0000000008009738       0x52 ./Middlewares/USB_Device_Library/usbd_ctlreq.o
 .text.USBD_ClrFeature
                0x000000000800978a       0x44 ./Middlewares/USB_Device_Library/usbd_ctlreq.o
 .text.USBD_ParseSetupRequest
                0x00000000080097ce       0x74 ./Middlewares/USB_Device_Library/usbd_ctlreq.o
                0x00000000080097ce                USBD_ParseSetupRequest
 .text.USBD_CtlError
                0x0000000008009842       0x22 ./Middlewares/USB_Device_Library/usbd_ctlreq.o
                0x0000000008009842                USBD_CtlError
 .text.USBD_GetString
                0x0000000008009864       0x8c ./Middlewares/USB_Device_Library/usbd_ctlreq.o
                0x0000000008009864                USBD_GetString
 .text.USBD_GetLen
                0x00000000080098f0       0x34 ./Middlewares/USB_Device_Library/usbd_ctlreq.o
 .text.USBD_CtlSendData
                0x0000000008009924       0x36 ./Middlewares/USB_Device_Library/usbd_ioreq.o
                0x0000000008009924                USBD_CtlSendData
 .text.USBD_CtlContinueSendData
                0x000000000800995a       0x22 ./Middlewares/USB_Device_Library/usbd_ioreq.o
                0x000000000800995a                USBD_CtlContinueSendData
 .text.USBD_CtlPrepareRx
                0x000000000800997c       0x3a ./Middlewares/USB_Device_Library/usbd_ioreq.o
                0x000000000800997c                USBD_CtlPrepareRx
 .text.USBD_CtlContinueRx
                0x00000000080099b6       0x22 ./Middlewares/USB_Device_Library/usbd_ioreq.o
                0x00000000080099b6                USBD_CtlContinueRx
 .text.USBD_CtlSendStatus
                0x00000000080099d8       0x26 ./Middlewares/USB_Device_Library/usbd_ioreq.o
                0x00000000080099d8                USBD_CtlSendStatus
 .text.USBD_CtlReceiveStatus
                0x00000000080099fe       0x26 ./Middlewares/USB_Device_Library/usbd_ioreq.o
                0x00000000080099fe                USBD_CtlReceiveStatus
 .text.MX_USB_DEVICE_Init
                0x0000000008009a24       0x60 ./USB_DEVICE/App/usb_device.o
                0x0000000008009a24                MX_USB_DEVICE_Init
 .text.CDC_Init_HS
                0x0000000008009a84       0x28 ./USB_DEVICE/App/usbd_cdc_if.o
 .text.CDC_DeInit_HS
                0x0000000008009aac       0x10 ./USB_DEVICE/App/usbd_cdc_if.o
 .text.CDC_Control_HS
                0x0000000008009abc      0x10c ./USB_DEVICE/App/usbd_cdc_if.o
 .text.CDC_Receive_HS
                0x0000000008009bc8       0x40 ./USB_DEVICE/App/usbd_cdc_if.o
 .text.CDC_TransmitCplt_HS
                0x0000000008009c08       0x22 ./USB_DEVICE/App/usbd_cdc_if.o
 *fill*         0x0000000008009c2a        0x2 
 .text.USBD_HS_DeviceDescriptor
                0x0000000008009c2c       0x24 ./USB_DEVICE/App/usbd_desc.o
                0x0000000008009c2c                USBD_HS_DeviceDescriptor
 .text.USBD_HS_LangIDStrDescriptor
                0x0000000008009c50       0x24 ./USB_DEVICE/App/usbd_desc.o
                0x0000000008009c50                USBD_HS_LangIDStrDescriptor
 .text.USBD_HS_ProductStrDescriptor
                0x0000000008009c74       0x3c ./USB_DEVICE/App/usbd_desc.o
                0x0000000008009c74                USBD_HS_ProductStrDescriptor
 .text.USBD_HS_ManufacturerStrDescriptor
                0x0000000008009cb0       0x28 ./USB_DEVICE/App/usbd_desc.o
                0x0000000008009cb0                USBD_HS_ManufacturerStrDescriptor
 .text.USBD_HS_SerialStrDescriptor
                0x0000000008009cd8       0x24 ./USB_DEVICE/App/usbd_desc.o
                0x0000000008009cd8                USBD_HS_SerialStrDescriptor
 .text.USBD_HS_ConfigStrDescriptor
                0x0000000008009cfc       0x3c ./USB_DEVICE/App/usbd_desc.o
                0x0000000008009cfc                USBD_HS_ConfigStrDescriptor
 .text.USBD_HS_InterfaceStrDescriptor
                0x0000000008009d38       0x3c ./USB_DEVICE/App/usbd_desc.o
                0x0000000008009d38                USBD_HS_InterfaceStrDescriptor
 .text.Get_SerialNum
                0x0000000008009d74       0x58 ./USB_DEVICE/App/usbd_desc.o
 .text.IntToUnicode
                0x0000000008009dcc       0x7e ./USB_DEVICE/App/usbd_desc.o
 *fill*         0x0000000008009e4a        0x2 
 .text.HAL_PCD_MspInit
                0x0000000008009e4c       0xa0 ./USB_DEVICE/Target/usbd_conf.o
                0x0000000008009e4c                HAL_PCD_MspInit
 .text.HAL_PCD_SetupStageCallback
                0x0000000008009eec       0x24 ./USB_DEVICE/Target/usbd_conf.o
                0x0000000008009eec                HAL_PCD_SetupStageCallback
 .text.HAL_PCD_DataOutStageCallback
                0x0000000008009f10       0x36 ./USB_DEVICE/Target/usbd_conf.o
                0x0000000008009f10                HAL_PCD_DataOutStageCallback
 .text.HAL_PCD_DataInStageCallback
                0x0000000008009f46       0x34 ./USB_DEVICE/Target/usbd_conf.o
                0x0000000008009f46                HAL_PCD_DataInStageCallback
 .text.HAL_PCD_SOFCallback
                0x0000000008009f7a       0x1c ./USB_DEVICE/Target/usbd_conf.o
                0x0000000008009f7a                HAL_PCD_SOFCallback
 .text.HAL_PCD_ResetCallback
                0x0000000008009f96       0x50 ./USB_DEVICE/Target/usbd_conf.o
                0x0000000008009f96                HAL_PCD_ResetCallback
 *fill*         0x0000000008009fe6        0x2 
 .text.HAL_PCD_SuspendCallback
                0x0000000008009fe8       0x4c ./USB_DEVICE/Target/usbd_conf.o
                0x0000000008009fe8                HAL_PCD_SuspendCallback
 .text.HAL_PCD_ResumeCallback
                0x000000000800a034       0x1c ./USB_DEVICE/Target/usbd_conf.o
                0x000000000800a034                HAL_PCD_ResumeCallback
 .text.HAL_PCD_ISOOUTIncompleteCallback
                0x000000000800a050       0x24 ./USB_DEVICE/Target/usbd_conf.o
                0x000000000800a050                HAL_PCD_ISOOUTIncompleteCallback
 .text.HAL_PCD_ISOINIncompleteCallback
                0x000000000800a074       0x24 ./USB_DEVICE/Target/usbd_conf.o
                0x000000000800a074                HAL_PCD_ISOINIncompleteCallback
 .text.HAL_PCD_ConnectCallback
                0x000000000800a098       0x1c ./USB_DEVICE/Target/usbd_conf.o
                0x000000000800a098                HAL_PCD_ConnectCallback
 .text.HAL_PCD_DisconnectCallback
                0x000000000800a0b4       0x1c ./USB_DEVICE/Target/usbd_conf.o
                0x000000000800a0b4                HAL_PCD_DisconnectCallback
 .text.USBD_LL_Init
                0x000000000800a0d0       0xa4 ./USB_DEVICE/Target/usbd_conf.o
                0x000000000800a0d0                USBD_LL_Init
 .text.USBD_LL_Start
                0x000000000800a174       0x36 ./USB_DEVICE/Target/usbd_conf.o
                0x000000000800a174                USBD_LL_Start
 .text.USBD_LL_OpenEP
                0x000000000800a1aa       0x4c ./USB_DEVICE/Target/usbd_conf.o
                0x000000000800a1aa                USBD_LL_OpenEP
 .text.USBD_LL_CloseEP
                0x000000000800a1f6       0x3e ./USB_DEVICE/Target/usbd_conf.o
                0x000000000800a1f6                USBD_LL_CloseEP
 .text.USBD_LL_StallEP
                0x000000000800a234       0x3e ./USB_DEVICE/Target/usbd_conf.o
                0x000000000800a234                USBD_LL_StallEP
 .text.USBD_LL_ClearStallEP
                0x000000000800a272       0x3e ./USB_DEVICE/Target/usbd_conf.o
                0x000000000800a272                USBD_LL_ClearStallEP
 .text.USBD_LL_IsStallEP
                0x000000000800a2b0       0x58 ./USB_DEVICE/Target/usbd_conf.o
                0x000000000800a2b0                USBD_LL_IsStallEP
 .text.USBD_LL_SetUSBAddress
                0x000000000800a308       0x3e ./USB_DEVICE/Target/usbd_conf.o
                0x000000000800a308                USBD_LL_SetUSBAddress
 .text.USBD_LL_Transmit
                0x000000000800a346       0x42 ./USB_DEVICE/Target/usbd_conf.o
                0x000000000800a346                USBD_LL_Transmit
 .text.USBD_LL_PrepareReceive
                0x000000000800a388       0x42 ./USB_DEVICE/Target/usbd_conf.o
                0x000000000800a388                USBD_LL_PrepareReceive
 .text.USBD_LL_GetRxDataSize
                0x000000000800a3ca       0x26 ./USB_DEVICE/Target/usbd_conf.o
                0x000000000800a3ca                USBD_LL_GetRxDataSize
 .text.USBD_static_malloc
                0x000000000800a3f0       0x1c ./USB_DEVICE/Target/usbd_conf.o
                0x000000000800a3f0                USBD_static_malloc
 .text.USBD_static_free
                0x000000000800a40c       0x14 ./USB_DEVICE/Target/usbd_conf.o
                0x000000000800a40c                USBD_static_free
 .text.USBD_Get_USB_Status
                0x000000000800a420       0x58 ./USB_DEVICE/Target/usbd_conf.o
                0x000000000800a420                USBD_Get_USB_Status
 .text.__libc_init_array
                0x000000000800a478       0x48 k:/sofdwares/stm32/stm32cubeide_1.10.1/stm32cubeide/plugins/com.st.stm32cube.ide.mcu.externaltools.gnu-tools-for-stm32.10.3-2021.10.win32_1.0.0.202111181127/tools/bin/../lib/gcc/arm-none-eabi/10.3.1/../../../../arm-none-eabi/lib/thumb/v7e-m+fp/hard\libc_nano.a(lib_a-init.o)
                0x000000000800a478                __libc_init_array
 .text.memset   0x000000000800a4c0       0x10 k:/sofdwares/stm32/stm32cubeide_1.10.1/stm32cubeide/plugins/com.st.stm32cube.ide.mcu.externaltools.gnu-tools-for-stm32.10.3-2021.10.win32_1.0.0.202111181127/tools/bin/../lib/gcc/arm-none-eabi/10.3.1/../../../../arm-none-eabi/lib/thumb/v7e-m+fp/hard\libc_nano.a(lib_a-memset.o)
                0x000000000800a4c0                memset
 .text.strncmp  0x000000000800a4d0       0x28 k:/sofdwares/stm32/stm32cubeide_1.10.1/stm32cubeide/plugins/com.st.stm32cube.ide.mcu.externaltools.gnu-tools-for-stm32.10.3-2021.10.win32_1.0.0.202111181127/tools/bin/../lib/gcc/arm-none-eabi/10.3.1/../../../../arm-none-eabi/lib/thumb/v7e-m+fp/hard\libc_nano.a(lib_a-strncmp.o)
                0x000000000800a4d0                strncmp
 *(.glue_7)
 .glue_7        0x000000000800a4f8        0x0 linker stubs
 *(.glue_7t)
 .glue_7t       0x000000000800a4f8        0x0 linker stubs
 *(.eh_frame)
 .eh_frame      0x000000000800a4f8        0x0 k:/sofdwares/stm32/stm32cubeide_1.10.1/stm32cubeide/plugins/com.st.stm32cube.ide.mcu.externaltools.gnu-tools-for-stm32.10.3-2021.10.win32_1.0.0.202111181127/tools/bin/../lib/gcc/arm-none-eabi/10.3.1/thumb/v7e-m+fp/hard/crtbegin.o
 *(.init)
 .init          0x000000000800a4f8        0x4 k:/sofdwares/stm32/stm32cubeide_1.10.1/stm32cubeide/plugins/com.st.stm32cube.ide.mcu.externaltools.gnu-tools-for-stm32.10.3-2021.10.win32_1.0.0.202111181127/tools/bin/../lib/gcc/arm-none-eabi/10.3.1/thumb/v7e-m+fp/hard/crti.o
                0x000000000800a4f8                _init
 .init          0x000000000800a4fc        0x8 k:/sofdwares/stm32/stm32cubeide_1.10.1/stm32cubeide/plugins/com.st.stm32cube.ide.mcu.externaltools.gnu-tools-for-stm32.10.3-2021.10.win32_1.0.0.202111181127/tools/bin/../lib/gcc/arm-none-eabi/10.3.1/thumb/v7e-m+fp/hard/crtn.o
 *(.fini)
 .fini          0x000000000800a504        0x4 k:/sofdwares/stm32/stm32cubeide_1.10.1/stm32cubeide/plugins/com.st.stm32cube.ide.mcu.externaltools.gnu-tools-for-stm32.10.3-2021.10.win32_1.0.0.202111181127/tools/bin/../lib/gcc/arm-none-eabi/10.3.1/thumb/v7e-m+fp/hard/crti.o
                0x000000000800a504                _fini
 .fini          0x000000000800a508        0x8 k:/sofdwares/stm32/stm32cubeide_1.10.1/stm32cubeide/plugins/com.st.stm32cube.ide.mcu.externaltools.gnu-tools-for-stm32.10.3-2021.10.win32_1.0.0.202111181127/tools/bin/../lib/gcc/arm-none-eabi/10.3.1/thumb/v7e-m+fp/hard/crtn.o
                0x000000000800a510                . = ALIGN (0x4)
                0x000000000800a510                _etext = .

.vfp11_veneer   0x000000000800a510        0x0
 .vfp11_veneer  0x000000000800a510        0x0 linker stubs

.v4_bx          0x000000000800a510        0x0
 .v4_bx         0x000000000800a510        0x0 linker stubs

.iplt           0x000000000800a510        0x0
 .iplt          0x000000000800a510        0x0 k:/sofdwares/stm32/stm32cubeide_1.10.1/stm32cubeide/plugins/com.st.stm32cube.ide.mcu.externaltools.gnu-tools-for-stm32.10.3-2021.10.win32_1.0.0.202111181127/tools/bin/../lib/gcc/arm-none-eabi/10.3.1/thumb/v7e-m+fp/hard/crtbegin.o

.rodata         0x000000000800a510     0x2794
                0x000000000800a510                . = ALIGN (0x4)
 *(.rodata)
 .rodata        0x000000000800a510       0x9b ./Core/Src/main.o
 *fill*         0x000000000800a5ab        0x1 
 .rodata        0x000000000800a5ac       0x46 ./USB_DEVICE/App/usbd_desc.o
 *(.rodata*)
 *fill*         0x000000000800a5f2        0x2 
 .rodata.AHBPrescTable
                0x000000000800a5f4       0x10 ./Core/Src/system_stm32f4xx.o
                0x000000000800a5f4                AHBPrescTable
 .rodata.Font24_Table
                0x000000000800a604     0x1ab8 ./Drivers/BSP/STM32F429I-Discovery/stm32f429i_discovery_lcd.o
                0x000000000800a604                Font24_Table
 .rodata.Font16_Table
                0x000000000800c0bc      0xbe0 ./Drivers/BSP/STM32F429I-Discovery/stm32f429i_discovery_lcd.o
                0x000000000800c0bc                Font16_Table
 .rodata.flagBitshiftOffset.0
                0x000000000800cc9c        0x8 ./Drivers/STM32F4xx_HAL_Driver/stm32f4xx_hal_dma.o
                0x000000000800cca4                . = ALIGN (0x4)

.ARM.extab      0x000000000800cca4        0x0
                0x000000000800cca4                . = ALIGN (0x4)
 *(.ARM.extab* .gnu.linkonce.armextab.*)
                0x000000000800cca4                . = ALIGN (0x4)

.ARM            0x000000000800cca4        0x8
                0x000000000800cca4                . = ALIGN (0x4)
                0x000000000800cca4                __exidx_start = .
 *(.ARM.exidx*)
 .ARM.exidx     0x000000000800cca4        0x8 k:/sofdwares/stm32/stm32cubeide_1.10.1/stm32cubeide/plugins/com.st.stm32cube.ide.mcu.externaltools.gnu-tools-for-stm32.10.3-2021.10.win32_1.0.0.202111181127/tools/bin/../lib/gcc/arm-none-eabi/10.3.1/thumb/v7e-m+fp/hard\libgcc.a(_udivmoddi4.o)
                0x000000000800ccac                __exidx_end = .
                0x000000000800ccac                . = ALIGN (0x4)

.rel.dyn        0x000000000800ccac        0x0
 .rel.iplt      0x000000000800ccac        0x0 k:/sofdwares/stm32/stm32cubeide_1.10.1/stm32cubeide/plugins/com.st.stm32cube.ide.mcu.externaltools.gnu-tools-for-stm32.10.3-2021.10.win32_1.0.0.202111181127/tools/bin/../lib/gcc/arm-none-eabi/10.3.1/thumb/v7e-m+fp/hard/crtbegin.o

.preinit_array  0x000000000800ccac        0x0
                0x000000000800ccac                . = ALIGN (0x4)
                0x000000000800ccac                PROVIDE (__preinit_array_start = .)
 *(.preinit_array*)
                0x000000000800ccac                PROVIDE (__preinit_array_end = .)
                0x000000000800ccac                . = ALIGN (0x4)

.init_array     0x000000000800ccac        0x4
                0x000000000800ccac                . = ALIGN (0x4)
                0x000000000800ccac                PROVIDE (__init_array_start = .)
 *(SORT_BY_NAME(.init_array.*))
 *(.init_array*)
 .init_array    0x000000000800ccac        0x4 k:/sofdwares/stm32/stm32cubeide_1.10.1/stm32cubeide/plugins/com.st.stm32cube.ide.mcu.externaltools.gnu-tools-for-stm32.10.3-2021.10.win32_1.0.0.202111181127/tools/bin/../lib/gcc/arm-none-eabi/10.3.1/thumb/v7e-m+fp/hard/crtbegin.o
                0x000000000800ccb0                PROVIDE (__init_array_end = .)
                0x000000000800ccb0                . = ALIGN (0x4)

.fini_array     0x000000000800ccb0        0x4
                0x000000000800ccb0                . = ALIGN (0x4)
                [!provide]                        PROVIDE (__fini_array_start = .)
 *(SORT_BY_NAME(.fini_array.*))
 *(.fini_array*)
 .fini_array    0x000000000800ccb0        0x4 k:/sofdwares/stm32/stm32cubeide_1.10.1/stm32cubeide/plugins/com.st.stm32cube.ide.mcu.externaltools.gnu-tools-for-stm32.10.3-2021.10.win32_1.0.0.202111181127/tools/bin/../lib/gcc/arm-none-eabi/10.3.1/thumb/v7e-m+fp/hard/crtbegin.o
                [!provide]                        PROVIDE (__fini_array_end = .)
                0x000000000800ccb4                . = ALIGN (0x4)
                0x000000000800ccb4                _sidata = LOADADDR (.data)

.data           0x0000000020000000      0x14c load address 0x000000000800ccb4
                0x0000000020000000                . = ALIGN (0x4)
                0x0000000020000000                _sdata = .
 *(.data)
 *(.data*)
 .data.SystemCoreClock
                0x0000000020000000        0x4 ./Core/Src/system_stm32f4xx.o
                0x0000000020000000                SystemCoreClock
 .data.ili9341_drv
                0x0000000020000004       0x38 ./Drivers/BSP/Components/ili9341/ili9341.o
                0x0000000020000004                ili9341_drv
 .data.SpixTimeout
                0x000000002000003c        0x4 ./Drivers/BSP/STM32F429I-Discovery/stm32f429i_discovery.o
                0x000000002000003c                SpixTimeout
 .data.Font24   0x0000000020000040        0x8 ./Drivers/BSP/STM32F429I-Discovery/stm32f429i_discovery_lcd.o
                0x0000000020000040                Font24
 .data.Font16   0x0000000020000048        0x8 ./Drivers/BSP/STM32F429I-Discovery/stm32f429i_discovery_lcd.o
                0x0000000020000048                Font16
 .data.sdramstatus.2
                0x0000000020000050        0x1 ./Drivers/BSP/STM32F429I-Discovery/stm32f429i_discovery_sdram.o
 *fill*         0x0000000020000051        0x3 
 .data.uwTickPrio
                0x0000000020000054        0x4 ./Drivers/STM32F4xx_HAL_Driver/stm32f4xx_hal.o
                0x0000000020000054                uwTickPrio
 .data.uwTickFreq
                0x0000000020000058        0x1 ./Drivers/STM32F4xx_HAL_Driver/stm32f4xx_hal.o
                0x0000000020000058                uwTickFreq
 *fill*         0x0000000020000059        0x3 
 .data.USBD_CDC_DeviceQualifierDesc
                0x000000002000005c        0xa ./Middlewares/USB_Device_Library/usbd_cdc.o
 *fill*         0x0000000020000066        0x2 
 .data.USBD_CDC
                0x0000000020000068       0x38 ./Middlewares/USB_Device_Library/usbd_cdc.o
                0x0000000020000068                USBD_CDC
 .data.USBD_CDC_CfgDesc
                0x00000000200000a0       0x43 ./Middlewares/USB_Device_Library/usbd_cdc.o
 .data.CDCInEpAdd
                0x00000000200000e3        0x1 ./Middlewares/USB_Device_Library/usbd_cdc.o
 .data.CDCOutEpAdd
                0x00000000200000e4        0x1 ./Middlewares/USB_Device_Library/usbd_cdc.o
 .data.CDCCmdEpAdd
                0x00000000200000e5        0x1 ./Middlewares/USB_Device_Library/usbd_cdc.o
 *fill*         0x00000000200000e6        0x2 
 .data.USBD_Interface_fops_HS
                0x00000000200000e8       0x14 ./USB_DEVICE/App/usbd_cdc_if.o
                0x00000000200000e8                USBD_Interface_fops_HS
 .data.HS_Desc  0x00000000200000fc       0x1c ./USB_DEVICE/App/usbd_desc.o
                0x00000000200000fc                HS_Desc
 .data.USBD_HS_DeviceDesc
                0x0000000020000118       0x12 ./USB_DEVICE/App/usbd_desc.o
                0x0000000020000118                USBD_HS_DeviceDesc
 *fill*         0x000000002000012a        0x2 
 .data.USBD_LangIDDesc
                0x000000002000012c        0x4 ./USB_DEVICE/App/usbd_desc.o
                0x000000002000012c                USBD_LangIDDesc
 .data.USBD_StringSerial
                0x0000000020000130       0x1a ./USB_DEVICE/App/usbd_desc.o
                0x0000000020000130                USBD_StringSerial
 *(.RamFunc)
 *(.RamFunc*)
                0x000000002000014c                . = ALIGN (0x4)
 *fill*         0x000000002000014a        0x2 
                0x000000002000014c                _edata = .
                0x000000000800ce00                _siccmram = LOADADDR (.ccmram)

.igot.plt       0x000000002000014c        0x0 load address 0x000000000800ce00
 .igot.plt      0x000000002000014c        0x0 k:/sofdwares/stm32/stm32cubeide_1.10.1/stm32cubeide/plugins/com.st.stm32cube.ide.mcu.externaltools.gnu-tools-for-stm32.10.3-2021.10.win32_1.0.0.202111181127/tools/bin/../lib/gcc/arm-none-eabi/10.3.1/thumb/v7e-m+fp/hard/crtbegin.o

.ccmram         0x0000000010000000        0x0 load address 0x000000000800ce00
                0x0000000010000000                . = ALIGN (0x4)
                0x0000000010000000                _sccmram = .
 *(.ccmram)
 *(.ccmram*)
                0x0000000010000000                . = ALIGN (0x4)
                0x0000000010000000                _eccmram = .
                0x0000000010000000                . = ALIGN (0x4)

.bss            0x000000002000014c     0x1e90
                0x000000002000014c                _sbss = .
                0x000000002000014c                __bss_start__ = _sbss
 *(.bss)
 .bss           0x000000002000014c       0x1c k:/sofdwares/stm32/stm32cubeide_1.10.1/stm32cubeide/plugins/com.st.stm32cube.ide.mcu.externaltools.gnu-tools-for-stm32.10.3-2021.10.win32_1.0.0.202111181127/tools/bin/../lib/gcc/arm-none-eabi/10.3.1/thumb/v7e-m+fp/hard/crtbegin.o
 *(.bss*)
 .bss.Rx_buffer
                0x0000000020000168        0x4 ./Core/Src/main.o
                0x0000000020000168                Rx_buffer
 .bss.flag      0x000000002000016c        0x4 ./Core/Src/main.o
                0x000000002000016c                flag
 .bss.SpiHandle
                0x0000000020000170       0x58 ./Drivers/BSP/STM32F429I-Discovery/stm32f429i_discovery.o
 .bss.Is_LCD_IO_Initialized
                0x00000000200001c8        0x1 ./Drivers/BSP/STM32F429I-Discovery/stm32f429i_discovery.o
 *fill*         0x00000000200001c9        0x3 
 .bss.LtdcHandler
                0x00000000200001cc       0xa8 ./Drivers/BSP/STM32F429I-Discovery/stm32f429i_discovery_lcd.o
                0x00000000200001cc                LtdcHandler
 .bss.Dma2dHandler
                0x0000000020000274       0x40 ./Drivers/BSP/STM32F429I-Discovery/stm32f429i_discovery_lcd.o
 .bss.PeriphClkInitStruct
                0x00000000200002b4       0x30 ./Drivers/BSP/STM32F429I-Discovery/stm32f429i_discovery_lcd.o
 .bss.ActiveLayer
                0x00000000200002e4        0x4 ./Drivers/BSP/STM32F429I-Discovery/stm32f429i_discovery_lcd.o
 .bss.DrawProp  0x00000000200002e8       0x18 ./Drivers/BSP/STM32F429I-Discovery/stm32f429i_discovery_lcd.o
 .bss.LcdDrv    0x0000000020000300        0x4 ./Drivers/BSP/STM32F429I-Discovery/stm32f429i_discovery_lcd.o
                0x0000000020000300                LcdDrv
 .bss.SdramHandle
                0x0000000020000304       0x34 ./Drivers/BSP/STM32F429I-Discovery/stm32f429i_discovery_sdram.o
 .bss.Timing    0x0000000020000338       0x1c ./Drivers/BSP/STM32F429I-Discovery/stm32f429i_discovery_sdram.o
 .bss.Command   0x0000000020000354       0x10 ./Drivers/BSP/STM32F429I-Discovery/stm32f429i_discovery_sdram.o
 .bss.dmaHandle.1
                0x0000000020000364       0x60 ./Drivers/BSP/STM32F429I-Discovery/stm32f429i_discovery_sdram.o
 .bss.uwTick    0x00000000200003c4        0x4 ./Drivers/STM32F4xx_HAL_Driver/stm32f4xx_hal.o
                0x00000000200003c4                uwTick
 .bss.cfgidx.0  0x00000000200003c8        0x1 ./Middlewares/USB_Device_Library/usbd_ctlreq.o
 *fill*         0x00000000200003c9        0x3 
 .bss.hUsbDeviceHS
                0x00000000200003cc      0x2dc ./USB_DEVICE/App/usb_device.o
                0x00000000200003cc                hUsbDeviceHS
 .bss.UserRxBufferHS
                0x00000000200006a8      0x800 ./USB_DEVICE/App/usbd_cdc_if.o
                0x00000000200006a8                UserRxBufferHS
 .bss.UserTxBufferHS
                0x0000000020000ea8      0x800 ./USB_DEVICE/App/usbd_cdc_if.o
                0x0000000020000ea8                UserTxBufferHS
 .bss.buff      0x00000000200016a8        0x7 ./USB_DEVICE/App/usbd_cdc_if.o
                0x00000000200016a8                buff
 *fill*         0x00000000200016af        0x1 
 .bss.USBD_StrDesc
                0x00000000200016b0      0x200 ./USB_DEVICE/App/usbd_desc.o
                0x00000000200016b0                USBD_StrDesc
 .bss.hpcd_USB_OTG_HS
                0x00000000200018b0      0x50c ./USB_DEVICE/Target/usbd_conf.o
                0x00000000200018b0                hpcd_USB_OTG_HS
 .bss.mem.0     0x0000000020001dbc      0x220 ./USB_DEVICE/Target/usbd_conf.o
 *(COMMON)
                0x0000000020001fdc                . = ALIGN (0x4)
                0x0000000020001fdc                _ebss = .
                0x0000000020001fdc                __bss_end__ = _ebss

._user_heap_stack
                0x0000000020001fdc     0x2404
                0x0000000020001fe0                . = ALIGN (0x8)
 *fill*         0x0000000020001fdc        0x4 
                [!provide]                        PROVIDE (end = .)
                0x0000000020001fe0                PROVIDE (_end = .)
                0x0000000020003fe0                . = (. + _Min_Heap_Size)
 *fill*         0x0000000020001fe0     0x2000 
                0x00000000200043e0                . = (. + _Min_Stack_Size)
 *fill*         0x0000000020003fe0      0x400 
                0x00000000200043e0                . = ALIGN (0x8)

/DISCARD/
 libc.a(*)
 libm.a(*)
 libgcc.a(*)

.ARM.attributes
                0x0000000000000000       0x30
 *(.ARM.attributes)
 .ARM.attributes
                0x0000000000000000       0x1e k:/sofdwares/stm32/stm32cubeide_1.10.1/stm32cubeide/plugins/com.st.stm32cube.ide.mcu.externaltools.gnu-tools-for-stm32.10.3-2021.10.win32_1.0.0.202111181127/tools/bin/../lib/gcc/arm-none-eabi/10.3.1/thumb/v7e-m+fp/hard/crti.o
 .ARM.attributes
                0x000000000000001e       0x34 k:/sofdwares/stm32/stm32cubeide_1.10.1/stm32cubeide/plugins/com.st.stm32cube.ide.mcu.externaltools.gnu-tools-for-stm32.10.3-2021.10.win32_1.0.0.202111181127/tools/bin/../lib/gcc/arm-none-eabi/10.3.1/thumb/v7e-m+fp/hard/crtbegin.o
 .ARM.attributes
                0x0000000000000052       0x34 ./Core/Src/main.o
 .ARM.attributes
                0x0000000000000086       0x34 ./Core/Src/stm32f4xx_hal_msp.o
 .ARM.attributes
                0x00000000000000ba       0x34 ./Core/Src/stm32f4xx_it.o
 .ARM.attributes
                0x00000000000000ee       0x34 ./Core/Src/system_stm32f4xx.o
 .ARM.attributes
                0x0000000000000122       0x21 ./Core/Startup/startup_stm32f429zitx.o
 .ARM.attributes
                0x0000000000000143       0x34 ./Drivers/BSP/Components/ili9341/ili9341.o
 .ARM.attributes
                0x0000000000000177       0x34 ./Drivers/BSP/STM32F429I-Discovery/stm32f429i_discovery.o
 .ARM.attributes
                0x00000000000001ab       0x34 ./Drivers/BSP/STM32F429I-Discovery/stm32f429i_discovery_lcd.o
 .ARM.attributes
                0x00000000000001df       0x34 ./Drivers/BSP/STM32F429I-Discovery/stm32f429i_discovery_sdram.o
 .ARM.attributes
                0x0000000000000213       0x34 ./Drivers/STM32F4xx_HAL_Driver/stm32f4xx_hal.o
 .ARM.attributes
                0x0000000000000247       0x34 ./Drivers/STM32F4xx_HAL_Driver/stm32f4xx_hal_cortex.o
 .ARM.attributes
                0x000000000000027b       0x34 ./Drivers/STM32F4xx_HAL_Driver/stm32f4xx_hal_dma.o
 .ARM.attributes
                0x00000000000002af       0x34 ./Drivers/STM32F4xx_HAL_Driver/stm32f4xx_hal_dma2d.o
 .ARM.attributes
                0x00000000000002e3       0x34 ./Drivers/STM32F4xx_HAL_Driver/stm32f4xx_hal_gpio.o
 .ARM.attributes
                0x0000000000000317       0x34 ./Drivers/STM32F4xx_HAL_Driver/stm32f4xx_hal_ltdc.o
 .ARM.attributes
                0x000000000000034b       0x34 ./Drivers/STM32F4xx_HAL_Driver/stm32f4xx_hal_pcd.o
 .ARM.attributes
                0x000000000000037f       0x34 ./Drivers/STM32F4xx_HAL_Driver/stm32f4xx_hal_pcd_ex.o
 .ARM.attributes
                0x00000000000003b3       0x34 ./Drivers/STM32F4xx_HAL_Driver/stm32f4xx_hal_rcc.o
 .ARM.attributes
                0x00000000000003e7       0x34 ./Drivers/STM32F4xx_HAL_Driver/stm32f4xx_hal_rcc_ex.o
 .ARM.attributes
                0x000000000000041b       0x34 ./Drivers/STM32F4xx_HAL_Driver/stm32f4xx_hal_sdram.o
 .ARM.attributes
                0x000000000000044f       0x34 ./Drivers/STM32F4xx_HAL_Driver/stm32f4xx_hal_spi.o
 .ARM.attributes
                0x0000000000000483       0x34 ./Drivers/STM32F4xx_HAL_Driver/stm32f4xx_ll_fmc.o
 .ARM.attributes
                0x00000000000004b7       0x34 ./Drivers/STM32F4xx_HAL_Driver/stm32f4xx_ll_usb.o
 .ARM.attributes
                0x00000000000004eb       0x34 ./Middlewares/USB_Device_Library/usbd_cdc.o
 .ARM.attributes
                0x000000000000051f       0x34 ./Middlewares/USB_Device_Library/usbd_core.o
 .ARM.attributes
                0x0000000000000553       0x34 ./Middlewares/USB_Device_Library/usbd_ctlreq.o
 .ARM.attributes
                0x0000000000000587       0x34 ./Middlewares/USB_Device_Library/usbd_ioreq.o
 .ARM.attributes
                0x00000000000005bb       0x34 ./USB_DEVICE/App/usb_device.o
 .ARM.attributes
                0x00000000000005ef       0x34 ./USB_DEVICE/App/usbd_cdc_if.o
 .ARM.attributes
                0x0000000000000623       0x34 ./USB_DEVICE/App/usbd_desc.o
 .ARM.attributes
                0x0000000000000657       0x34 ./USB_DEVICE/Target/usbd_conf.o
 .ARM.attributes
                0x000000000000068b       0x34 k:/sofdwares/stm32/stm32cubeide_1.10.1/stm32cubeide/plugins/com.st.stm32cube.ide.mcu.externaltools.gnu-tools-for-stm32.10.3-2021.10.win32_1.0.0.202111181127/tools/bin/../lib/gcc/arm-none-eabi/10.3.1/../../../../arm-none-eabi/lib/thumb/v7e-m+fp/hard\libc_nano.a(lib_a-init.o)
 .ARM.attributes
                0x00000000000006bf       0x34 k:/sofdwares/stm32/stm32cubeide_1.10.1/stm32cubeide/plugins/com.st.stm32cube.ide.mcu.externaltools.gnu-tools-for-stm32.10.3-2021.10.win32_1.0.0.202111181127/tools/bin/../lib/gcc/arm-none-eabi/10.3.1/../../../../arm-none-eabi/lib/thumb/v7e-m+fp/hard\libc_nano.a(lib_a-memset.o)
 .ARM.attributes
                0x00000000000006f3       0x34 k:/sofdwares/stm32/stm32cubeide_1.10.1/stm32cubeide/plugins/com.st.stm32cube.ide.mcu.externaltools.gnu-tools-for-stm32.10.3-2021.10.win32_1.0.0.202111181127/tools/bin/../lib/gcc/arm-none-eabi/10.3.1/../../../../arm-none-eabi/lib/thumb/v7e-m+fp/hard\libc_nano.a(lib_a-strncmp.o)
 .ARM.attributes
                0x0000000000000727       0x1e k:/sofdwares/stm32/stm32cubeide_1.10.1/stm32cubeide/plugins/com.st.stm32cube.ide.mcu.externaltools.gnu-tools-for-stm32.10.3-2021.10.win32_1.0.0.202111181127/tools/bin/../lib/gcc/arm-none-eabi/10.3.1/thumb/v7e-m+fp/hard\libgcc.a(_aeabi_uldivmod.o)
 .ARM.attributes
                0x0000000000000745       0x34 k:/sofdwares/stm32/stm32cubeide_1.10.1/stm32cubeide/plugins/com.st.stm32cube.ide.mcu.externaltools.gnu-tools-for-stm32.10.3-2021.10.win32_1.0.0.202111181127/tools/bin/../lib/gcc/arm-none-eabi/10.3.1/thumb/v7e-m+fp/hard\libgcc.a(_udivmoddi4.o)
 .ARM.attributes
                0x0000000000000779       0x1e k:/sofdwares/stm32/stm32cubeide_1.10.1/stm32cubeide/plugins/com.st.stm32cube.ide.mcu.externaltools.gnu-tools-for-stm32.10.3-2021.10.win32_1.0.0.202111181127/tools/bin/../lib/gcc/arm-none-eabi/10.3.1/thumb/v7e-m+fp/hard\libgcc.a(_dvmd_tls.o)
 .ARM.attributes
                0x0000000000000797       0x1e k:/sofdwares/stm32/stm32cubeide_1.10.1/stm32cubeide/plugins/com.st.stm32cube.ide.mcu.externaltools.gnu-tools-for-stm32.10.3-2021.10.win32_1.0.0.202111181127/tools/bin/../lib/gcc/arm-none-eabi/10.3.1/thumb/v7e-m+fp/hard/crtn.o
OUTPUT(LAB03.elf elf32-littlearm)
LOAD linker stubs
LOAD k:/sofdwares/stm32/stm32cubeide_1.10.1/stm32cubeide/plugins/com.st.stm32cube.ide.mcu.externaltools.gnu-tools-for-stm32.10.3-2021.10.win32_1.0.0.202111181127/tools/bin/../lib/gcc/arm-none-eabi/10.3.1/../../../../arm-none-eabi/lib/thumb/v7e-m+fp/hard\libc.a
LOAD k:/sofdwares/stm32/stm32cubeide_1.10.1/stm32cubeide/plugins/com.st.stm32cube.ide.mcu.externaltools.gnu-tools-for-stm32.10.3-2021.10.win32_1.0.0.202111181127/tools/bin/../lib/gcc/arm-none-eabi/10.3.1/../../../../arm-none-eabi/lib/thumb/v7e-m+fp/hard\libm.a
LOAD k:/sofdwares/stm32/stm32cubeide_1.10.1/stm32cubeide/plugins/com.st.stm32cube.ide.mcu.externaltools.gnu-tools-for-stm32.10.3-2021.10.win32_1.0.0.202111181127/tools/bin/../lib/gcc/arm-none-eabi/10.3.1/thumb/v7e-m+fp/hard\libgcc.a

.debug_info     0x0000000000000000    0x19c1d
 .debug_info    0x0000000000000000      0x840 ./Core/Src/main.o
 .debug_info    0x0000000000000840      0x2c4 ./Core/Src/stm32f4xx_hal_msp.o
 .debug_info    0x0000000000000b04      0x650 ./Core/Src/stm32f4xx_it.o
 .debug_info    0x0000000000001154      0x53f ./Core/Src/system_stm32f4xx.o
 .debug_info    0x0000000000001693       0x22 ./Core/Startup/startup_stm32f429zitx.o
 .debug_info    0x00000000000016b5      0x3c2 ./Drivers/BSP/Components/ili9341/ili9341.o
 .debug_info    0x0000000000001a77     0x1aeb ./Drivers/BSP/STM32F429I-Discovery/stm32f429i_discovery.o
 .debug_info    0x0000000000003562     0x2618 ./Drivers/BSP/STM32F429I-Discovery/stm32f429i_discovery_lcd.o
 .debug_info    0x0000000000005b7a     0x108d ./Drivers/BSP/STM32F429I-Discovery/stm32f429i_discovery_sdram.o
 .debug_info    0x0000000000006c07      0x9f4 ./Drivers/STM32F4xx_HAL_Driver/stm32f4xx_hal.o
 .debug_info    0x00000000000075fb      0xe51 ./Drivers/STM32F4xx_HAL_Driver/stm32f4xx_hal_cortex.o
 .debug_info    0x000000000000844c      0x94f ./Drivers/STM32F4xx_HAL_Driver/stm32f4xx_hal_dma.o
 .debug_info    0x0000000000008d9b      0xf91 ./Drivers/STM32F4xx_HAL_Driver/stm32f4xx_hal_dma2d.o
 .debug_info    0x0000000000009d2c      0x786 ./Drivers/STM32F4xx_HAL_Driver/stm32f4xx_hal_gpio.o
 .debug_info    0x000000000000a4b2     0x114d ./Drivers/STM32F4xx_HAL_Driver/stm32f4xx_hal_ltdc.o
 .debug_info    0x000000000000b5ff     0x1695 ./Drivers/STM32F4xx_HAL_Driver/stm32f4xx_hal_pcd.o
 .debug_info    0x000000000000cc94      0x717 ./Drivers/STM32F4xx_HAL_Driver/stm32f4xx_hal_pcd_ex.o
 .debug_info    0x000000000000d3ab      0x982 ./Drivers/STM32F4xx_HAL_Driver/stm32f4xx_hal_rcc.o
 .debug_info    0x000000000000dd2d      0x689 ./Drivers/STM32F4xx_HAL_Driver/stm32f4xx_hal_rcc_ex.o
 .debug_info    0x000000000000e3b6      0xf46 ./Drivers/STM32F4xx_HAL_Driver/stm32f4xx_hal_sdram.o
 .debug_info    0x000000000000f2fc     0x1758 ./Drivers/STM32F4xx_HAL_Driver/stm32f4xx_hal_spi.o
 .debug_info    0x0000000000010a54      0xe98 ./Drivers/STM32F4xx_HAL_Driver/stm32f4xx_ll_fmc.o
 .debug_info    0x00000000000118ec     0x1a97 ./Drivers/STM32F4xx_HAL_Driver/stm32f4xx_ll_usb.o
 .debug_info    0x0000000000013383     0x130c ./Middlewares/USB_Device_Library/usbd_cdc.o
 .debug_info    0x000000000001468f      0xee7 ./Middlewares/USB_Device_Library/usbd_core.o
 .debug_info    0x0000000000015576      0xb7f ./Middlewares/USB_Device_Library/usbd_ctlreq.o
 .debug_info    0x00000000000160f5      0x7da ./Middlewares/USB_Device_Library/usbd_ioreq.o
 .debug_info    0x00000000000168cf      0x76a ./USB_DEVICE/App/usb_device.o
 .debug_info    0x0000000000017039      0x9db ./USB_DEVICE/App/usbd_cdc_if.o
 .debug_info    0x0000000000017a14      0x498 ./USB_DEVICE/App/usbd_desc.o
 .debug_info    0x0000000000017eac     0x1d71 ./USB_DEVICE/Target/usbd_conf.o

.debug_abbrev   0x0000000000000000     0x416e
 .debug_abbrev  0x0000000000000000      0x22c ./Core/Src/main.o
 .debug_abbrev  0x000000000000022c       0xd4 ./Core/Src/stm32f4xx_hal_msp.o
 .debug_abbrev  0x0000000000000300      0x199 ./Core/Src/stm32f4xx_it.o
 .debug_abbrev  0x0000000000000499      0x116 ./Core/Src/system_stm32f4xx.o
 .debug_abbrev  0x00000000000005af       0x12 ./Core/Startup/startup_stm32f429zitx.o
 .debug_abbrev  0x00000000000005c1      0x1a8 ./Drivers/BSP/Components/ili9341/ili9341.o
 .debug_abbrev  0x0000000000000769      0x2e2 ./Drivers/BSP/STM32F429I-Discovery/stm32f429i_discovery.o
 .debug_abbrev  0x0000000000000a4b      0x32c ./Drivers/BSP/STM32F429I-Discovery/stm32f429i_discovery_lcd.o
 .debug_abbrev  0x0000000000000d77      0x276 ./Drivers/BSP/STM32F429I-Discovery/stm32f429i_discovery_sdram.o
 .debug_abbrev  0x0000000000000fed      0x20d ./Drivers/STM32F4xx_HAL_Driver/stm32f4xx_hal.o
 .debug_abbrev  0x00000000000011fa      0x316 ./Drivers/STM32F4xx_HAL_Driver/stm32f4xx_hal_cortex.o
 .debug_abbrev  0x0000000000001510      0x25b ./Drivers/STM32F4xx_HAL_Driver/stm32f4xx_hal_dma.o
 .debug_abbrev  0x000000000000176b      0x22e ./Drivers/STM32F4xx_HAL_Driver/stm32f4xx_hal_dma2d.o
 .debug_abbrev  0x0000000000001999      0x1c4 ./Drivers/STM32F4xx_HAL_Driver/stm32f4xx_hal_gpio.o
 .debug_abbrev  0x0000000000001b5d      0x221 ./Drivers/STM32F4xx_HAL_Driver/stm32f4xx_hal_ltdc.o
 .debug_abbrev  0x0000000000001d7e      0x2bb ./Drivers/STM32F4xx_HAL_Driver/stm32f4xx_hal_pcd.o
 .debug_abbrev  0x0000000000002039      0x1ce ./Drivers/STM32F4xx_HAL_Driver/stm32f4xx_hal_pcd_ex.o
 .debug_abbrev  0x0000000000002207      0x2aa ./Drivers/STM32F4xx_HAL_Driver/stm32f4xx_hal_rcc.o
 .debug_abbrev  0x00000000000024b1      0x1a8 ./Drivers/STM32F4xx_HAL_Driver/stm32f4xx_hal_rcc_ex.o
 .debug_abbrev  0x0000000000002659      0x230 ./Drivers/STM32F4xx_HAL_Driver/stm32f4xx_hal_sdram.o
 .debug_abbrev  0x0000000000002889      0x26e ./Drivers/STM32F4xx_HAL_Driver/stm32f4xx_hal_spi.o
 .debug_abbrev  0x0000000000002af7      0x196 ./Drivers/STM32F4xx_HAL_Driver/stm32f4xx_ll_fmc.o
 .debug_abbrev  0x0000000000002c8d      0x296 ./Drivers/STM32F4xx_HAL_Driver/stm32f4xx_ll_usb.o
 .debug_abbrev  0x0000000000002f23      0x2be ./Middlewares/USB_Device_Library/usbd_cdc.o
 .debug_abbrev  0x00000000000031e1      0x263 ./Middlewares/USB_Device_Library/usbd_core.o
 .debug_abbrev  0x0000000000003444      0x25c ./Middlewares/USB_Device_Library/usbd_ctlreq.o
 .debug_abbrev  0x00000000000036a0      0x18a ./Middlewares/USB_Device_Library/usbd_ioreq.o
 .debug_abbrev  0x000000000000382a      0x18a ./USB_DEVICE/App/usb_device.o
 .debug_abbrev  0x00000000000039b4      0x2b5 ./USB_DEVICE/App/usbd_cdc_if.o
 .debug_abbrev  0x0000000000003c69      0x1da ./USB_DEVICE/App/usbd_desc.o
 .debug_abbrev  0x0000000000003e43      0x32b ./USB_DEVICE/Target/usbd_conf.o

.debug_aranges  0x0000000000000000     0x15f0
 .debug_aranges
                0x0000000000000000       0x38 ./Core/Src/main.o
 .debug_aranges
                0x0000000000000038       0x20 ./Core/Src/stm32f4xx_hal_msp.o
 .debug_aranges
                0x0000000000000058       0x68 ./Core/Src/stm32f4xx_it.o
 .debug_aranges
                0x00000000000000c0       0x28 ./Core/Src/system_stm32f4xx.o
 .debug_aranges
                0x00000000000000e8       0x28 ./Core/Startup/startup_stm32f429zitx.o
 .debug_aranges
                0x0000000000000110       0x60 ./Drivers/BSP/Components/ili9341/ili9341.o
 .debug_aranges
                0x0000000000000170      0x138 ./Drivers/BSP/STM32F429I-Discovery/stm32f429i_discovery.o
 .debug_aranges
                0x00000000000002a8      0x1a8 ./Drivers/BSP/STM32F429I-Discovery/stm32f429i_discovery_lcd.o
 .debug_aranges
                0x0000000000000450       0x68 ./Drivers/BSP/STM32F429I-Discovery/stm32f429i_discovery_sdram.o
 .debug_aranges
                0x00000000000004b8      0x100 ./Drivers/STM32F4xx_HAL_Driver/stm32f4xx_hal.o
 .debug_aranges
                0x00000000000005b8      0x118 ./Drivers/STM32F4xx_HAL_Driver/stm32f4xx_hal_cortex.o
 .debug_aranges
                0x00000000000006d0       0x90 ./Drivers/STM32F4xx_HAL_Driver/stm32f4xx_hal_dma.o
 .debug_aranges
                0x0000000000000760      0x118 ./Drivers/STM32F4xx_HAL_Driver/stm32f4xx_hal_dma2d.o
 .debug_aranges
                0x0000000000000878       0x58 ./Drivers/STM32F4xx_HAL_Driver/stm32f4xx_hal_gpio.o
 .debug_aranges
                0x00000000000008d0      0x158 ./Drivers/STM32F4xx_HAL_Driver/stm32f4xx_hal_ltdc.o
 .debug_aranges
                0x0000000000000a28      0x148 ./Drivers/STM32F4xx_HAL_Driver/stm32f4xx_hal_pcd.o
 .debug_aranges
                0x0000000000000b70       0x38 ./Drivers/STM32F4xx_HAL_Driver/stm32f4xx_hal_pcd_ex.o
 .debug_aranges
                0x0000000000000ba8       0x88 ./Drivers/STM32F4xx_HAL_Driver/stm32f4xx_hal_rcc.o
 .debug_aranges
                0x0000000000000c30       0x58 ./Drivers/STM32F4xx_HAL_Driver/stm32f4xx_hal_rcc_ex.o
 .debug_aranges
                0x0000000000000c88       0xe8 ./Drivers/STM32F4xx_HAL_Driver/stm32f4xx_hal_sdram.o
 .debug_aranges
                0x0000000000000d70      0x1d0 ./Drivers/STM32F4xx_HAL_Driver/stm32f4xx_hal_spi.o
 .debug_aranges
                0x0000000000000f40       0xf0 ./Drivers/STM32F4xx_HAL_Driver/stm32f4xx_ll_fmc.o
 .debug_aranges
                0x0000000000001030      0x1a0 ./Drivers/STM32F4xx_HAL_Driver/stm32f4xx_ll_usb.o
 .debug_aranges
                0x00000000000011d0       0x90 ./Middlewares/USB_Device_Library/usbd_cdc.o
 .debug_aranges
                0x0000000000001260       0xd8 ./Middlewares/USB_Device_Library/usbd_core.o
 .debug_aranges
                0x0000000000001338       0x90 ./Middlewares/USB_Device_Library/usbd_ctlreq.o
 .debug_aranges
                0x00000000000013c8       0x50 ./Middlewares/USB_Device_Library/usbd_ioreq.o
 .debug_aranges
                0x0000000000001418       0x20 ./USB_DEVICE/App/usb_device.o
 .debug_aranges
                0x0000000000001438       0x48 ./USB_DEVICE/App/usbd_cdc_if.o
 .debug_aranges
                0x0000000000001480       0x60 ./USB_DEVICE/App/usbd_desc.o
 .debug_aranges
                0x00000000000014e0      0x110 ./USB_DEVICE/Target/usbd_conf.o

.debug_ranges   0x0000000000000000     0x1408