Archive member included to satisfy reference by file (symbol)

k:/sofdwares/stm32/stm32cubeide_1.10.1/stm32cubeide/plugins/com.st.stm32cube.ide.mcu.externaltools.gnu-tools-for-stm32.10.3-2021.10.win32_1.0.0.202111181127/tools/bin/../lib/gcc/arm-none-eabi/10.3.1/../../../../arm-none-eabi/lib/thumb/v7e-m+fp/hard\libc_nano.a(lib_a-errno.o)
                              ./Core/Src/syscalls.o (__errno)
k:/sofdwares/stm32/stm32cubeide_1.10.1/stm32cubeide/plugins/com.st.stm32cube.ide.mcu.externaltools.gnu-tools-for-stm32.10.3-2021.10.win32_1.0.0.202111181127/tools/bin/../lib/gcc/arm-none-eabi/10.3.1/../../../../arm-none-eabi/lib/thumb/v7e-m+fp/hard\libc_nano.a(lib_a-exit.o)
                              k:/sofdwares/stm32/stm32cubeide_1.10.1/stm32cubeide/plugins/com.st.stm32cube.ide.mcu.externaltools.gnu-tools-for-stm32.10.3-2021.10.win32_1.0.0.202111181127/tools/bin/../lib/gcc/arm-none-eabi/10.3.1/../../../../arm-none-eabi/lib/thumb/v7e-m+fp/hard/crt0.o (exit)
k:/sofdwares/stm32/stm32cubeide_1.10.1/stm32cubeide/plugins/com.st.stm32cube.ide.mcu.externaltools.gnu-tools-for-stm32.10.3-2021.10.win32_1.0.0.202111181127/tools/bin/../lib/gcc/arm-none-eabi/10.3.1/../../../../arm-none-eabi/lib/thumb/v7e-m+fp/hard\libc_nano.a(lib_a-impure.o)
                              k:/sofdwares/stm32/stm32cubeide_1.10.1/stm32cubeide/plugins/com.st.stm32cube.ide.mcu.externaltools.gnu-tools-for-stm32.10.3-2021.10.win32_1.0.0.202111181127/tools/bin/../lib/gcc/arm-none-eabi/10.3.1/../../../../arm-none-eabi/lib/thumb/v7e-m+fp/hard\libc_nano.a(lib_a-exit.o) (_global_impure_ptr)
k:/sofdwares/stm32/stm32cubeide_1.10.1/stm32cubeide/plugins/com.st.stm32cube.ide.mcu.externaltools.gnu-tools-for-stm32.10.3-2021.10.win32_1.0.0.202111181127/tools/bin/../lib/gcc/arm-none-eabi/10.3.1/../../../../arm-none-eabi/lib/thumb/v7e-m+fp/hard\libc_nano.a(lib_a-init.o)
                              k:/sofdwares/stm32/stm32cubeide_1.10.1/stm32cubeide/plugins/com.st.stm32cube.ide.mcu.externaltools.gnu-tools-for-stm32.10.3-2021.10.win32_1.0.0.202111181127/tools/bin/../lib/gcc/arm-none-eabi/10.3.1/../../../../arm-none-eabi/lib/thumb/v7e-m+fp/hard/crt0.o (__libc_init_array)
k:/sofdwares/stm32/stm32cubeide_1.10.1/stm32cubeide/plugins/com.st.stm32cube.ide.mcu.externaltools.gnu-tools-for-stm32.10.3-2021.10.win32_1.0.0.202111181127/tools/bin/../lib/gcc/arm-none-eabi/10.3.1/../../../../arm-none-eabi/lib/thumb/v7e-m+fp/hard\libc_nano.a(lib_a-memset.o)
                              k:/sofdwares/stm32/stm32cubeide_1.10.1/stm32cubeide/plugins/com.st.stm32cube.ide.mcu.externaltools.gnu-tools-for-stm32.10.3-2021.10.win32_1.0.0.202111181127/tools/bin/../lib/gcc/arm-none-eabi/10.3.1/../../../../arm-none-eabi/lib/thumb/v7e-m+fp/hard/crt0.o (memset)
k:/sofdwares/stm32/stm32cubeide_1.10.1/stm32cubeide/plugins/com.st.stm32cube.ide.mcu.externaltools.gnu-tools-for-stm32.10.3-2021.10.win32_1.0.0.202111181127/tools/bin/../lib/gcc/arm-none-eabi/10.3.1/../../../../arm-none-eabi/lib/thumb/v7e-m+fp/hard\libc_nano.a(lib_a-nano-vfprintf_float.o)
                              (_printf_float)
k:/sofdwares/stm32/stm32cubeide_1.10.1/stm32cubeide/plugins/com.st.stm32cube.ide.mcu.externaltools.gnu-tools-for-stm32.10.3-2021.10.win32_1.0.0.202111181127/tools/bin/../lib/gcc/arm-none-eabi/10.3.1/../../../../arm-none-eabi/lib/thumb/v7e-m+fp/hard\libc_nano.a(lib_a-nano-vfprintf_i.o)
                              k:/sofdwares/stm32/stm32cubeide_1.10.1/stm32cubeide/plugins/com.st.stm32cube.ide.mcu.externaltools.gnu-tools-for-stm32.10.3-2021.10.win32_1.0.0.202111181127/tools/bin/../lib/gcc/arm-none-eabi/10.3.1/../../../../arm-none-eabi/lib/thumb/v7e-m+fp/hard\libc_nano.a(lib_a-nano-vfprintf_float.o) (_printf_common)
k:/sofdwares/stm32/stm32cubeide_1.10.1/stm32cubeide/plugins/com.st.stm32cube.ide.mcu.externaltools.gnu-tools-for-stm32.10.3-2021.10.win32_1.0.0.202111181127/tools/bin/../lib/gcc/arm-none-eabi/10.3.1/../../../../arm-none-eabi/lib/thumb/v7e-m+fp/hard\libc_nano.a(lib_a-sprintf.o)
                              ./Core/Src/main.o (sprintf)
k:/sofdwares/stm32/stm32cubeide_1.10.1/stm32cubeide/plugins/com.st.stm32cube.ide.mcu.externaltools.gnu-tools-for-stm32.10.3-2021.10.win32_1.0.0.202111181127/tools/bin/../lib/gcc/arm-none-eabi/10.3.1/../../../../arm-none-eabi/lib/thumb/v7e-m+fp/hard\libc_nano.a(lib_a-strlen.o)
                              ./Core/Src/main.o (strlen)
k:/sofdwares/stm32/stm32cubeide_1.10.1/stm32cubeide/plugins/com.st.stm32cube.ide.mcu.externaltools.gnu-tools-for-stm32.10.3-2021.10.win32_1.0.0.202111181127/tools/bin/../lib/gcc/arm-none-eabi/10.3.1/../../../../arm-none-eabi/lib/thumb/v7e-m+fp/hard\libc_nano.a(lib_a-dtoa.o)
                              k:/sofdwares/stm32/stm32cubeide_1.10.1/stm32cubeide/plugins/com.st.stm32cube.ide.mcu.externaltools.gnu-tools-for-stm32.10.3-2021.10.win32_1.0.0.202111181127/tools/bin/../lib/gcc/arm-none-eabi/10.3.1/../../../../arm-none-eabi/lib/thumb/v7e-m+fp/hard\libc_nano.a(lib_a-nano-vfprintf_float.o) (_dtoa_r)
[...]
Memory Configuration

Name             Origin             Length             Attributes
CCMRAM           0x0000000010000000 0x0000000000010000 xrw
RAM              0x0000000020000000 0x0000000000030000 xrw
FLASH            0x0000000008000000 0x0000000000200000 xr
*default*        0x0000000000000000 0xffffffffffffffff

Linker script and memory map

LOAD k:/sofdwares/stm32/stm32cubeide_1.10.1/stm32cubeide/plugins/com.st.stm32cube.ide.mcu.externaltools.gnu-tools-for-stm32.10.3-2021.10.win32_1.0.0.202111181127/tools/bin/../lib/gcc/arm-none-eabi/10.3.1/thumb/v7e-m+fp/hard/crti.o
LOAD k:/sofdwares/stm32/stm32cubeide_1.10.1/stm32cubeide/plugins/com.st.stm32cube.ide.mcu.externaltools.gnu-tools-for-stm32.10.3-2021.10.win32_1.0.0.202111181127/tools/bin/../lib/gcc/arm-none-eabi/10.3.1/thumb/v7e-m+fp/hard/crtbegin.o
LOAD k:/sofdwares/stm32/stm32cubeide_1.10.1/stm32cubeide/plugins/com.st.stm32cube.ide.mcu.externaltools.gnu-tools-for-stm32.10.3-2021.10.win32_1.0.0.202111181127/tools/bin/../lib/gcc/arm-none-eabi/10.3.1/../../../../arm-none-eabi/lib/thumb/v7e-m+fp/hard/crt0.o
LOAD ./Core/Src/main.o
LOAD ./Core/Src/stm32f4xx_hal_msp.o
LOAD ./Core/Src/stm32f4xx_it.o
LOAD ./Core/Src/syscalls.o
LOAD ./Core/Src/sysmem.o
LOAD ./Core/Src/system_stm32f4xx.o
LOAD ./Core/Startup/startup_stm32f429zitx.o
LOAD ./Drivers/BSP/Components/cs43l22/cs43l22.o
LOAD ./Drivers/BSP/Components/dp83848/dp83848.o
LOAD ./Drivers/BSP/Components/exc7200/exc7200.o
LOAD ./Drivers/BSP/Components/ft3x67/ft3x67.o
LOAD ./Drivers/BSP/Components/ft6x06/ft6x06.o
LOAD ./Drivers/BSP/Components/i3g4250d/i3g4250d.o
LOAD ./Drivers/BSP/Components/ili9325/ili9325.o
LOAD ./Drivers/BSP/Components/ili9341/ili9341.o
LOAD ./Drivers/BSP/Components/l3gd20/l3gd20.o
LOAD ./Drivers/BSP/Components/lan8742/lan8742.o
LOAD ./Drivers/BSP/Components/lis302dl/lis302dl.o
LOAD ./Drivers/BSP/Components/lis3dsh/lis3dsh.o
LOAD ./Drivers/BSP/Components/ls016b8uy/ls016b8uy.o
LOAD ./Drivers/BSP/Components/lsm303agr/lsm303agr.o
LOAD ./Drivers/BSP/Components/lsm303dlhc/lsm303dlhc.o
LOAD ./Drivers/BSP/Components/mfxstm32l152/mfxstm32l152.o
LOAD ./Drivers/BSP/Components/nt35510/nt35510.o
LOAD ./Drivers/BSP/Components/otm8009a/otm8009a.o
LOAD ./Drivers/BSP/Components/ov2640/ov2640.o
LOAD ./Drivers/BSP/Components/ov5640/ov5640.o
LOAD ./Drivers/BSP/Components/s5k5cag/s5k5cag.o
LOAD ./Drivers/BSP/Components/st7735/st7735.o
LOAD ./Drivers/BSP/Components/st7789h2/st7789h2.o
LOAD ./Drivers/BSP/Components/stmpe1600/stmpe1600.o
LOAD ./Drivers/BSP/Components/stmpe811/stmpe811.o
LOAD ./Drivers/BSP/Components/ts3510/ts3510.o
LOAD ./Drivers/BSP/Components/wm8994/wm8994.o
LOAD ./Drivers/BSP/STM32F429I-Discovery/stm32f429i_discovery.o
LOAD ./Drivers/BSP/STM32F429I-Discovery/stm32f429i_discovery_eeprom.o
LOAD ./Drivers/BSP/STM32F429I-Discovery/stm32f429i_discovery_gyroscope.o
LOAD ./Drivers/BSP/STM32F429I-Discovery/stm32f429i_discovery_io.o
LOAD ./Drivers/BSP/STM32F429I-Discovery/stm32f429i_discovery_lcd.o
LOAD ./Drivers/BSP/STM32F429I-Discovery/stm32f429i_discovery_sdram.o
LOAD ./Drivers/BSP/STM32F429I-Discovery/stm32f429i_discovery_ts.o
LOAD ./Drivers/STM32F4xx_HAL_Driver/stm32f4xx_hal.o
LOAD ./Drivers/STM32F4xx_HAL_Driver/stm32f4xx_hal_cortex.o
LOAD ./Drivers/STM32F4xx_HAL_Driver/stm32f4xx_hal_dma.o
LOAD ./Drivers/STM32F4xx_HAL_Driver/stm32f4xx_hal_dma2d.o
LOAD ./Drivers/STM32F4xx_HAL_Driver/stm32f4xx_hal_dma_ex.o
LOAD ./Drivers/STM32F4xx_HAL_Driver/stm32f4xx_hal_exti.o
LOAD ./Drivers/STM32F4xx_HAL_Driver/stm32f4xx_hal_flash.o
LOAD ./Drivers/STM32F4xx_HAL_Driver/stm32f4xx_hal_flash_ex.o
LOAD ./Drivers/STM32F4xx_HAL_Driver/stm32f4xx_hal_flash_ramfunc.o
LOAD ./Drivers/STM32F4xx_HAL_Driver/stm32f4xx_hal_gpio.o
LOAD ./Drivers/STM32F4xx_HAL_Driver/stm32f4xx_hal_i2c.o
LOAD ./Drivers/STM32F4xx_HAL_Driver/stm32f4xx_hal_ltdc.o
LOAD ./Drivers/STM32F4xx_HAL_Driver/stm32f4xx_hal_pcd.o
LOAD ./Drivers/STM32F4xx_HAL_Driver/stm32f4xx_hal_pcd_ex.o
LOAD ./Drivers/STM32F4xx_HAL_Driver/stm32f4xx_hal_pwr.o
LOAD ./Drivers/STM32F4xx_HAL_Driver/stm32f4xx_hal_pwr_ex.o
LOAD ./Drivers/STM32F4xx_HAL_Driver/stm32f4xx_hal_rcc.o
LOAD ./Drivers/STM32F4xx_HAL_Driver/stm32f4xx_hal_rcc_ex.o
LOAD ./Drivers/STM32F4xx_HAL_Driver/stm32f4xx_hal_sdram.o
LOAD ./Drivers/STM32F4xx_HAL_Driver/stm32f4xx_hal_spi.o
LOAD ./Drivers/STM32F4xx_HAL_Driver/stm32f4xx_ll_fmc.o
LOAD ./Drivers/STM32F4xx_HAL_Driver/stm32f4xx_ll_usb.o
LOAD ./Middlewares/USB_Device_Library/usbd_cdc.o
LOAD ./Middlewares/USB_Device_Library/usbd_core.o
LOAD ./Middlewares/USB_Device_Library/usbd_ctlreq.o
LOAD ./Middlewares/USB_Device_Library/usbd_ioreq.o
LOAD ./USB_DEVICE/App/usb_device.o
LOAD ./USB_DEVICE/App/usbd_cdc_if.o
LOAD ./USB_DEVICE/App/usbd_desc.o
LOAD ./USB_DEVICE/Target/usbd_conf.o
START GROUP
LOAD k:/sofdwares/stm32/stm32cubeide_1.10.1/stm32cubeide/plugins/com.st.stm32cube.ide.mcu.externaltools.gnu-tools-for-stm32.10.3-2021.10.win32_1.0.0.202111181127/tools/bin/../lib/gcc/arm-none-eabi/10.3.1/../../../../arm-none-eabi/lib/thumb/v7e-m+fp/hard\libc_nano.a
LOAD k:/sofdwares/stm32/stm32cubeide_1.10.1/stm32cubeide/plugins/com.st.stm32cube.ide.mcu.externaltools.gnu-tools-for-stm32.10.3-2021.10.win32_1.0.0.202111181127/tools/bin/../lib/gcc/arm-none-eabi/10.3.1/../../../../arm-none-eabi/lib/thumb/v7e-m+fp/hard\libm.a
END GROUP
START GROUP
LOAD k:/sofdwares/stm32/stm32cubeide_1.10.1/stm32cubeide/plugins/com.st.stm32cube.ide.mcu.externaltools.gnu-tools-for-stm32.10.3-2021.10.win32_1.0.0.202111181127/tools/bin/../lib/gcc/arm-none-eabi/10.3.1/thumb/v7e-m+fp/hard\libgcc.a
LOAD k:/sofdwares/stm32/stm32cubeide_1.10.1/stm32cubeide/plugins/com.st.stm32cube.ide.mcu.externaltools.gnu-tools-for-stm32.10.3-2021.10.win32_1.0.0.202111181127/tools/bin/../lib/gcc/arm-none-eabi/10.3.1/../../../../arm-none-eabi/lib/thumb/v7e-m+fp/hard\libc_nano.a
END GROUP
START GROUP
LOAD k:/sofdwares/stm32/stm32cubeide_1.10.1/stm32cubeide/plugins/com.st.stm32cube.ide.mcu.externaltools.gnu-tools-for-stm32.10.3-2021.10.win32_1.0.0.202111181127/tools/bin/../lib/gcc/arm-none-eabi/10.3.1/thumb/v7e-m+fp/hard\libgcc.a
LOAD k:/sofdwares/stm32/stm32cubeide_1.10.1/stm32cubeide/plugins/com.st.stm32cube.ide.mcu.externaltools.gnu-tools-for-stm32.10.3-2021.10.win32_1.0.0.202111181127/tools/bin/../lib/gcc/arm-none-eabi/10.3.1/../../../../arm-none-eabi/lib/thumb/v7e-m+fp/hard\libc_nano.a
LOAD k:/sofdwares/stm32/stm32cubeide_1.10.1/stm32cubeide/plugins/com.st.stm32cube.ide.mcu.externaltools.gnu-tools-for-stm32.10.3-2021.10.win32_1.0.0.202111181127/tools/bin/../lib/gcc/arm-none-eabi/10.3.1/../../../../arm-none-eabi/lib/thumb/v7e-m+fp/hard\libnosys.a
END GROUP
START GROUP
LOAD k:/sofdwares/stm32/stm32cubeide_1.10.1/stm32cubeide/plugins/com.st.stm32cube.ide.mcu.externaltools.gnu-tools-for-stm32.10.3-2021.10.win32_1.0.0.202111181127/tools/bin/../lib/gcc/arm-none-eabi/10.3.1/thumb/v7e-m+fp/hard\libgcc.a
LOAD k:/sofdwares/stm32/stm32cubeide_1.10.1/stm32cubeide/plugins/com.st.stm32cube.ide.mcu.externaltools.gnu-tools-for-stm32.10.3-2021.10.win32_1.0.0.202111181127/tools/bin/../lib/gcc/arm-none-eabi/10.3.1/../../../../arm-none-eabi/lib/thumb/v7e-m+fp/hard\libc_nano.a
LOAD k:/sofdwares/stm32/stm32cubeide_1.10.1/stm32cubeide/plugins/com.st.stm32cube.ide.mcu.externaltools.gnu-tools-for-stm32.10.3-2021.10.win32_1.0.0.202111181127/tools/bin/../lib/gcc/arm-none-eabi/10.3.1/../../../../arm-none-eabi/lib/thumb/v7e-m+fp/hard\libnosys.a
END GROUP
LOAD k:/sofdwares/stm32/stm32cubeide_1.10.1/stm32cubeide/plugins/com.st.stm32cube.ide.mcu.externaltools.gnu-tools-for-stm32.10.3-2021.10.win32_1.0.0.202111181127/tools/bin/../lib/gcc/arm-none-eabi/10.3.1/thumb/v7e-m+fp/hard/crtend.o
LOAD k:/sofdwares/stm32/stm32cubeide_1.10.1/stm32cubeide/plugins/com.st.stm32cube.ide.mcu.externaltools.gnu-tools-for-stm32.10.3-2021.10.win32_1.0.0.202111181127/tools/bin/../lib/gcc/arm-none-eabi/10.3.1/thumb/v7e-m+fp/hard/crtn.o
                0x0000000020030000                _estack = (ORIGIN (RAM) + LENGTH (RAM))
                0x0000000000002000                _Min_Heap_Size = 0x2000
                0x0000000000000400                _Min_Stack_Size = 0x400

.isr_vector     0x0000000008000000      0x1ac
                0x0000000008000000                . = ALIGN (0x4)
 *(.isr_vector)
 .isr_vector    0x0000000008000000      0x1ac ./Core/Startup/startup_stm32f429zitx.o
                0x0000000008000000                g_pfnVectors
                0x00000000080001ac                . = ALIGN (0x4)

.text           0x00000000080001b0     0xe898
                0x00000000080001b0                . = ALIGN (0x4)
 *(.text)
 .text          0x00000000080001b0       0x40 k:/sofdwares/stm32/stm32cubeide_1.10.1/stm32cubeide/plugins/com.st.stm32cube.ide.mcu.externaltools.gnu-tools-for-stm32.10.3-2021.10.win32_1.0.0.202111181127/tools/bin/../lib/gcc/arm-none-eabi/10.3.1/thumb/v7e-m+fp/hard/crtbegin.o
 .text          0x00000000080001f0       0x10 k:/sofdwares/stm32/stm32cubeide_1.10.1/stm32cubeide/plugins/com.st.stm32cube.ide.mcu.externaltools.gnu-tools-for-stm32.10.3-2021.10.win32_1.0.0.202111181127/tools/bin/../lib/gcc/arm-none-eabi/10.3.1/../../../../arm-none-eabi/lib/thumb/v7e-m+fp/hard\libc_nano.a(lib_a-strlen.o)
                0x00000000080001f0                strlen
 .text          0x0000000008000200       0xa0 k:/sofdwares/stm32/stm32cubeide_1.10.1/stm32cubeide/plugins/com.st.stm32cube.ide.mcu.externaltools.gnu-tools-for-stm32.10.3-2021.10.win32_1.0.0.202111181127/tools/bin/../lib/gcc/arm-none-eabi/10.3.1/../../../../arm-none-eabi/lib/thumb/v7e-m+fp/hard\libc_nano.a(lib_a-memchr.o)
                0x0000000008000200                memchr
 .text          0x00000000080002a0      0x378 k:/sofdwares/stm32/stm32cubeide_1.10.1/stm32cubeide/plugins/com.st.stm32cube.ide.mcu.externaltools.gnu-tools-for-stm32.10.3-2021.10.win32_1.0.0.202111181127/tools/bin/../lib/gcc/arm-none-eabi/10.3.1/thumb/v7e-m+fp/hard\libgcc.a(_arm_addsubdf3.o)
                0x00000000080002a0                __aeabi_drsub
                0x00000000080002a8                __aeabi_dsub
                0x00000000080002a8                __subdf3
                0x00000000080002ac                __aeabi_dadd
                0x00000000080002ac                __adddf3
                0x0000000008000524                __floatunsidf
                0x0000000008000524                __aeabi_ui2d
                0x0000000008000544                __floatsidf
                0x0000000008000544                __aeabi_i2d
                0x0000000008000568                __aeabi_f2d
                0x0000000008000568                __extendsfdf2
                0x00000000080005ac                __floatundidf
                0x00000000080005ac                __aeabi_ul2d
                0x00000000080005bc                __floatdidf
                0x00000000080005bc                __aeabi_l2d
 .text          0x0000000008000618      0x424 k:/sofdwares/stm32/stm32cubeide_1.10.1/stm32cubeide/plugins/com.st.stm32cube.ide.mcu.externaltools.gnu-tools-for-stm32.10.3-2021.10.win32_1.0.0.202111181127/tools/bin/../lib/gcc/arm-none-eabi/10.3.1/thumb/v7e-m+fp/hard\libgcc.a(_arm_muldivdf3.o)
                0x0000000008000618                __aeabi_dmul
                0x0000000008000618                __muldf3
                0x000000000800086c                __divdf3
                0x000000000800086c                __aeabi_ddiv
 .text          0x0000000008000a3c      0x110 k:/sofdwares/stm32/stm32cubeide_1.10.1/stm32cubeide/plugins/com.st.stm32cube.ide.mcu.externaltools.gnu-tools-for-stm32.10.3-2021.10.win32_1.0.0.202111181127/tools/bin/../lib/gcc/arm-none-eabi/10.3.1/thumb/v7e-m+fp/hard\libgcc.a(_arm_cmpdf2.o)
                0x0000000008000a3c                __gtdf2
                0x0000000008000a3c                __gedf2
                0x0000000008000a44                __ltdf2
                0x0000000008000a44                __ledf2
                0x0000000008000a4c                __nedf2
                0x0000000008000a4c                __eqdf2
                0x0000000008000a4c                __cmpdf2
                0x0000000008000ac8                __aeabi_cdrcmple
                0x0000000008000ad8                __aeabi_cdcmpeq
                0x0000000008000ad8                __aeabi_cdcmple
                0x0000000008000ae8                __aeabi_dcmpeq
                0x0000000008000afc                __aeabi_dcmplt
                0x0000000008000b10                __aeabi_dcmple
                0x0000000008000b24                __aeabi_dcmpge
                0x0000000008000b38                __aeabi_dcmpgt
 .text          0x0000000008000b4c       0x2c k:/sofdwares/stm32/stm32cubeide_1.10.1/stm32cubeide/plugins/com.st.stm32cube.ide.mcu.externaltools.gnu-tools-for-stm32.10.3-2021.10.win32_1.0.0.202111181127/tools/bin/../lib/gcc/arm-none-eabi/10.3.1/thumb/v7e-m+fp/hard\libgcc.a(_arm_unorddf2.o)
                0x0000000008000b4c                __unorddf2
                0x0000000008000b4c                __aeabi_dcmpun
 .text          0x0000000008000b78       0x50 k:/sofdwares/stm32/stm32cubeide_1.10.1/stm32cubeide/plugins/com.st.stm32cube.ide.mcu.externaltools.gnu-tools-for-stm32.10.3-2021.10.win32_1.0.0.202111181127/tools/bin/../lib/gcc/arm-none-eabi/10.3.1/thumb/v7e-m+fp/hard\libgcc.a(_arm_fixdfsi.o)
                0x0000000008000b78                __aeabi_d2iz
                0x0000000008000b78                __fixdfsi
 .text          0x0000000008000bc8       0x30 k:/sofdwares/stm32/stm32cubeide_1.10.1/stm32cubeide/plugins/com.st.stm32cube.ide.mcu.externaltools.gnu-tools-for-stm32.10.3-2021.10.win32_1.0.0.202111181127/tools/bin/../lib/gcc/arm-none-eabi/10.3.1/thumb/v7e-m+fp/hard\libgcc.a(_aeabi_uldivmod.o)
                0x0000000008000bc8                __aeabi_uldivmod
 .text          0x0000000008000bf8      0x2d0 k:/sofdwares/stm32/stm32cubeide_1.10.1/stm32cubeide/plugins/com.st.stm32cube.ide.mcu.externaltools.gnu-tools-for-stm32.10.3-2021.10.win32_1.0.0.202111181127/tools/bin/../lib/gcc/arm-none-eabi/10.3.1/thumb/v7e-m+fp/hard\libgcc.a(_udivmoddi4.o)
                0x0000000008000bf8                __udivmoddi4
 .text          0x0000000008000ec8        0x4 k:/sofdwares/stm32/stm32cubeide_1.10.1/stm32cubeide/plugins/com.st.stm32cube.ide.mcu.externaltools.gnu-tools-for-stm32.10.3-2021.10.win32_1.0.0.202111181127/tools/bin/../lib/gcc/arm-none-eabi/10.3.1/thumb/v7e-m+fp/hard\libgcc.a(_dvmd_tls.o)
                0x0000000008000ec8                __aeabi_idiv0
                0x0000000008000ec8                __aeabi_ldiv0
 *(.text*)
 .text.main     0x0000000008000ecc      0x1f4 ./Core/Src/main.o
                0x0000000008000ecc                main
 .text.SystemClock_Config
                0x00000000080010c0       0xd4 ./Core/Src/main.o
                0x00000000080010c0                SystemClock_Config
 .text.MX_SPI5_Init
                0x0000000008001194       0x6c ./Core/Src/main.o
 .text.MX_GPIO_Init
                0x0000000008001200       0xc0 ./Core/Src/main.o
 .text.Error_Handler
                0x00000000080012c0        0xa ./Core/Src/main.o
                0x00000000080012c0                Error_Handler
 *fill*         0x00000000080012ca        0x2 
 .text.HAL_MspInit
                0x00000000080012cc       0x50 ./Core/Src/stm32f4xx_hal_msp.o
                0x00000000080012cc                HAL_MspInit
 .text.HAL_SPI_MspInit
                0x000000000800131c       0x90 ./Core/Src/stm32f4xx_hal_msp.o
                0x000000000800131c                HAL_SPI_MspInit
 .text.HAL_SPI_MspDeInit
                0x00000000080013ac       0x3c ./Core/Src/stm32f4xx_hal_msp.o
                0x00000000080013ac                HAL_SPI_MspDeInit
 .text.NMI_Handler
                0x00000000080013e8        0x6 ./Core/Src/stm32f4xx_it.o
                0x00000000080013e8                NMI_Handler
 .text.HardFault_Handler
                0x00000000080013ee        0x6 ./Core/Src/stm32f4xx_it.o
                0x00000000080013ee                HardFault_Handler
 .text.MemManage_Handler
                0x00000000080013f4        0x6 ./Core/Src/stm32f4xx_it.o
                0x00000000080013f4                MemManage_Handler
 .text.BusFault_Handler
                0x00000000080013fa        0x6 ./Core/Src/stm32f4xx_it.o
                0x00000000080013fa                BusFault_Handler
 .text.UsageFault_Handler
                0x0000000008001400        0x6 ./Core/Src/stm32f4xx_it.o
                0x0000000008001400                UsageFault_Handler
 .text.SVC_Handler
                0x0000000008001406        0xe ./Core/Src/stm32f4xx_it.o
                0x0000000008001406                SVC_Handler
 .text.DebugMon_Handler
                0x0000000008001414        0xe ./Core/Src/stm32f4xx_it.o
                0x0000000008001414                DebugMon_Handler
 .text.PendSV_Handler
                0x0000000008001422        0xe ./Core/Src/stm32f4xx_it.o
                0x0000000008001422                PendSV_Handler
 .text.SysTick_Handler
                0x0000000008001430        0xc ./Core/Src/stm32f4xx_it.o
                0x0000000008001430                SysTick_Handler
 .text.OTG_HS_IRQHandler
                0x000000000800143c       0x14 ./Core/Src/stm32f4xx_it.o
                0x000000000800143c                OTG_HS_IRQHandler
 .text._getpid  0x0000000008001450       0x10 ./Core/Src/syscalls.o
                0x0000000008001450                _getpid
 .text._kill    0x0000000008001460       0x20 ./Core/Src/syscalls.o
                0x0000000008001460                _kill
 .text._exit    0x0000000008001480       0x14 ./Core/Src/syscalls.o
                0x0000000008001480                _exit
 .text._read    0x0000000008001494       0x3a ./Core/Src/syscalls.o
                0x0000000008001494                _read
 .text._write   0x00000000080014ce       0x38 ./Core/Src/syscalls.o
                0x00000000080014ce                _write
 .text._close   0x0000000008001506       0x18 ./Core/Src/syscalls.o
                0x0000000008001506                _close
 .text._fstat   0x000000000800151e       0x20 ./Core/Src/syscalls.o
                0x000000000800151e                _fstat
 .text._isatty  0x000000000800153e       0x16 ./Core/Src/syscalls.o
                0x000000000800153e                _isatty
 .text._lseek   0x0000000008001554       0x1a ./Core/Src/syscalls.o
                0x0000000008001554                _lseek
 *fill*         0x000000000800156e        0x2 
 .text._sbrk    0x0000000008001570       0x6c ./Core/Src/sysmem.o
                0x0000000008001570                _sbrk
 .text.SystemInit
                0x00000000080015dc       0x24 ./Core/Src/system_stm32f4xx.o
                0x00000000080015dc                SystemInit
 .text.Reset_Handler
                0x0000000008001600       0x50 ./Core/Startup/startup_stm32f429zitx.o
                0x0000000008001600                Reset_Handler
 .text.Default_Handler
                0x0000000008001650        0x2 ./Core/Startup/startup_stm32f429zitx.o
                0x0000000008001650                RTC_Alarm_IRQHandler
                0x0000000008001650                HASH_RNG_IRQHandler
                0x0000000008001650                EXTI2_IRQHandler
                0x0000000008001650                TIM8_CC_IRQHandler
                0x0000000008001650                UART8_IRQHandler
                0x0000000008001650                SPI4_IRQHandler
                0x0000000008001650                TIM1_CC_IRQHandler
                0x0000000008001650                DMA2_Stream5_IRQHandler
                0x0000000008001650                DMA1_Stream5_IRQHandler
                0x0000000008001650                PVD_IRQHandler
                0x0000000008001650                SDIO_IRQHandler
                0x0000000008001650                TAMP_STAMP_IRQHandler
                0x0000000008001650                CAN2_RX1_IRQHandler
                0x0000000008001650                EXTI3_IRQHandler
                0x0000000008001650                TIM8_TRG_COM_TIM14_IRQHandler
                0x0000000008001650                TIM1_UP_TIM10_IRQHandler
                0x0000000008001650                TIM8_UP_TIM13_IRQHandler
                0x0000000008001650                I2C3_ER_IRQHandler
                0x0000000008001650                EXTI0_IRQHandler
                0x0000000008001650                I2C2_EV_IRQHandler
                0x0000000008001650                DMA1_Stream2_IRQHandler
                0x0000000008001650                CAN1_RX0_IRQHandler
                0x0000000008001650                FPU_IRQHandler
                0x0000000008001650                OTG_HS_WKUP_IRQHandler
                0x0000000008001650                LTDC_ER_IRQHandler
                0x0000000008001650                CAN2_SCE_IRQHandler
                0x0000000008001650                DMA2_Stream2_IRQHandler
                0x0000000008001650                SPI1_IRQHandler
                0x0000000008001650                TIM6_DAC_IRQHandler
                0x0000000008001650                TIM1_BRK_TIM9_IRQHandler
                0x0000000008001650                DCMI_IRQHandler
                0x0000000008001650                CAN2_RX0_IRQHandler
                0x0000000008001650                DMA2_Stream3_IRQHandler
                0x0000000008001650                USART6_IRQHandler
                0x0000000008001650                USART3_IRQHandler
                0x0000000008001650                CAN1_RX1_IRQHandler
                0x0000000008001650                UART5_IRQHandler
                0x0000000008001650                DMA2_Stream0_IRQHandler
                0x0000000008001650                TIM4_IRQHandler
                0x0000000008001650                I2C1_EV_IRQHandler
                0x0000000008001650                DMA1_Stream6_IRQHandler
                0x0000000008001650                DMA1_Stream1_IRQHandler
                0x0000000008001650                UART4_IRQHandler
                0x0000000008001650                TIM3_IRQHandler
                0x0000000008001650                RCC_IRQHandler
                0x0000000008001650                TIM8_BRK_TIM12_IRQHandler
                0x0000000008001650                Default_Handler
                0x0000000008001650                EXTI15_10_IRQHandler
                0x0000000008001650                ADC_IRQHandler
                0x0000000008001650                DMA1_Stream7_IRQHandler
                0x0000000008001650                SPI5_IRQHandler
                0x0000000008001650                TIM7_IRQHandler
                0x0000000008001650                CAN2_TX_IRQHandler
                0x0000000008001650                TIM5_IRQHandler
                0x0000000008001650                DMA2_Stream7_IRQHandler
                0x0000000008001650                I2C3_EV_IRQHandler
                0x0000000008001650                EXTI9_5_IRQHandler
                0x0000000008001650                RTC_WKUP_IRQHandler
                0x0000000008001650                LTDC_IRQHandler
                0x0000000008001650                ETH_WKUP_IRQHandler
                0x0000000008001650                SPI2_IRQHandler
                0x0000000008001650                OTG_HS_EP1_IN_IRQHandler
                0x0000000008001650                DMA1_Stream0_IRQHandler
                0x0000000008001650                CAN1_TX_IRQHandler
                0x0000000008001650                EXTI4_IRQHandler
                0x0000000008001650                ETH_IRQHandler
                0x0000000008001650                OTG_HS_EP1_OUT_IRQHandler
                0x0000000008001650                WWDG_IRQHandler
                0x0000000008001650                SPI6_IRQHandler
                0x0000000008001650                TIM2_IRQHandler
                0x0000000008001650                OTG_FS_WKUP_IRQHandler
                0x0000000008001650                TIM1_TRG_COM_TIM11_IRQHandler
                0x0000000008001650                DMA2D_IRQHandler
                0x0000000008001650                EXTI1_IRQHandler
                0x0000000008001650                UART7_IRQHandler
                0x0000000008001650                USART2_IRQHandler
                0x0000000008001650                I2C2_ER_IRQHandler
                0x0000000008001650                DMA2_Stream1_IRQHandler
                0x0000000008001650                CAN1_SCE_IRQHandler
                0x0000000008001650                FLASH_IRQHandler
                0x0000000008001650                DMA2_Stream4_IRQHandler
                0x0000000008001650                USART1_IRQHandler
                0x0000000008001650                OTG_FS_IRQHandler
                0x0000000008001650                SPI3_IRQHandler
                0x0000000008001650                DMA1_Stream4_IRQHandler
                0x0000000008001650                I2C1_ER_IRQHandler
                0x0000000008001650                FMC_IRQHandler
                0x0000000008001650                DMA2_Stream6_IRQHandler
                0x0000000008001650                SAI1_IRQHandler
                0x0000000008001650                DMA1_Stream3_IRQHandler
 .text.ili9341_Init
                0x0000000008001652      0x294 ./Drivers/BSP/Components/ili9341/ili9341.o
                0x0000000008001652                ili9341_Init
 .text.ili9341_ReadID
                0x00000000080018e6       0x18 ./Drivers/BSP/Components/ili9341/ili9341.o
                0x00000000080018e6                ili9341_ReadID
 .text.ili9341_DisplayOn
                0x00000000080018fe        0xe ./Drivers/BSP/Components/ili9341/ili9341.o
                0x00000000080018fe                ili9341_DisplayOn
 .text.ili9341_DisplayOff
                0x000000000800190c        0xe ./Drivers/BSP/Components/ili9341/ili9341.o
                0x000000000800190c                ili9341_DisplayOff
 .text.ili9341_WriteReg
                0x000000000800191a       0x1a ./Drivers/BSP/Components/ili9341/ili9341.o
                0x000000000800191a                ili9341_WriteReg
 .text.ili9341_WriteData
                0x0000000008001934       0x1a ./Drivers/BSP/Components/ili9341/ili9341.o
                0x0000000008001934                ili9341_WriteData
 .text.ili9341_ReadData
                0x000000000800194e       0x26 ./Drivers/BSP/Components/ili9341/ili9341.o
                0x000000000800194e                ili9341_ReadData
 .text.ili9341_GetLcdPixelWidth
                0x0000000008001974       0x10 ./Drivers/BSP/Components/ili9341/ili9341.o
                0x0000000008001974                ili9341_GetLcdPixelWidth
 .text.ili9341_GetLcdPixelHeight
                0x0000000008001984       0x12 ./Drivers/BSP/Components/ili9341/ili9341.o
                0x0000000008001984                ili9341_GetLcdPixelHeight
 .text.L3GD20_Init
                0x0000000008001996       0x46 ./Drivers/BSP/Components/l3gd20/l3gd20.o
                0x0000000008001996                L3GD20_Init
 .text.L3GD20_DeInit
                0x00000000080019dc        0xe ./Drivers/BSP/Components/l3gd20/l3gd20.o
                0x00000000080019dc                L3GD20_DeInit
 .text.L3GD20_ReadID
                0x00000000080019ea       0x20 ./Drivers/BSP/Components/l3gd20/l3gd20.o
                0x00000000080019ea                L3GD20_ReadID
 .text.L3GD20_RebootCmd
                0x0000000008001a0a       0x30 ./Drivers/BSP/Components/l3gd20/l3gd20.o
                0x0000000008001a0a                L3GD20_RebootCmd
 .text.L3GD20_LowPower
                0x0000000008001a3a       0x2a ./Drivers/BSP/Components/l3gd20/l3gd20.o
                0x0000000008001a3a                L3GD20_LowPower
 .text.L3GD20_INT1InterruptConfig
                0x0000000008001a64       0x86 ./Drivers/BSP/Components/l3gd20/l3gd20.o
                0x0000000008001a64                L3GD20_INT1InterruptConfig
 .text.L3GD20_EnableIT
                0x0000000008001aea       0x64 ./Drivers/BSP/Components/l3gd20/l3gd20.o
                0x0000000008001aea                L3GD20_EnableIT
 .text.L3GD20_DisableIT
                0x0000000008001b4e       0x58 ./Drivers/BSP/Components/l3gd20/l3gd20.o
                0x0000000008001b4e                L3GD20_DisableIT
 .text.L3GD20_FilterConfig
                0x0000000008001ba6       0x42 ./Drivers/BSP/Components/l3gd20/l3gd20.o
                0x0000000008001ba6                L3GD20_FilterConfig
 .text.L3GD20_FilterCmd
                0x0000000008001be8       0x42 ./Drivers/BSP/Components/l3gd20/l3gd20.o
                0x0000000008001be8                L3GD20_FilterCmd
 *fill*         0x0000000008001c2a        0x2 
 .text.L3GD20_ReadXYZAngRate
                0x0000000008001c2c      0x1f8 ./Drivers/BSP/Components/l3gd20/l3gd20.o
                0x0000000008001c2c                L3GD20_ReadXYZAngRate
 .text.SPIx_Init
                0x0000000008001e24       0x74 ./Drivers/BSP/STM32F429I-Discovery/stm32f429i_discovery.o
 .text.SPIx_Read
                0x0000000008001e98       0x40 ./Drivers/BSP/STM32F429I-Discovery/stm32f429i_discovery.o
 .text.SPIx_Write
                0x0000000008001ed8       0x3c ./Drivers/BSP/STM32F429I-Discovery/stm32f429i_discovery.o
 .text.SPIx_WriteRead
                0x0000000008001f14       0x40 ./Drivers/BSP/STM32F429I-Discovery/stm32f429i_discovery.o
 .text.SPIx_Error
                0x0000000008001f54       0x18 ./Drivers/BSP/STM32F429I-Discovery/stm32f429i_discovery.o
 .text.SPIx_MspInit
                0x0000000008001f6c       0x74 ./Drivers/BSP/STM32F429I-Discovery/stm32f429i_discovery.o
 .text.LCD_IO_Init
                0x0000000008001fe0       0xf0 ./Drivers/BSP/STM32F429I-Discovery/stm32f429i_discovery.o
                0x0000000008001fe0                LCD_IO_Init
 .text.LCD_IO_WriteData
                0x00000000080020d0       0x44 ./Drivers/BSP/STM32F429I-Discovery/stm32f429i_discovery.o
                0x00000000080020d0                LCD_IO_WriteData
 .text.LCD_IO_WriteReg
                0x0000000008002114       0x44 ./Drivers/BSP/STM32F429I-Discovery/stm32f429i_discovery.o
                0x0000000008002114                LCD_IO_WriteReg
 .text.LCD_IO_ReadData
                0x0000000008002158       0x64 ./Drivers/BSP/STM32F429I-Discovery/stm32f429i_discovery.o
                0x0000000008002158                LCD_IO_ReadData
 .text.LCD_Delay
                0x00000000080021bc       0x16 ./Drivers/BSP/STM32F429I-Discovery/stm32f429i_discovery.o
                0x00000000080021bc                LCD_Delay
 *fill*         0x00000000080021d2        0x2 
 .text.GYRO_IO_Init
                0x00000000080021d4       0x98 ./Drivers/BSP/STM32F429I-Discovery/stm32f429i_discovery.o
                0x00000000080021d4                GYRO_IO_Init
 .text.GYRO_IO_Write
                0x000000000800226c       0x64 ./Drivers/BSP/STM32F429I-Discovery/stm32f429i_discovery.o
                0x000000000800226c                GYRO_IO_Write
 .text.GYRO_IO_Read
                0x00000000080022d0       0x74 ./Drivers/BSP/STM32F429I-Discovery/stm32f429i_discovery.o
                0x00000000080022d0                GYRO_IO_Read
 .text.BSP_GYRO_Init
                0x0000000008002344       0xcc ./Drivers/BSP/STM32F429I-Discovery/stm32f429i_discovery_gyroscope.o
                0x0000000008002344                BSP_GYRO_Init
 .text.BSP_LCD_Init
                0x0000000008002410       0xd4 ./Drivers/BSP/STM32F429I-Discovery/stm32f429i_discovery_lcd.o
                0x0000000008002410                BSP_LCD_Init
 .text.BSP_LCD_GetXSize
                0x00000000080024e4       0x18 ./Drivers/BSP/STM32F429I-Discovery/stm32f429i_discovery_lcd.o
                0x00000000080024e4                BSP_LCD_GetXSize
 .text.BSP_LCD_GetYSize
                0x00000000080024fc       0x18 ./Drivers/BSP/STM32F429I-Discovery/stm32f429i_discovery_lcd.o
                0x00000000080024fc                BSP_LCD_GetYSize
 .text.BSP_LCD_LayerDefaultInit
                0x0000000008002514       0xc8 ./Drivers/BSP/STM32F429I-Discovery/stm32f429i_discovery_lcd.o
                0x0000000008002514                BSP_LCD_LayerDefaultInit
 .text.BSP_LCD_SelectLayer
                0x00000000080025dc       0x20 ./Drivers/BSP/STM32F429I-Discovery/stm32f429i_discovery_lcd.o
                0x00000000080025dc                BSP_LCD_SelectLayer
 .text.BSP_LCD_SetTextColor
                0x00000000080025fc       0x30 ./Drivers/BSP/STM32F429I-Discovery/stm32f429i_discovery_lcd.o
                0x00000000080025fc                BSP_LCD_SetTextColor
 .text.BSP_LCD_SetBackColor
                0x000000000800262c       0x34 ./Drivers/BSP/STM32F429I-Discovery/stm32f429i_discovery_lcd.o
                0x000000000800262c                BSP_LCD_SetBackColor
 .text.BSP_LCD_SetFont
                0x0000000008002660       0x34 ./Drivers/BSP/STM32F429I-Discovery/stm32f429i_discovery_lcd.o
                0x0000000008002660                BSP_LCD_SetFont
 .text.BSP_LCD_Clear
                0x0000000008002694       0x50 ./Drivers/BSP/STM32F429I-Discovery/stm32f429i_discovery_lcd.o
                0x0000000008002694                BSP_LCD_Clear
 .text.BSP_LCD_DrawLine
                0x00000000080026e4      0x194 ./Drivers/BSP/STM32F429I-Discovery/stm32f429i_discovery_lcd.o
                0x00000000080026e4                BSP_LCD_DrawLine
 .text.BSP_LCD_FillTriangle
                0x0000000008002878      0x17c ./Drivers/BSP/STM32F429I-Discovery/stm32f429i_discovery_lcd.o
                0x0000000008002878                BSP_LCD_FillTriangle
 .text.BSP_LCD_FillPolygon
                0x00000000080029f4      0x1c4 ./Drivers/BSP/STM32F429I-Discovery/stm32f429i_discovery_lcd.o
                0x00000000080029f4                BSP_LCD_FillPolygon
 .text.BSP_LCD_DisplayOn
                0x0000000008002bb8       0x20 ./Drivers/BSP/STM32F429I-Discovery/stm32f429i_discovery_lcd.o
                0x0000000008002bb8                BSP_LCD_DisplayOn
 .text.BSP_LCD_MspInit
                0x0000000008002bd8      0x1ac ./Drivers/BSP/STM32F429I-Discovery/stm32f429i_discovery_lcd.o
                0x0000000008002bd8                BSP_LCD_MspInit
 .text.BSP_LCD_DrawPixel
                0x0000000008002d84       0x4c ./Drivers/BSP/STM32F429I-Discovery/stm32f429i_discovery_lcd.o
                0x0000000008002d84                BSP_LCD_DrawPixel
 .text.FillBuffer
                0x0000000008002dd0       0x70 ./Drivers/BSP/STM32F429I-Discovery/stm32f429i_discovery_lcd.o
 .text.BSP_SDRAM_Init
                0x0000000008002e40       0xbc ./Drivers/BSP/STM32F429I-Discovery/stm32f429i_discovery_sdram.o
                0x0000000008002e40                BSP_SDRAM_Init
 .text.BSP_SDRAM_Initialization_sequence
                0x0000000008002efc       0xc0 ./Drivers/BSP/STM32F429I-Discovery/stm32f429i_discovery_sdram.o
                0x0000000008002efc                BSP_SDRAM_Initialization_sequence
 .text.BSP_SDRAM_MspInit
                0x0000000008002fbc      0x218 ./Drivers/BSP/STM32F429I-Discovery/stm32f429i_discovery_sdram.o
                0x0000000008002fbc                BSP_SDRAM_MspInit
 .text.HAL_Init
                0x00000000080031d4       0x44 ./Drivers/STM32F4xx_HAL_Driver/stm32f4xx_hal.o
                0x00000000080031d4                HAL_Init
 .text.HAL_InitTick
                0x0000000008003218       0x60 ./Drivers/STM32F4xx_HAL_Driver/stm32f4xx_hal.o
                0x0000000008003218                HAL_InitTick
 .text.HAL_IncTick
                0x0000000008003278       0x28 ./Drivers/STM32F4xx_HAL_Driver/stm32f4xx_hal.o
                0x0000000008003278                HAL_IncTick
 .text.HAL_GetTick
                0x00000000080032a0       0x18 ./Drivers/STM32F4xx_HAL_Driver/stm32f4xx_hal.o
                0x00000000080032a0                HAL_GetTick
 .text.HAL_Delay
                0x00000000080032b8       0x48 ./Drivers/STM32F4xx_HAL_Driver/stm32f4xx_hal.o
                0x00000000080032b8                HAL_Delay
 .text.__NVIC_SetPriorityGrouping
                0x0000000008003300       0x48 ./Drivers/STM32F4xx_HAL_Driver/stm32f4xx_hal_cortex.o
 .text.__NVIC_GetPriorityGrouping
                0x0000000008003348       0x1c ./Drivers/STM32F4xx_HAL_Driver/stm32f4xx_hal_cortex.o
 .text.__NVIC_EnableIRQ
                0x0000000008003364       0x3c ./Drivers/STM32F4xx_HAL_Driver/stm32f4xx_hal_cortex.o
 .text.__NVIC_SetPriority
                0x00000000080033a0       0x54 ./Drivers/STM32F4xx_HAL_Driver/stm32f4xx_hal_cortex.o
 .text.NVIC_EncodePriority
                0x00000000080033f4       0x66 ./Drivers/STM32F4xx_HAL_Driver/stm32f4xx_hal_cortex.o
 *fill*         0x000000000800345a        0x2 
 .text.SysTick_Config
                0x000000000800345c       0x44 ./Drivers/STM32F4xx_HAL_Driver/stm32f4xx_hal_cortex.o
 .text.HAL_NVIC_SetPriorityGrouping
                0x00000000080034a0       0x16 ./Drivers/STM32F4xx_HAL_Driver/stm32f4xx_hal_cortex.o
                0x00000000080034a0                HAL_NVIC_SetPriorityGrouping
 .text.HAL_NVIC_SetPriority
                0x00000000080034b6       0x38 ./Drivers/STM32F4xx_HAL_Driver/stm32f4xx_hal_cortex.o
                0x00000000080034b6                HAL_NVIC_SetPriority
 .text.HAL_NVIC_EnableIRQ
                0x00000000080034ee       0x1c ./Drivers/STM32F4xx_HAL_Driver/stm32f4xx_hal_cortex.o
                0x00000000080034ee                HAL_NVIC_EnableIRQ
 .text.HAL_SYSTICK_Config
                0x000000000800350a       0x18 ./Drivers/STM32F4xx_HAL_Driver/stm32f4xx_hal_cortex.o
                0x000000000800350a                HAL_SYSTICK_Config
 *fill*         0x0000000008003522        0x2 
 .text.HAL_DMA_Init
                0x0000000008003524      0x15c ./Drivers/STM32F4xx_HAL_Driver/stm32f4xx_hal_dma.o
                0x0000000008003524                HAL_DMA_Init
 .text.HAL_DMA_DeInit
                0x0000000008003680       0xbc ./Drivers/STM32F4xx_HAL_Driver/stm32f4xx_hal_dma.o
                0x0000000008003680                HAL_DMA_DeInit
 .text.DMA_CalcBaseAndBitshift
                0x000000000800373c       0x6c ./Drivers/STM32F4xx_HAL_Driver/stm32f4xx_hal_dma.o
 .text.DMA_CheckFifoParam
                0x00000000080037a8       0xf8 ./Drivers/STM32F4xx_HAL_Driver/stm32f4xx_hal_dma.o
 .text.HAL_DMA2D_Init
                0x00000000080038a0       0x92 ./Drivers/STM32F4xx_HAL_Driver/stm32f4xx_hal_dma2d.o
                0x00000000080038a0                HAL_DMA2D_Init
 .text.HAL_DMA2D_MspInit
                0x0000000008003932       0x14 ./Drivers/STM32F4xx_HAL_Driver/stm32f4xx_hal_dma2d.o
                0x0000000008003932                HAL_DMA2D_MspInit
 .text.HAL_DMA2D_Start
                0x0000000008003946       0x56 ./Drivers/STM32F4xx_HAL_Driver/stm32f4xx_hal_dma2d.o
                0x0000000008003946                HAL_DMA2D_Start
 .text.HAL_DMA2D_PollForTransfer
                0x000000000800399c      0x1d2 ./Drivers/STM32F4xx_HAL_Driver/stm32f4xx_hal_dma2d.o
                0x000000000800399c                HAL_DMA2D_PollForTransfer
 *fill*         0x0000000008003b6e        0x2 
 .text.HAL_DMA2D_ConfigLayer
                0x0000000008003b70      0x124 ./Drivers/STM32F4xx_HAL_Driver/stm32f4xx_hal_dma2d.o
                0x0000000008003b70                HAL_DMA2D_ConfigLayer
 .text.DMA2D_SetConfig
                0x0000000008003c94      0x138 ./Drivers/STM32F4xx_HAL_Driver/stm32f4xx_hal_dma2d.o
 .text.HAL_GPIO_Init
                0x0000000008003dcc      0x358 ./Drivers/STM32F4xx_HAL_Driver/stm32f4xx_hal_gpio.o
                0x0000000008003dcc                HAL_GPIO_Init
 .text.HAL_GPIO_DeInit
                0x0000000008004124      0x218 ./Drivers/STM32F4xx_HAL_Driver/stm32f4xx_hal_gpio.o
                0x0000000008004124                HAL_GPIO_DeInit
 .text.HAL_GPIO_WritePin
                0x000000000800433c       0x32 ./Drivers/STM32F4xx_HAL_Driver/stm32f4xx_hal_gpio.o
                0x000000000800433c                HAL_GPIO_WritePin
 *fill*         0x000000000800436e        0x2 
 .text.HAL_LTDC_Init
                0x0000000008004370      0x1a0 ./Drivers/STM32F4xx_HAL_Driver/stm32f4xx_hal_ltdc.o
                0x0000000008004370                HAL_LTDC_Init
 .text.HAL_LTDC_MspInit
                0x0000000008004510       0x14 ./Drivers/STM32F4xx_HAL_Driver/stm32f4xx_hal_ltdc.o
                0x0000000008004510                HAL_LTDC_MspInit
 .text.HAL_LTDC_ConfigLayer
                0x0000000008004524       0x7c ./Drivers/STM32F4xx_HAL_Driver/stm32f4xx_hal_ltdc.o
                0x0000000008004524                HAL_LTDC_ConfigLayer
 .text.HAL_LTDC_EnableDither
                0x00000000080045a0       0x54 ./Drivers/STM32F4xx_HAL_Driver/stm32f4xx_hal_ltdc.o
                0x00000000080045a0                HAL_LTDC_EnableDither
 .text.LTDC_SetConfig
                0x00000000080045f4      0x32e ./Drivers/STM32F4xx_HAL_Driver/stm32f4xx_hal_ltdc.o
 .text.HAL_PCD_Init
                0x0000000008004922      0x23a ./Drivers/STM32F4xx_HAL_Driver/stm32f4xx_hal_pcd.o
                0x0000000008004922                HAL_PCD_Init
 .text.HAL_PCD_Start
                0x0000000008004b5c       0x66 ./Drivers/STM32F4xx_HAL_Driver/stm32f4xx_hal_pcd.o
                0x0000000008004b5c                HAL_PCD_Start
 .text.HAL_PCD_IRQHandler
                0x0000000008004bc2      0x93e ./Drivers/STM32F4xx_HAL_Driver/stm32f4xx_hal_pcd.o
                0x0000000008004bc2                HAL_PCD_IRQHandler
 .text.HAL_PCD_SetAddress
                0x0000000008005500       0x4a ./Drivers/STM32F4xx_HAL_Driver/stm32f4xx_hal_pcd.o
                0x0000000008005500                HAL_PCD_SetAddress
 .text.HAL_PCD_EP_Open
                0x000000000800554a       0xd0 ./Drivers/STM32F4xx_HAL_Driver/stm32f4xx_hal_pcd.o
                0x000000000800554a                HAL_PCD_EP_Open
 .text.HAL_PCD_EP_Close
                0x000000000800561a       0x94 ./Drivers/STM32F4xx_HAL_Driver/stm32f4xx_hal_pcd.o
                0x000000000800561a                HAL_PCD_EP_Close
 .text.HAL_PCD_EP_Receive
                0x00000000080056ae       0x96 ./Drivers/STM32F4xx_HAL_Driver/stm32f4xx_hal_pcd.o
                0x00000000080056ae                HAL_PCD_EP_Receive
 .text.HAL_PCD_EP_GetRxCount
                0x0000000008005744       0x30 ./Drivers/STM32F4xx_HAL_Driver/stm32f4xx_hal_pcd.o
                0x0000000008005744                HAL_PCD_EP_GetRxCount
 .text.HAL_PCD_EP_Transmit
                0x0000000008005774       0x94 ./Drivers/STM32F4xx_HAL_Driver/stm32f4xx_hal_pcd.o
                0x0000000008005774                HAL_PCD_EP_Transmit
 .text.HAL_PCD_EP_SetStall
                0x0000000008005808       0xc8 ./Drivers/STM32F4xx_HAL_Driver/stm32f4xx_hal_pcd.o
                0x0000000008005808                HAL_PCD_EP_SetStall
 .text.HAL_PCD_EP_ClrStall
                0x00000000080058d0       0xac ./Drivers/STM32F4xx_HAL_Driver/stm32f4xx_hal_pcd.o
                0x00000000080058d0                HAL_PCD_EP_ClrStall
 .text.HAL_PCD_EP_Abort
                0x000000000800597c       0x62 ./Drivers/STM32F4xx_HAL_Driver/stm32f4xx_hal_pcd.o
                0x000000000800597c                HAL_PCD_EP_Abort
 .text.PCD_WriteEmptyTxFifo
                0x00000000080059de      0x11a ./Drivers/STM32F4xx_HAL_Driver/stm32f4xx_hal_pcd.o
 .text.PCD_EP_OutXfrComplete_int
                0x0000000008005af8      0x1d0 ./Drivers/STM32F4xx_HAL_Driver/stm32f4xx_hal_pcd.o
 .text.PCD_EP_OutSetupPacket_int
                0x0000000008005cc8       0x8c ./Drivers/STM32F4xx_HAL_Driver/stm32f4xx_hal_pcd.o
 .text.HAL_PCDEx_SetTxFiFo
                0x0000000008005d54       0x8e ./Drivers/STM32F4xx_HAL_Driver/stm32f4xx_hal_pcd_ex.o
                0x0000000008005d54                HAL_PCDEx_SetTxFiFo
 .text.HAL_PCDEx_SetRxFiFo
                0x0000000008005de2       0x22 ./Drivers/STM32F4xx_HAL_Driver/stm32f4xx_hal_pcd_ex.o
                0x0000000008005de2                HAL_PCDEx_SetRxFiFo
 .text.HAL_PCDEx_LPM_Callback
                0x0000000008005e04       0x18 ./Drivers/STM32F4xx_HAL_Driver/stm32f4xx_hal_pcd_ex.o
                0x0000000008005e04                HAL_PCDEx_LPM_Callback
 .text.HAL_RCC_OscConfig
                0x0000000008005e1c      0x4f0 ./Drivers/STM32F4xx_HAL_Driver/stm32f4xx_hal_rcc.o
                0x0000000008005e1c                HAL_RCC_OscConfig
 .text.HAL_RCC_ClockConfig
                0x000000000800630c      0x1cc ./Drivers/STM32F4xx_HAL_Driver/stm32f4xx_hal_rcc.o
                0x000000000800630c                HAL_RCC_ClockConfig
 .text.HAL_RCC_GetSysClockFreq
                0x00000000080064d8      0x20c ./Drivers/STM32F4xx_HAL_Driver/stm32f4xx_hal_rcc.o
                0x00000000080064d8                HAL_RCC_GetSysClockFreq
 .text.HAL_RCC_GetHCLKFreq
                0x00000000080066e4       0x18 ./Drivers/STM32F4xx_HAL_Driver/stm32f4xx_hal_rcc.o
                0x00000000080066e4                HAL_RCC_GetHCLKFreq
 .text.HAL_RCCEx_PeriphCLKConfig
                0x00000000080066fc      0x380 ./Drivers/STM32F4xx_HAL_Driver/stm32f4xx_hal_rcc_ex.o
                0x00000000080066fc                HAL_RCCEx_PeriphCLKConfig
 .text.HAL_SDRAM_Init
                0x0000000008006a7c       0x68 ./Drivers/STM32F4xx_HAL_Driver/stm32f4xx_hal_sdram.o
                0x0000000008006a7c                HAL_SDRAM_Init
 .text.HAL_SDRAM_MspInit
                0x0000000008006ae4       0x14 ./Drivers/STM32F4xx_HAL_Driver/stm32f4xx_hal_sdram.o
                0x0000000008006ae4                HAL_SDRAM_MspInit
 .text.HAL_SDRAM_SendCommand
                0x0000000008006af8       0x6a ./Drivers/STM32F4xx_HAL_Driver/stm32f4xx_hal_sdram.o
                0x0000000008006af8                HAL_SDRAM_SendCommand
 .text.HAL_SDRAM_ProgramRefreshRate
                0x0000000008006b62       0x50 ./Drivers/STM32F4xx_HAL_Driver/stm32f4xx_hal_sdram.o
                0x0000000008006b62                HAL_SDRAM_ProgramRefreshRate
 .text.HAL_SPI_Init
                0x0000000008006bb2      0x112 ./Drivers/STM32F4xx_HAL_Driver/stm32f4xx_hal_spi.o
                0x0000000008006bb2                HAL_SPI_Init
 .text.HAL_SPI_DeInit
                0x0000000008006cc4       0x50 ./Drivers/STM32F4xx_HAL_Driver/stm32f4xx_hal_spi.o
                0x0000000008006cc4                HAL_SPI_DeInit
 .text.HAL_SPI_Transmit
                0x0000000008006d14      0x278 ./Drivers/STM32F4xx_HAL_Driver/stm32f4xx_hal_spi.o
                0x0000000008006d14                HAL_SPI_Transmit
 .text.HAL_SPI_Receive
                0x0000000008006f8c      0x222 ./Drivers/STM32F4xx_HAL_Driver/stm32f4xx_hal_spi.o
                0x0000000008006f8c                HAL_SPI_Receive
 .text.HAL_SPI_TransmitReceive
                0x00000000080071ae      0x344 ./Drivers/STM32F4xx_HAL_Driver/stm32f4xx_hal_spi.o
                0x00000000080071ae                HAL_SPI_TransmitReceive
 .text.HAL_SPI_GetState
                0x00000000080074f2       0x1c ./Drivers/STM32F4xx_HAL_Driver/stm32f4xx_hal_spi.o
                0x00000000080074f2                HAL_SPI_GetState
 *fill*         0x000000000800750e        0x2 
 .text.SPI_WaitFlagStateUntilTimeout
                0x0000000008007510      0x110 ./Drivers/STM32F4xx_HAL_Driver/stm32f4xx_hal_spi.o
 .text.SPI_EndRxTransaction
                0x0000000008007620       0xca ./Drivers/STM32F4xx_HAL_Driver/stm32f4xx_hal_spi.o
 *fill*         0x00000000080076ea        0x2 
 .text.SPI_EndRxTxTransaction
                0x00000000080076ec       0x84 ./Drivers/STM32F4xx_HAL_Driver/stm32f4xx_hal_spi.o
 .text.FMC_SDRAM_Init
                0x0000000008007770       0xba ./Drivers/STM32F4xx_HAL_Driver/stm32f4xx_ll_fmc.o
                0x0000000008007770                FMC_SDRAM_Init
 .text.FMC_SDRAM_Timing_Init
                0x000000000800782a       0xd2 ./Drivers/STM32F4xx_HAL_Driver/stm32f4xx_ll_fmc.o
                0x000000000800782a                FMC_SDRAM_Timing_Init
 .text.FMC_SDRAM_SendCommand
                0x00000000080078fc       0x7a ./Drivers/STM32F4xx_HAL_Driver/stm32f4xx_ll_fmc.o
                0x00000000080078fc                FMC_SDRAM_SendCommand
 .text.FMC_SDRAM_ProgramRefreshRate
                0x0000000008007976       0x2e ./Drivers/STM32F4xx_HAL_Driver/stm32f4xx_ll_fmc.o
                0x0000000008007976                FMC_SDRAM_ProgramRefreshRate
 .text.USB_CoreInit
                0x00000000080079a4       0xc2 ./Drivers/STM32F4xx_HAL_Driver/stm32f4xx_ll_usb.o
                0x00000000080079a4                USB_CoreInit
 *fill*         0x0000000008007a66        0x2 
 .text.USB_SetTurnaroundTime
                0x0000000008007a68      0x144 ./Drivers/STM32F4xx_HAL_Driver/stm32f4xx_ll_usb.o
                0x0000000008007a68                USB_SetTurnaroundTime
 .text.USB_EnableGlobalInt
                0x0000000008007bac       0x22 ./Drivers/STM32F4xx_HAL_Driver/stm32f4xx_ll_usb.o
                0x0000000008007bac                USB_EnableGlobalInt
 .text.USB_DisableGlobalInt
                0x0000000008007bce       0x22 ./Drivers/STM32F4xx_HAL_Driver/stm32f4xx_ll_usb.o
                0x0000000008007bce                USB_DisableGlobalInt
 .text.USB_SetCurrentMode
                0x0000000008007bf0       0x98 ./Drivers/STM32F4xx_HAL_Driver/stm32f4xx_ll_usb.o
                0x0000000008007bf0                USB_SetCurrentMode
 .text.USB_DevInit
                0x0000000008007c88      0x2c8 ./Drivers/STM32F4xx_HAL_Driver/stm32f4xx_ll_usb.o
                0x0000000008007c88                USB_DevInit
 .text.USB_FlushTxFifo
                0x0000000008007f50       0x68 ./Drivers/STM32F4xx_HAL_Driver/stm32f4xx_ll_usb.o
                0x0000000008007f50                USB_FlushTxFifo
 .text.USB_FlushRxFifo
                0x0000000008007fb8       0x60 ./Drivers/STM32F4xx_HAL_Driver/stm32f4xx_ll_usb.o
                0x0000000008007fb8                USB_FlushRxFifo
 .text.USB_SetDevSpeed
                0x0000000008008018       0x32 ./Drivers/STM32F4xx_HAL_Driver/stm32f4xx_ll_usb.o
                0x0000000008008018                USB_SetDevSpeed
 .text.USB_GetDevSpeed
                0x000000000800804a       0x4a ./Drivers/STM32F4xx_HAL_Driver/stm32f4xx_ll_usb.o
                0x000000000800804a                USB_GetDevSpeed
 .text.USB_ActivateEndpoint
                0x0000000008008094      0x10e ./Drivers/STM32F4xx_HAL_Driver/stm32f4xx_ll_usb.o
                0x0000000008008094                USB_ActivateEndpoint
 *fill*         0x00000000080081a2        0x2 
 .text.USB_DeactivateEndpoint
                0x00000000080081a4      0x1b8 ./Drivers/STM32F4xx_HAL_Driver/stm32f4xx_ll_usb.o
                0x00000000080081a4                USB_DeactivateEndpoint
 .text.USB_EPStartXfer
                0x000000000800835c      0x490 ./Drivers/STM32F4xx_HAL_Driver/stm32f4xx_ll_usb.o
                0x000000000800835c                USB_EPStartXfer
 .text.USB_EP0StartXfer
                0x00000000080087ec      0x2b0 ./Drivers/STM32F4xx_HAL_Driver/stm32f4xx_ll_usb.o
                0x00000000080087ec                USB_EP0StartXfer
 .text.USB_EPStopXfer
                0x0000000008008a9c      0x154 ./Drivers/STM32F4xx_HAL_Driver/stm32f4xx_ll_usb.o
                0x0000000008008a9c                USB_EPStopXfer
 .text.USB_WritePacket
                0x0000000008008bf0       0x7c ./Drivers/STM32F4xx_HAL_Driver/stm32f4xx_ll_usb.o
                0x0000000008008bf0                USB_WritePacket
 .text.USB_ReadPacket
                0x0000000008008c6c       0xb0 ./Drivers/STM32F4xx_HAL_Driver/stm32f4xx_ll_usb.o
                0x0000000008008c6c                USB_ReadPacket
 .text.USB_EPSetStall
                0x0000000008008d1c       0xdc ./Drivers/STM32F4xx_HAL_Driver/stm32f4xx_ll_usb.o
                0x0000000008008d1c                USB_EPSetStall
 .text.USB_EPClearStall
                0x0000000008008df8       0xcc ./Drivers/STM32F4xx_HAL_Driver/stm32f4xx_ll_usb.o
                0x0000000008008df8                USB_EPClearStall
 .text.USB_SetDevAddress
                0x0000000008008ec4       0x4c ./Drivers/STM32F4xx_HAL_Driver/stm32f4xx_ll_usb.o
                0x0000000008008ec4                USB_SetDevAddress
 .text.USB_DevConnect
                0x0000000008008f10       0x42 ./Drivers/STM32F4xx_HAL_Driver/stm32f4xx_ll_usb.o
                0x0000000008008f10                USB_DevConnect
 .text.USB_DevDisconnect
                0x0000000008008f52       0x42 ./Drivers/STM32F4xx_HAL_Driver/stm32f4xx_ll_usb.o
                0x0000000008008f52                USB_DevDisconnect
 .text.USB_ReadInterrupts
                0x0000000008008f94       0x26 ./Drivers/STM32F4xx_HAL_Driver/stm32f4xx_ll_usb.o
                0x0000000008008f94                USB_ReadInterrupts
 .text.USB_ReadDevAllOutEpInterrupt
                0x0000000008008fba       0x34 ./Drivers/STM32F4xx_HAL_Driver/stm32f4xx_ll_usb.o
                0x0000000008008fba                USB_ReadDevAllOutEpInterrupt
 .text.USB_ReadDevAllInEpInterrupt
                0x0000000008008fee       0x34 ./Drivers/STM32F4xx_HAL_Driver/stm32f4xx_ll_usb.o
                0x0000000008008fee                USB_ReadDevAllInEpInterrupt
 .text.USB_ReadDevOutEPInterrupt
                0x0000000008009022       0x3c ./Drivers/STM32F4xx_HAL_Driver/stm32f4xx_ll_usb.o
                0x0000000008009022                USB_ReadDevOutEPInterrupt
 .text.USB_ReadDevInEPInterrupt
                0x000000000800905e       0x5c ./Drivers/STM32F4xx_HAL_Driver/stm32f4xx_ll_usb.o
                0x000000000800905e                USB_ReadDevInEPInterrupt
 .text.USB_GetMode
                0x00000000080090ba       0x1c ./Drivers/STM32F4xx_HAL_Driver/stm32f4xx_ll_usb.o
                0x00000000080090ba                USB_GetMode
 .text.USB_ActivateSetup
                0x00000000080090d6       0x46 ./Drivers/STM32F4xx_HAL_Driver/stm32f4xx_ll_usb.o
                0x00000000080090d6                USB_ActivateSetup
 .text.USB_EP0_OutStart
                0x000000000800911c       0xbc ./Drivers/STM32F4xx_HAL_Driver/stm32f4xx_ll_usb.o
                0x000000000800911c                USB_EP0_OutStart
 .text.USB_CoreReset
                0x00000000080091d8       0x68 ./Drivers/STM32F4xx_HAL_Driver/stm32f4xx_ll_usb.o
 .text.USBD_CDC_Init
                0x0000000008009240      0x1f0 ./Middlewares/USB_Device_Library/usbd_cdc.o
 .text.USBD_CDC_DeInit
                0x0000000008009430      0x104 ./Middlewares/USB_Device_Library/usbd_cdc.o
 .text.USBD_CDC_Setup
                0x0000000008009534      0x1b8 ./Middlewares/USB_Device_Library/usbd_cdc.o
 .text.USBD_CDC_DataIn
                0x00000000080096ec       0xfe ./Middlewares/USB_Device_Library/usbd_cdc.o
 .text.USBD_CDC_DataOut
                0x00000000080097ea       0x70 ./Middlewares/USB_Device_Library/usbd_cdc.o
 .text.USBD_CDC_EP0_RxReady
                0x000000000800985a       0x76 ./Middlewares/USB_Device_Library/usbd_cdc.o
 .text.USBD_CDC_GetFSCfgDesc
                0x00000000080098d0       0x70 ./Middlewares/USB_Device_Library/usbd_cdc.o
 .text.USBD_CDC_GetHSCfgDesc
                0x0000000008009940       0x70 ./Middlewares/USB_Device_Library/usbd_cdc.o
 .text.USBD_CDC_GetOtherSpeedCfgDesc
                0x00000000080099b0       0x70 ./Middlewares/USB_Device_Library/usbd_cdc.o
 .text.USBD_CDC_GetDeviceQualifierDescriptor
                0x0000000008009a20       0x20 ./Middlewares/USB_Device_Library/usbd_cdc.o
                0x0000000008009a20                USBD_CDC_GetDeviceQualifierDescriptor
 .text.USBD_CDC_RegisterInterface
                0x0000000008009a40       0x34 ./Middlewares/USB_Device_Library/usbd_cdc.o
                0x0000000008009a40                USBD_CDC_RegisterInterface
 .text.USBD_CDC_SetTxBuffer
                0x0000000008009a74       0x44 ./Middlewares/USB_Device_Library/usbd_cdc.o
                0x0000000008009a74                USBD_CDC_SetTxBuffer
 .text.USBD_CDC_SetRxBuffer
                0x0000000008009ab8       0x3a ./Middlewares/USB_Device_Library/usbd_cdc.o
                0x0000000008009ab8                USBD_CDC_SetRxBuffer
 *fill*         0x0000000008009af2        0x2 
 .text.USBD_CDC_TransmitPacket
                0x0000000008009af4       0x8c ./Middlewares/USB_Device_Library/usbd_cdc.o
                0x0000000008009af4                USBD_CDC_TransmitPacket
 .text.USBD_CDC_ReceivePacket
                0x0000000008009b80       0x6c ./Middlewares/USB_Device_Library/usbd_cdc.o
                0x0000000008009b80                USBD_CDC_ReceivePacket
 .text.USBD_Init
                0x0000000008009bec       0x60 ./Middlewares/USB_Device_Library/usbd_core.o
                0x0000000008009bec                USBD_Init
 .text.USBD_RegisterClass
                0x0000000008009c4c       0x6c ./Middlewares/USB_Device_Library/usbd_core.o
                0x0000000008009c4c                USBD_RegisterClass
 .text.USBD_Start
                0x0000000008009cb8       0x18 ./Middlewares/USB_Device_Library/usbd_core.o
                0x0000000008009cb8                USBD_Start
 .text.USBD_RunTestMode
                0x0000000008009cd0       0x16 ./Middlewares/USB_Device_Library/usbd_core.o
                0x0000000008009cd0                USBD_RunTestMode
 .text.USBD_SetClassConfig
                0x0000000008009ce6       0x38 ./Middlewares/USB_Device_Library/usbd_core.o
                0x0000000008009ce6                USBD_SetClassConfig
 .text.USBD_ClrClassConfig
                0x0000000008009d1e       0x34 ./Middlewares/USB_Device_Library/usbd_core.o
                0x0000000008009d1e                USBD_ClrClassConfig
 .text.USBD_LL_SetupStage
                0x0000000008009d52       0xaa ./Middlewares/USB_Device_Library/usbd_core.o
                0x0000000008009d52                USBD_LL_SetupStage
 .text.USBD_LL_DataOutStage
                0x0000000008009dfc      0x166 ./Middlewares/USB_Device_Library/usbd_core.o
                0x0000000008009dfc                USBD_LL_DataOutStage
 .text.USBD_LL_DataInStage
                0x0000000008009f62      0x164 ./Middlewares/USB_Device_Library/usbd_core.o
                0x0000000008009f62                USBD_LL_DataInStage
 .text.USBD_LL_Reset
                0x000000000800a0c6       0xa4 ./Middlewares/USB_Device_Library/usbd_core.o
                0x000000000800a0c6                USBD_LL_Reset
 .text.USBD_LL_SetSpeed
                0x000000000800a16a       0x20 ./Middlewares/USB_Device_Library/usbd_core.o
                0x000000000800a16a                USBD_LL_SetSpeed
 .text.USBD_LL_Suspend
                0x000000000800a18a       0x2c ./Middlewares/USB_Device_Library/usbd_core.o
                0x000000000800a18a                USBD_LL_Suspend
 .text.USBD_LL_Resume
                0x000000000800a1b6       0x30 ./Middlewares/USB_Device_Library/usbd_core.o
                0x000000000800a1b6                USBD_LL_Resume
 .text.USBD_LL_SOF
                0x000000000800a1e6       0x40 ./Middlewares/USB_Device_Library/usbd_core.o
                0x000000000800a1e6                USBD_LL_SOF
 .text.USBD_LL_IsoINIncomplete
                0x000000000800a226       0x64 ./Middlewares/USB_Device_Library/usbd_core.o
                0x000000000800a226                USBD_LL_IsoINIncomplete
 .text.USBD_LL_IsoOUTIncomplete
                0x000000000800a28a       0x64 ./Middlewares/USB_Device_Library/usbd_core.o
                0x000000000800a28a                USBD_LL_IsoOUTIncomplete
 .text.USBD_LL_DevConnected
                0x000000000800a2ee       0x16 ./Middlewares/USB_Device_Library/usbd_core.o
                0x000000000800a2ee                USBD_LL_DevConnected
 .text.USBD_LL_DevDisconnected
                0x000000000800a304       0x46 ./Middlewares/USB_Device_Library/usbd_core.o
                0x000000000800a304                USBD_LL_DevDisconnected
 .text.USBD_CoreFindIF
                0x000000000800a34a       0x1a ./Middlewares/USB_Device_Library/usbd_core.o
                0x000000000800a34a                USBD_CoreFindIF
 .text.USBD_CoreFindEP
                0x000000000800a364       0x1a ./Middlewares/USB_Device_Library/usbd_core.o
                0x000000000800a364                USBD_CoreFindEP
 .text.USBD_GetEpDesc
                0x000000000800a37e       0x74 ./Middlewares/USB_Device_Library/usbd_core.o
                0x000000000800a37e                USBD_GetEpDesc
 .text.USBD_GetNextDesc
                0x000000000800a3f2       0x3a ./Middlewares/USB_Device_Library/usbd_core.o
                0x000000000800a3f2                USBD_GetNextDesc
 .text.SWAPBYTE
                0x000000000800a42c       0x3c ./Middlewares/USB_Device_Library/usbd_ctlreq.o
 .text.USBD_StdDevReq
                0x000000000800a468       0xe4 ./Middlewares/USB_Device_Library/usbd_ctlreq.o
                0x000000000800a468                USBD_StdDevReq
 .text.USBD_StdItfReq
                0x000000000800a54c       0xd8 ./Middlewares/USB_Device_Library/usbd_ctlreq.o
                0x000000000800a54c                USBD_StdItfReq
 .text.USBD_StdEPReq
                0x000000000800a624      0x33a ./Middlewares/USB_Device_Library/usbd_ctlreq.o
                0x000000000800a624                USBD_StdEPReq
 *fill*         0x000000000800a95e        0x2 
 .text.USBD_GetDescriptor
                0x000000000800a960      0x2d4 ./Middlewares/USB_Device_Library/usbd_ctlreq.o
 .text.USBD_SetAddress
                0x000000000800ac34       0x88 ./Middlewares/USB_Device_Library/usbd_ctlreq.o
 .text.USBD_SetConfig
                0x000000000800acbc      0x154 ./Middlewares/USB_Device_Library/usbd_ctlreq.o
 .text.USBD_GetConfig
                0x000000000800ae10       0x6c ./Middlewares/USB_Device_Library/usbd_ctlreq.o
 .text.USBD_GetStatus
                0x000000000800ae7c       0x68 ./Middlewares/USB_Device_Library/usbd_ctlreq.o
 .text.USBD_SetFeature
                0x000000000800aee4       0x52 ./Middlewares/USB_Device_Library/usbd_ctlreq.o
 .text.USBD_ClrFeature
                0x000000000800af36       0x44 ./Middlewares/USB_Device_Library/usbd_ctlreq.o
 .text.USBD_ParseSetupRequest
                0x000000000800af7a       0x74 ./Middlewares/USB_Device_Library/usbd_ctlreq.o
                0x000000000800af7a                USBD_ParseSetupRequest
 .text.USBD_CtlError
                0x000000000800afee       0x22 ./Middlewares/USB_Device_Library/usbd_ctlreq.o
                0x000000000800afee                USBD_CtlError
 .text.USBD_GetString
                0x000000000800b010       0x8c ./Middlewares/USB_Device_Library/usbd_ctlreq.o
                0x000000000800b010                USBD_GetString
 .text.USBD_GetLen
                0x000000000800b09c       0x34 ./Middlewares/USB_Device_Library/usbd_ctlreq.o
 .text.USBD_CtlSendData
                0x000000000800b0d0       0x36 ./Middlewares/USB_Device_Library/usbd_ioreq.o
                0x000000000800b0d0                USBD_CtlSendData
 .text.USBD_CtlContinueSendData
                0x000000000800b106       0x22 ./Middlewares/USB_Device_Library/usbd_ioreq.o
                0x000000000800b106                USBD_CtlContinueSendData
 .text.USBD_CtlPrepareRx
                0x000000000800b128       0x3a ./Middlewares/USB_Device_Library/usbd_ioreq.o
                0x000000000800b128                USBD_CtlPrepareRx
 .text.USBD_CtlContinueRx
                0x000000000800b162       0x22 ./Middlewares/USB_Device_Library/usbd_ioreq.o
                0x000000000800b162                USBD_CtlContinueRx
 .text.USBD_CtlSendStatus
                0x000000000800b184       0x26 ./Middlewares/USB_Device_Library/usbd_ioreq.o
                0x000000000800b184                USBD_CtlSendStatus
 .text.USBD_CtlReceiveStatus
                0x000000000800b1aa       0x26 ./Middlewares/USB_Device_Library/usbd_ioreq.o
                0x000000000800b1aa                USBD_CtlReceiveStatus
 .text.MX_USB_DEVICE_Init
                0x000000000800b1d0       0x60 ./USB_DEVICE/App/usb_device.o
                0x000000000800b1d0                MX_USB_DEVICE_Init
 .text.CDC_Init_HS
                0x000000000800b230       0x28 ./USB_DEVICE/App/usbd_cdc_if.o
 .text.CDC_DeInit_HS
                0x000000000800b258       0x10 ./USB_DEVICE/App/usbd_cdc_if.o
 .text.CDC_Control_HS
                0x000000000800b268       0xbc ./USB_DEVICE/App/usbd_cdc_if.o
 .text.CDC_Receive_HS
                0x000000000800b324       0x28 ./USB_DEVICE/App/usbd_cdc_if.o
 .text.CDC_Transmit_HS
                0x000000000800b34c       0x4c ./USB_DEVICE/App/usbd_cdc_if.o
                0x000000000800b34c                CDC_Transmit_HS
 .text.CDC_TransmitCplt_HS
                0x000000000800b398       0x22 ./USB_DEVICE/App/usbd_cdc_if.o
 *fill*         0x000000000800b3ba        0x2 
 .text.USBD_HS_DeviceDescriptor
                0x000000000800b3bc       0x24 ./USB_DEVICE/App/usbd_desc.o
                0x000000000800b3bc                USBD_HS_DeviceDescriptor
 .text.USBD_HS_LangIDStrDescriptor
                0x000000000800b3e0       0x24 ./USB_DEVICE/App/usbd_desc.o
                0x000000000800b3e0                USBD_HS_LangIDStrDescriptor
 .text.USBD_HS_ProductStrDescriptor
                0x000000000800b404       0x3c ./USB_DEVICE/App/usbd_desc.o
                0x000000000800b404                USBD_HS_ProductStrDescriptor
 .text.USBD_HS_ManufacturerStrDescriptor
                0x000000000800b440       0x28 ./USB_DEVICE/App/usbd_desc.o
                0x000000000800b440                USBD_HS_ManufacturerStrDescriptor
 .text.USBD_HS_SerialStrDescriptor
                0x000000000800b468       0x24 ./USB_DEVICE/App/usbd_desc.o
                0x000000000800b468                USBD_HS_SerialStrDescriptor
 .text.USBD_HS_ConfigStrDescriptor
                0x000000000800b48c       0x3c ./USB_DEVICE/App/usbd_desc.o
                0x000000000800b48c                USBD_HS_ConfigStrDescriptor
 .text.USBD_HS_InterfaceStrDescriptor
                0x000000000800b4c8       0x3c ./USB_DEVICE/App/usbd_desc.o
                0x000000000800b4c8                USBD_HS_InterfaceStrDescriptor
 .text.Get_SerialNum
                0x000000000800b504       0x58 ./USB_DEVICE/App/usbd_desc.o
 .text.IntToUnicode
                0x000000000800b55c       0x7e ./USB_DEVICE/App/usbd_desc.o
 *fill*         0x000000000800b5da        0x2 
 .text.HAL_PCD_MspInit
                0x000000000800b5dc       0xa0 ./USB_DEVICE/Target/usbd_conf.o
                0x000000000800b5dc                HAL_PCD_MspInit
 .text.HAL_PCD_SetupStageCallback
                0x000000000800b67c       0x24 ./USB_DEVICE/Target/usbd_conf.o
                0x000000000800b67c                HAL_PCD_SetupStageCallback
 .text.HAL_PCD_DataOutStageCallback
                0x000000000800b6a0       0x36 ./USB_DEVICE/Target/usbd_conf.o
                0x000000000800b6a0                HAL_PCD_DataOutStageCallback
 .text.HAL_PCD_DataInStageCallback
                0x000000000800b6d6       0x34 ./USB_DEVICE/Target/usbd_conf.o
                0x000000000800b6d6                HAL_PCD_DataInStageCallback
 .text.HAL_PCD_SOFCallback
                0x000000000800b70a       0x1c ./USB_DEVICE/Target/usbd_conf.o
                0x000000000800b70a                HAL_PCD_SOFCallback
 .text.HAL_PCD_ResetCallback
                0x000000000800b726       0x50 ./USB_DEVICE/Target/usbd_conf.o
                0x000000000800b726                HAL_PCD_ResetCallback
 *fill*         0x000000000800b776        0x2 
 .text.HAL_PCD_SuspendCallback
                0x000000000800b778       0x4c ./USB_DEVICE/Target/usbd_conf.o
                0x000000000800b778                HAL_PCD_SuspendCallback
 .text.HAL_PCD_ResumeCallback
                0x000000000800b7c4       0x1c ./USB_DEVICE/Target/usbd_conf.o
                0x000000000800b7c4                HAL_PCD_ResumeCallback
 .text.HAL_PCD_ISOOUTIncompleteCallback
                0x000000000800b7e0       0x24 ./USB_DEVICE/Target/usbd_conf.o
                0x000000000800b7e0                HAL_PCD_ISOOUTIncompleteCallback
 .text.HAL_PCD_ISOINIncompleteCallback
                0x000000000800b804       0x24 ./USB_DEVICE/Target/usbd_conf.o
                0x000000000800b804                HAL_PCD_ISOINIncompleteCallback
 .text.HAL_PCD_ConnectCallback
                0x000000000800b828       0x1c ./USB_DEVICE/Target/usbd_conf.o
                0x000000000800b828                HAL_PCD_ConnectCallback
 .text.HAL_PCD_DisconnectCallback
                0x000000000800b844       0x1c ./USB_DEVICE/Target/usbd_conf.o
                0x000000000800b844                HAL_PCD_DisconnectCallback
 .text.USBD_LL_Init
                0x000000000800b860       0xa4 ./USB_DEVICE/Target/usbd_conf.o
                0x000000000800b860                USBD_LL_Init
 .text.USBD_LL_Start
                0x000000000800b904       0x36 ./USB_DEVICE/Target/usbd_conf.o
                0x000000000800b904                USBD_LL_Start
 .text.USBD_LL_OpenEP
                0x000000000800b93a       0x4c ./USB_DEVICE/Target/usbd_conf.o
                0x000000000800b93a                USBD_LL_OpenEP
 .text.USBD_LL_CloseEP
                0x000000000800b986       0x3e ./USB_DEVICE/Target/usbd_conf.o
                0x000000000800b986                USBD_LL_CloseEP
 .text.USBD_LL_StallEP
                0x000000000800b9c4       0x3e ./USB_DEVICE/Target/usbd_conf.o
                0x000000000800b9c4                USBD_LL_StallEP
 .text.USBD_LL_ClearStallEP
                0x000000000800ba02       0x3e ./USB_DEVICE/Target/usbd_conf.o
                0x000000000800ba02                USBD_LL_ClearStallEP
 .text.USBD_LL_IsStallEP
                0x000000000800ba40       0x58 ./USB_DEVICE/Target/usbd_conf.o
                0x000000000800ba40                USBD_LL_IsStallEP
 .text.USBD_LL_SetUSBAddress
                0x000000000800ba98       0x3e ./USB_DEVICE/Target/usbd_conf.o
                0x000000000800ba98                USBD_LL_SetUSBAddress
 .text.USBD_LL_Transmit
                0x000000000800bad6       0x42 ./USB_DEVICE/Target/usbd_conf.o
                0x000000000800bad6                USBD_LL_Transmit
 .text.USBD_LL_PrepareReceive
                0x000000000800bb18       0x42 ./USB_DEVICE/Target/usbd_conf.o
                0x000000000800bb18                USBD_LL_PrepareReceive
 .text.USBD_LL_GetRxDataSize
                0x000000000800bb5a       0x26 ./USB_DEVICE/Target/usbd_conf.o
                0x000000000800bb5a                USBD_LL_GetRxDataSize
 .text.USBD_static_malloc
                0x000000000800bb80       0x1c ./USB_DEVICE/Target/usbd_conf.o
                0x000000000800bb80                USBD_static_malloc
 .text.USBD_static_free
                0x000000000800bb9c       0x14 ./USB_DEVICE/Target/usbd_conf.o
                0x000000000800bb9c                USBD_static_free
 .text.USBD_Get_USB_Status
                0x000000000800bbb0       0x58 ./USB_DEVICE/Target/usbd_conf.o
                0x000000000800bbb0                USBD_Get_USB_Status
 .text.__errno  0x000000000800bc08        0xc k:/sofdwares/stm32/stm32cubeide_1.10.1/stm32cubeide/plugins/com.st.stm32cube.ide.mcu.externaltools.gnu-tools-for-stm32.10.3-2021.10.win32_1.0.0.202111181127/tools/bin/../lib/gcc/arm-none-eabi/10.3.1/../../../../arm-none-eabi/lib/thumb/v7e-m+fp/hard\libc_nano.a(lib_a-errno.o)
                0x000000000800bc08                __errno
 .text.__libc_init_array
                0x000000000800bc14       0x48 k:/sofdwares/stm32/stm32cubeide_1.10.1/stm32cubeide/plugins/com.st.stm32cube.ide.mcu.externaltools.gnu-tools-for-stm32.10.3-2021.10.win32_1.0.0.202111181127/tools/bin/../lib/gcc/arm-none-eabi/10.3.1/../../../../arm-none-eabi/lib/thumb/v7e-m+fp/hard\libc_nano.a(lib_a-init.o)
                0x000000000800bc14                __libc_init_array
 .text.memset   0x000000000800bc5c       0x10 k:/sofdwares/stm32/stm32cubeide_1.10.1/stm32cubeide/plugins/com.st.stm32cube.ide.mcu.externaltools.gnu-tools-for-stm32.10.3-2021.10.win32_1.0.0.202111181127/tools/bin/../lib/gcc/arm-none-eabi/10.3.1/../../../../arm-none-eabi/lib/thumb/v7e-m+fp/hard\libc_nano.a(lib_a-memset.o)
                0x000000000800bc5c                memset
 .text.__cvt    0x000000000800bc6c       0xc4 k:/sofdwares/stm32/stm32cubeide_1.10.1/stm32cubeide/plugins/com.st.stm32cube.ide.mcu.externaltools.gnu-tools-for-stm32.10.3-2021.10.win32_1.0.0.202111181127/tools/bin/../lib/gcc/arm-none-eabi/10.3.1/../../../../arm-none-eabi/lib/thumb/v7e-m+fp/hard\libc_nano.a(lib_a-nano-vfprintf_float.o)
                0x000000000800bc6c                __cvt
 .text.__exponent
                0x000000000800bd30       0x7c k:/sofdwares/stm32/stm32cubeide_1.10.1/stm32cubeide/plugins/com.st.stm32cube.ide.mcu.externaltools.gnu-tools-for-stm32.10.3-2021.10.win32_1.0.0.202111181127/tools/bin/../lib/gcc/arm-none-eabi/10.3.1/../../../../arm-none-eabi/lib/thumb/v7e-m+fp/hard\libc_nano.a(lib_a-nano-vfprintf_float.o)
                0x000000000800bd30                __exponent
 .text._printf_float
                0x000000000800bdac      0x46c k:/sofdwares/stm32/stm32cubeide_1.10.1/stm32cubeide/plugins/com.st.stm32cube.ide.mcu.externaltools.gnu-tools-for-stm32.10.3-2021.10.win32_1.0.0.202111181127/tools/bin/../lib/gcc/arm-none-eabi/10.3.1/../../../../arm-none-eabi/lib/thumb/v7e-m+fp/hard\libc_nano.a(lib_a-nano-vfprintf_float.o)
                0x000000000800bdac                _printf_float
 .text._printf_common
                0x000000000800c218       0xda k:/sofdwares/stm32/stm32cubeide_1.10.1/stm32cubeide/plugins/com.st.stm32cube.ide.mcu.externaltools.gnu-tools-for-stm32.10.3-2021.10.win32_1.0.0.202111181127/tools/bin/../lib/gcc/arm-none-eabi/10.3.1/../../../../arm-none-eabi/lib/thumb/v7e-m+fp/hard\libc_nano.a(lib_a-nano-vfprintf_i.o)
                0x000000000800c218                _printf_common
 *fill*         0x000000000800c2f2        0x2 
 .text._printf_i
                0x000000000800c2f4      0x24c k:/sofdwares/stm32/stm32cubeide_1.10.1/stm32cubeide/plugins/com.st.stm32cube.ide.mcu.externaltools.gnu-tools-for-stm32.10.3-2021.10.win32_1.0.0.202111181127/tools/bin/../lib/gcc/arm-none-eabi/10.3.1/../../../../arm-none-eabi/lib/thumb/v7e-m+fp/hard\libc_nano.a(lib_a-nano-vfprintf_i.o)
                0x000000000800c2f4                _printf_i
 .text.sprintf  0x000000000800c540       0x40 k:/sofdwares/stm32/stm32cubeide_1.10.1/stm32cubeide/plugins/com.st.stm32cube.ide.mcu.externaltools.gnu-tools-for-stm32.10.3-2021.10.win32_1.0.0.202111181127/tools/bin/../lib/gcc/arm-none-eabi/10.3.1/../../../../arm-none-eabi/lib/thumb/v7e-m+fp/hard\libc_nano.a(lib_a-sprintf.o)
                0x000000000800c540                siprintf
                0x000000000800c540                sprintf
 .text.quorem   0x000000000800c580      0x116 k:/sofdwares/stm32/stm32cubeide_1.10.1/stm32cubeide/plugins/com.st.stm32cube.ide.mcu.externaltools.gnu-tools-for-stm32.10.3-2021.10.win32_1.0.0.202111181127/tools/bin/../lib/gcc/arm-none-eabi/10.3.1/../../../../arm-none-eabi/lib/thumb/v7e-m+fp/hard\libc_nano.a(lib_a-dtoa.o)
 *fill*         0x000000000800c696        0x2 
 .text._dtoa_r  0x000000000800c698      0xbdc k:/sofdwares/stm32/stm32cubeide_1.10.1/stm32cubeide/plugins/com.st.stm32cube.ide.mcu.externaltools.gnu-tools-for-stm32.10.3-2021.10.win32_1.0.0.202111181127/tools/bin/../lib/gcc/arm-none-eabi/10.3.1/../../../../arm-none-eabi/lib/thumb/v7e-m+fp/hard\libc_nano.a(lib_a-dtoa.o)
                0x000000000800c698                _dtoa_r
 .text._localeconv_r
                0x000000000800d274        0x8 k:/sofdwares/stm32/stm32cubeide_1.10.1/stm32cubeide/plugins/com.st.stm32cube.ide.mcu.externaltools.gnu-tools-for-stm32.10.3-2021.10.win32_1.0.0.202111181127/tools/bin/../lib/gcc/arm-none-eabi/10.3.1/../../../../arm-none-eabi/lib/thumb/v7e-m+fp/hard\libc_nano.a(lib_a-localeconv.o)
                0x000000000800d274                _localeconv_r
 .text.malloc   0x000000000800d27c       0x10 k:/sofdwares/stm32/stm32cubeide_1.10.1/stm32cubeide/plugins/com.st.stm32cube.ide.mcu.externaltools.gnu-tools-for-stm32.10.3-2021.10.win32_1.0.0.202111181127/tools/bin/../lib/gcc/arm-none-eabi/10.3.1/../../../../arm-none-eabi/lib/thumb/v7e-m+fp/hard\libc_nano.a(lib_a-malloc.o)
                0x000000000800d27c                malloc
 .text.memcpy   0x000000000800d28c       0x1c k:/sofdwares/stm32/stm32cubeide_1.10.1/stm32cubeide/plugins/com.st.stm32cube.ide.mcu.externaltools.gnu-tools-for-stm32.10.3-2021.10.win32_1.0.0.202111181127/tools/bin/../lib/gcc/arm-none-eabi/10.3.1/../../../../arm-none-eabi/lib/thumb/v7e-m+fp/hard\libc_nano.a(lib_a-memcpy-stub.o)
                0x000000000800d28c                memcpy
 .text._Balloc  0x000000000800d2a8       0x80 k:/sofdwares/stm32/stm32cubeide_1.10.1/stm32cubeide/plugins/com.st.stm32cube.ide.mcu.externaltools.gnu-tools-for-stm32.10.3-2021.10.win32_1.0.0.202111181127/tools/bin/../lib/gcc/arm-none-eabi/10.3.1/../../../../arm-none-eabi/lib/thumb/v7e-m+fp/hard\libc_nano.a(lib_a-mprec.o)
                0x000000000800d2a8                _Balloc
 .text._Bfree   0x000000000800d328       0x44 k:/sofdwares/stm32/stm32cubeide_1.10.1/stm32cubeide/plugins/com.st.stm32cube.ide.mcu.externaltools.gnu-tools-for-stm32.10.3-2021.10.win32_1.0.0.202111181127/tools/bin/../lib/gcc/arm-none-eabi/10.3.1/../../../../arm-none-eabi/lib/thumb/v7e-m+fp/hard\libc_nano.a(lib_a-mprec.o)
                0x000000000800d328                _Bfree
 .text.__multadd
                0x000000000800d36c       0x8c k:/sofdwares/stm32/stm32cubeide_1.10.1/stm32cubeide/plugins/com.st.stm32cube.ide.mcu.externaltools.gnu-tools-for-stm32.10.3-2021.10.win32_1.0.0.202111181127/tools/bin/../lib/gcc/arm-none-eabi/10.3.1/../../../../arm-none-eabi/lib/thumb/v7e-m+fp/hard\libc_nano.a(lib_a-mprec.o)
                0x000000000800d36c                __multadd
 .text.__hi0bits
                0x000000000800d3f8       0x40 k:/sofdwares/stm32/stm32cubeide_1.10.1/stm32cubeide/plugins/com.st.stm32cube.ide.mcu.externaltools.gnu-tools-for-stm32.10.3-2021.10.win32_1.0.0.202111181127/tools/bin/../lib/gcc/arm-none-eabi/10.3.1/../../../../arm-none-eabi/lib/thumb/v7e-m+fp/hard\libc_nano.a(lib_a-mprec.o)
                0x000000000800d3f8                __hi0bits
 .text.__lo0bits
                0x000000000800d438       0x5e k:/sofdwares/stm32/stm32cubeide_1.10.1/stm32cubeide/plugins/com.st.stm32cube.ide.mcu.externaltools.gnu-tools-for-stm32.10.3-2021.10.win32_1.0.0.202111181127/tools/bin/../lib/gcc/arm-none-eabi/10.3.1/../../../../arm-none-eabi/lib/thumb/v7e-m+fp/hard\libc_nano.a(lib_a-mprec.o)
                0x000000000800d438                __lo0bits
 *fill*         0x000000000800d496        0x2 
 .text.__i2b    0x000000000800d498       0x2c k:/sofdwares/stm32/stm32cubeide_1.10.1/stm32cubeide/plugins/com.st.stm32cube.ide.mcu.externaltools.gnu-tools-for-stm32.10.3-2021.10.win32_1.0.0.202111181127/tools/bin/../lib/gcc/arm-none-eabi/10.3.1/../../../../arm-none-eabi/lib/thumb/v7e-m+fp/hard\libc_nano.a(lib_a-mprec.o)
                0x000000000800d498                __i2b
 .text.__multiply
                0x000000000800d4c4      0x154 k:/sofdwares/stm32/stm32cubeide_1.10.1/stm32cubeide/plugins/com.st.stm32cube.ide.mcu.externaltools.gnu-tools-for-stm32.10.3-2021.10.win32_1.0.0.202111181127/tools/bin/../lib/gcc/arm-none-eabi/10.3.1/../../../../arm-none-eabi/lib/thumb/v7e-m+fp/hard\libc_nano.a(lib_a-mprec.o)
                0x000000000800d4c4                __multiply
 .text.__pow5mult
                0x000000000800d618       0xb4 k:/sofdwares/stm32/stm32cubeide_1.10.1/stm32cubeide/plugins/com.st.stm32cube.ide.mcu.externaltools.gnu-tools-for-stm32.10.3-2021.10.win32_1.0.0.202111181127/tools/bin/../lib/gcc/arm-none-eabi/10.3.1/../../../../arm-none-eabi/lib/thumb/v7e-m+fp/hard\libc_nano.a(lib_a-mprec.o)
                0x000000000800d618                __pow5mult
 .text.__lshift
                0x000000000800d6cc       0xe0 k:/sofdwares/stm32/stm32cubeide_1.10.1/stm32cubeide/plugins/com.st.stm32cube.ide.mcu.externaltools.gnu-tools-for-stm32.10.3-2021.10.win32_1.0.0.202111181127/tools/bin/../lib/gcc/arm-none-eabi/10.3.1/../../../../arm-none-eabi/lib/thumb/v7e-m+fp/hard\libc_nano.a(lib_a-mprec.o)
                0x000000000800d6cc                __lshift
 .text.__mcmp   0x000000000800d7ac       0x38 k:/sofdwares/stm32/stm32cubeide_1.10.1/stm32cubeide/plugins/com.st.stm32cube.ide.mcu.externaltools.gnu-tools-for-stm32.10.3-2021.10.win32_1.0.0.202111181127/tools/bin/../lib/gcc/arm-none-eabi/10.3.1/../../../../arm-none-eabi/lib/thumb/v7e-m+fp/hard\libc_nano.a(lib_a-mprec.o)
                0x000000000800d7ac                __mcmp
 .text.__mdiff  0x000000000800d7e4      0x114 k:/sofdwares/stm32/stm32cubeide_1.10.1/stm32cubeide/plugins/com.st.stm32cube.ide.mcu.externaltools.gnu-tools-for-stm32.10.3-2021.10.win32_1.0.0.202111181127/tools/bin/../lib/gcc/arm-none-eabi/10.3.1/../../../../arm-none-eabi/lib/thumb/v7e-m+fp/hard\libc_nano.a(lib_a-mprec.o)
                0x000000000800d7e4                __mdiff
 .text.__d2b    0x000000000800d8f8       0xb8 k:/sofdwares/stm32/stm32cubeide_1.10.1/stm32cubeide/plugins/com.st.stm32cube.ide.mcu.externaltools.gnu-tools-for-stm32.10.3-2021.10.win32_1.0.0.202111181127/tools/bin/../lib/gcc/arm-none-eabi/10.3.1/../../../../arm-none-eabi/lib/thumb/v7e-m+fp/hard\libc_nano.a(lib_a-mprec.o)
                0x000000000800d8f8                __d2b
 .text._calloc_r
                0x000000000800d9b0       0x2c k:/sofdwares/stm32/stm32cubeide_1.10.1/stm32cubeide/plugins/com.st.stm32cube.ide.mcu.externaltools.gnu-tools-for-stm32.10.3-2021.10.win32_1.0.0.202111181127/tools/bin/../lib/gcc/arm-none-eabi/10.3.1/../../../../arm-none-eabi/lib/thumb/v7e-m+fp/hard\libc_nano.a(lib_a-nano-callocr.o)
                0x000000000800d9b0                _calloc_r
 .text._free_r  0x000000000800d9dc       0x98 k:/sofdwares/stm32/stm32cubeide_1.10.1/stm32cubeide/plugins/com.st.stm32cube.ide.mcu.externaltools.gnu-tools-for-stm32.10.3-2021.10.win32_1.0.0.202111181127/tools/bin/../lib/gcc/arm-none-eabi/10.3.1/../../../../arm-none-eabi/lib/thumb/v7e-m+fp/hard\libc_nano.a(lib_a-nano-freer.o)
                0x000000000800d9dc                _free_r
 .text.sbrk_aligned
                0x000000000800da74       0x40 k:/sofdwares/stm32/stm32cubeide_1.10.1/stm32cubeide/plugins/com.st.stm32cube.ide.mcu.externaltools.gnu-tools-for-stm32.10.3-2021.10.win32_1.0.0.202111181127/tools/bin/../lib/gcc/arm-none-eabi/10.3.1/../../../../arm-none-eabi/lib/thumb/v7e-m+fp/hard\libc_nano.a(lib_a-nano-mallocr.o)
 .text._malloc_r
                0x000000000800dab4       0xe8 k:/sofdwares/stm32/stm32cubeide_1.10.1/stm32cubeide/plugins/com.st.stm32cube.ide.mcu.externaltools.gnu-tools-for-stm32.10.3-2021.10.win32_1.0.0.202111181127/tools/bin/../lib/gcc/arm-none-eabi/10.3.1/../../../../arm-none-eabi/lib/thumb/v7e-m+fp/hard\libc_nano.a(lib_a-nano-mallocr.o)
                0x000000000800dab4                _malloc_r
 .text.__ssputs_r
                0x000000000800db9c       0xb6 k:/sofdwares/stm32/stm32cubeide_1.10.1/stm32cubeide/plugins/com.st.stm32cube.ide.mcu.externaltools.gnu-tools-for-stm32.10.3-2021.10.win32_1.0.0.202111181127/tools/bin/../lib/gcc/arm-none-eabi/10.3.1/../../../../arm-none-eabi/lib/thumb/v7e-m+fp/hard\libc_nano.a(lib_a-nano-svfprintf.o)
                0x000000000800db9c                __ssputs_r
 *fill*         0x000000000800dc52        0x2 
 .text._svfprintf_r
                0x000000000800dc54      0x200 k:/sofdwares/stm32/stm32cubeide_1.10.1/stm32cubeide/plugins/com.st.stm32cube.ide.mcu.externaltools.gnu-tools-for-stm32.10.3-2021.10.win32_1.0.0.202111181127/tools/bin/../lib/gcc/arm-none-eabi/10.3.1/../../../../arm-none-eabi/lib/thumb/v7e-m+fp/hard\libc_nano.a(lib_a-nano-svfprintf.o)
                0x000000000800dc54                _svfiprintf_r
                0x000000000800dc54                _svfprintf_r
 .text._sbrk_r  0x000000000800de54       0x20 k:/sofdwares/stm32/stm32cubeide_1.10.1/stm32cubeide/plugins/com.st.stm32cube.ide.mcu.externaltools.gnu-tools-for-stm32.10.3-2021.10.win32_1.0.0.202111181127/tools/bin/../lib/gcc/arm-none-eabi/10.3.1/../../../../arm-none-eabi/lib/thumb/v7e-m+fp/hard\libc_nano.a(lib_a-sbrkr.o)
                0x000000000800de54                _sbrk_r
 .text.__assert_func
                0x000000000800de74       0x3c k:/sofdwares/stm32/stm32cubeide_1.10.1/stm32cubeide/plugins/com.st.stm32cube.ide.mcu.externaltools.gnu-tools-for-stm32.10.3-2021.10.win32_1.0.0.202111181127/tools/bin/../lib/gcc/arm-none-eabi/10.3.1/../../../../arm-none-eabi/lib/thumb/v7e-m+fp/hard\libc_nano.a(lib_a-assert.o)
                0x000000000800de74                __assert_func
 .text.fprintf  0x000000000800deb0       0x24 k:/sofdwares/stm32/stm32cubeide_1.10.1/stm32cubeide/plugins/com.st.stm32cube.ide.mcu.externaltools.gnu-tools-for-stm32.10.3-2021.10.win32_1.0.0.202111181127/tools/bin/../lib/gcc/arm-none-eabi/10.3.1/../../../../arm-none-eabi/lib/thumb/v7e-m+fp/hard\libc_nano.a(lib_a-fprintf.o)
                0x000000000800deb0                fiprintf
                0x000000000800deb0                fprintf
 .text.__ascii_mbtowc
                0x000000000800ded4       0x24 k:/sofdwares/stm32/stm32cubeide_1.10.1/stm32cubeide/plugins/com.st.stm32cube.ide.mcu.externaltools.gnu-tools-for-stm32.10.3-2021.10.win32_1.0.0.202111181127/tools/bin/../lib/gcc/arm-none-eabi/10.3.1/../../../../arm-none-eabi/lib/thumb/v7e-m+fp/hard\libc_nano.a(lib_a-mbtowc_r.o)
                0x000000000800ded4                __ascii_mbtowc
 .text.memmove  0x000000000800def8       0x34 k:/sofdwares/stm32/stm32cubeide_1.10.1/stm32cubeide/plugins/com.st.stm32cube.ide.mcu.externaltools.gnu-tools-for-stm32.10.3-2021.10.win32_1.0.0.202111181127/tools/bin/../lib/gcc/arm-none-eabi/10.3.1/../../../../arm-none-eabi/lib/thumb/v7e-m+fp/hard\libc_nano.a(lib_a-memmove.o)
                0x000000000800def8                memmove
 .text.__malloc_lock
                0x000000000800df2c        0xc k:/sofdwares/stm32/stm32cubeide_1.10.1/stm32cubeide/plugins/com.st.stm32cube.ide.mcu.externaltools.gnu-tools-for-stm32.10.3-2021.10.win32_1.0.0.202111181127/tools/bin/../lib/gcc/arm-none-eabi/10.3.1/../../../../arm-none-eabi/lib/thumb/v7e-m+fp/hard\libc_nano.a(lib_a-mlock.o)
                0x000000000800df2c                __malloc_lock
 .text.__malloc_unlock
                0x000000000800df38        0xc k:/sofdwares/stm32/stm32cubeide_1.10.1/stm32cubeide/plugins/com.st.stm32cube.ide.mcu.externaltools.gnu-tools-for-stm32.10.3-2021.10.win32_1.0.0.202111181127/tools/bin/../lib/gcc/arm-none-eabi/10.3.1/../../../../arm-none-eabi/lib/thumb/v7e-m+fp/hard\libc_nano.a(lib_a-mlock.o)
                0x000000000800df38                __malloc_unlock
 .text._realloc_r
                0x000000000800df44       0x5e k:/sofdwares/stm32/stm32cubeide_1.10.1/stm32cubeide/plugins/com.st.stm32cube.ide.mcu.externaltools.gnu-tools-for-stm32.10.3-2021.10.win32_1.0.0.202111181127/tools/bin/../lib/gcc/arm-none-eabi/10.3.1/../../../../arm-none-eabi/lib/thumb/v7e-m+fp/hard\libc_nano.a(lib_a-nano-reallocr.o)
                0x000000000800df44                _realloc_r
 .text.__sfputc_r
                0x000000000800dfa2       0x2e k:/sofdwares/stm32/stm32cubeide_1.10.1/stm32cubeide/plugins/com.st.stm32cube.ide.mcu.externaltools.gnu-tools-for-stm32.10.3-2021.10.win32_1.0.0.202111181127/tools/bin/../lib/gcc/arm-none-eabi/10.3.1/../../../../arm-none-eabi/lib/thumb/v7e-m+fp/hard\libc_nano.a(lib_a-nano-vfprintf.o)
 .text.__sfputs_r
                0x000000000800dfd0       0x24 k:/sofdwares/stm32/stm32cubeide_1.10.1/stm32cubeide/plugins/com.st.stm32cube.ide.mcu.externaltools.gnu-tools-for-stm32.10.3-2021.10.win32_1.0.0.202111181127/tools/bin/../lib/gcc/arm-none-eabi/10.3.1/../../../../arm-none-eabi/lib/thumb/v7e-m+fp/hard\libc_nano.a(lib_a-nano-vfprintf.o)
                0x000000000800dfd0                __sfputs_r
 .text._vfprintf_r
                0x000000000800dff4      0x260 k:/sofdwares/stm32/stm32cubeide_1.10.1/stm32cubeide/plugins/com.st.stm32cube.ide.mcu.externaltools.gnu-tools-for-stm32.10.3-2021.10.win32_1.0.0.202111181127/tools/bin/../lib/gcc/arm-none-eabi/10.3.1/../../../../arm-none-eabi/lib/thumb/v7e-m+fp/hard\libc_nano.a(lib_a-nano-vfprintf.o)
                0x000000000800dff4                _vfprintf_r
                0x000000000800dff4                _vfiprintf_r
 .text.__swbuf_r
                0x000000000800e254       0xa4 k:/sofdwares/stm32/stm32cubeide_1.10.1/stm32cubeide/plugins/com.st.stm32cube.ide.mcu.externaltools.gnu-tools-for-stm32.10.3-2021.10.win32_1.0.0.202111181127/tools/bin/../lib/gcc/arm-none-eabi/10.3.1/../../../../arm-none-eabi/lib/thumb/v7e-m+fp/hard\libc_nano.a(lib_a-wbuf.o)
                0x000000000800e254                __swbuf_r
 .text.__ascii_wctomb
                0x000000000800e2f8       0x1a k:/sofdwares/stm32/stm32cubeide_1.10.1/stm32cubeide/plugins/com.st.stm32cube.ide.mcu.externaltools.gnu-tools-for-stm32.10.3-2021.10.win32_1.0.0.202111181127/tools/bin/../lib/gcc/arm-none-eabi/10.3.1/../../../../arm-none-eabi/lib/thumb/v7e-m+fp/hard\libc_nano.a(lib_a-wctomb_r.o)
                0x000000000800e2f8                __ascii_wctomb
 *fill*         0x000000000800e312        0x2 
 .text.__swsetup_r
                0x000000000800e314       0xdc k:/sofdwares/stm32/stm32cubeide_1.10.1/stm32cubeide/plugins/com.st.stm32cube.ide.mcu.externaltools.gnu-tools-for-stm32.10.3-2021.10.win32_1.0.0.202111181127/tools/bin/../lib/gcc/arm-none-eabi/10.3.1/../../../../arm-none-eabi/lib/thumb/v7e-m+fp/hard\libc_nano.a(lib_a-wsetup.o)
                0x000000000800e314                __swsetup_r
 .text.abort    0x000000000800e3f0        0xe k:/sofdwares/stm32/stm32cubeide_1.10.1/stm32cubeide/plugins/com.st.stm32cube.ide.mcu.externaltools.gnu-tools-for-stm32.10.3-2021.10.win32_1.0.0.202111181127/tools/bin/../lib/gcc/arm-none-eabi/10.3.1/../../../../arm-none-eabi/lib/thumb/v7e-m+fp/hard\libc_nano.a(lib_a-abort.o)
                0x000000000800e3f0                abort
 *fill*         0x000000000800e3fe        0x2 
 .text.__sflush_r
                0x000000000800e400      0x10c k:/sofdwares/stm32/stm32cubeide_1.10.1/stm32cubeide/plugins/com.st.stm32cube.ide.mcu.externaltools.gnu-tools-for-stm32.10.3-2021.10.win32_1.0.0.202111181127/tools/bin/../lib/gcc/arm-none-eabi/10.3.1/../../../../arm-none-eabi/lib/thumb/v7e-m+fp/hard\libc_nano.a(lib_a-fflush.o)
                0x000000000800e400                __sflush_r
 .text._fflush_r
                0x000000000800e50c       0x78 k:/sofdwares/stm32/stm32cubeide_1.10.1/stm32cubeide/plugins/com.st.stm32cube.ide.mcu.externaltools.gnu-tools-for-stm32.10.3-2021.10.win32_1.0.0.202111181127/tools/bin/../lib/gcc/arm-none-eabi/10.3.1/../../../../arm-none-eabi/lib/thumb/v7e-m+fp/hard\libc_nano.a(lib_a-fflush.o)
                0x000000000800e50c                _fflush_r
 .text.std      0x000000000800e584       0x48 k:/sofdwares/stm32/stm32cubeide_1.10.1/stm32cubeide/plugins/com.st.stm32cube.ide.mcu.externaltools.gnu-tools-for-stm32.10.3-2021.10.win32_1.0.0.202111181127/tools/bin/../lib/gcc/arm-none-eabi/10.3.1/../../../../arm-none-eabi/lib/thumb/v7e-m+fp/hard\libc_nano.a(lib_a-findfp.o)
 .text._cleanup_r
                0x000000000800e5cc        0xc k:/sofdwares/stm32/stm32cubeide_1.10.1/stm32cubeide/plugins/com.st.stm32cube.ide.mcu.externaltools.gnu-tools-for-stm32.10.3-2021.10.win32_1.0.0.202111181127/tools/bin/../lib/gcc/arm-none-eabi/10.3.1/../../../../arm-none-eabi/lib/thumb/v7e-m+fp/hard\libc_nano.a(lib_a-findfp.o)
                0x000000000800e5cc                _cleanup_r
 .text.__sfmoreglue
                0x000000000800e5d8       0x2c k:/sofdwares/stm32/stm32cubeide_1.10.1/stm32cubeide/plugins/com.st.stm32cube.ide.mcu.externaltools.gnu-tools-for-stm32.10.3-2021.10.win32_1.0.0.202111181127/tools/bin/../lib/gcc/arm-none-eabi/10.3.1/../../../../arm-none-eabi/lib/thumb/v7e-m+fp/hard\libc_nano.a(lib_a-findfp.o)
                0x000000000800e5d8                __sfmoreglue
 .text.__sfp_lock_acquire
                0x000000000800e604        0xc k:/sofdwares/stm32/stm32cubeide_1.10.1/stm32cubeide/plugins/com.st.stm32cube.ide.mcu.externaltools.gnu-tools-for-stm32.10.3-2021.10.win32_1.0.0.202111181127/tools/bin/../lib/gcc/arm-none-eabi/10.3.1/../../../../arm-none-eabi/lib/thumb/v7e-m+fp/hard\libc_nano.a(lib_a-findfp.o)
                0x000000000800e604                __sfp_lock_acquire
 .text.__sfp_lock_release
                0x000000000800e610        0xc k:/sofdwares/stm32/stm32cubeide_1.10.1/stm32cubeide/plugins/com.st.stm32cube.ide.mcu.externaltools.gnu-tools-for-stm32.10.3-2021.10.win32_1.0.0.202111181127/tools/bin/../lib/gcc/arm-none-eabi/10.3.1/../../../../arm-none-eabi/lib/thumb/v7e-m+fp/hard\libc_nano.a(lib_a-findfp.o)
                0x000000000800e610                __sfp_lock_release
 .text.__sinit_lock_acquire
                0x000000000800e61c        0xc k:/sofdwares/stm32/stm32cubeide_1.10.1/stm32cubeide/plugins/com.st.stm32cube.ide.mcu.externaltools.gnu-tools-for-stm32.10.3-2021.10.win32_1.0.0.202111181127/tools/bin/../lib/gcc/arm-none-eabi/10.3.1/../../../../arm-none-eabi/lib/thumb/v7e-m+fp/hard\libc_nano.a(lib_a-findfp.o)
                0x000000000800e61c                __sinit_lock_acquire
 .text.__sinit_lock_release
                0x000000000800e628        0xc k:/sofdwares/stm32/stm32cubeide_1.10.1/stm32cubeide/plugins/com.st.stm32cube.ide.mcu.externaltools.gnu-tools-for-stm32.10.3-2021.10.win32_1.0.0.202111181127/tools/bin/../lib/gcc/arm-none-eabi/10.3.1/../../../../arm-none-eabi/lib/thumb/v7e-m+fp/hard\libc_nano.a(lib_a-findfp.o)
                0x000000000800e628                __sinit_lock_release
 .text.__sinit  0x000000000800e634       0x70 k:/sofdwares/stm32/stm32cubeide_1.10.1/stm32cubeide/plugins/com.st.stm32cube.ide.mcu.externaltools.gnu-tools-for-stm32.10.3-2021.10.win32_1.0.0.202111181127/tools/bin/../lib/gcc/arm-none-eabi/10.3.1/../../../../arm-none-eabi/lib/thumb/v7e-m+fp/hard\libc_nano.a(lib_a-findfp.o)
                0x000000000800e634                __sinit
 .text.__sfp    0x000000000800e6a4       0x8c k:/sofdwares/stm32/stm32cubeide_1.10.1/stm32cubeide/plugins/com.st.stm32cube.ide.mcu.externaltools.gnu-tools-for-stm32.10.3-2021.10.win32_1.0.0.202111181127/tools/bin/../lib/gcc/arm-none-eabi/10.3.1/../../../../arm-none-eabi/lib/thumb/v7e-m+fp/hard\libc_nano.a(lib_a-findfp.o)
                0x000000000800e6a4                __sfp
 .text._fwalk_reent
                0x000000000800e730       0x3e k:/sofdwares/stm32/stm32cubeide_1.10.1/stm32cubeide/plugins/com.st.stm32cube.ide.mcu.externaltools.gnu-tools-for-stm32.10.3-2021.10.win32_1.0.0.202111181127/tools/bin/../lib/gcc/arm-none-eabi/10.3.1/../../../../arm-none-eabi/lib/thumb/v7e-m+fp/hard\libc_nano.a(lib_a-fwalk.o)
                0x000000000800e730                _fwalk_reent
 .text.__retarget_lock_init_recursive